04-21 00:52:58.680  2765  2765 E [binder][0x2189ba3f39ab][19:23:11.403282] qca6750: [2765:E:HDD] __wlan_hdd_cfg80211_stats_ext_request: Failed to get hw stats: 6
04-21 00:52:59.094  1567  1567 E audit   : rate limit exceeded
04-21 00:53:11.865  3245  4624 E ActivityTaskManager: Unable to get servicetracker HAL instance
04-21 00:53:11.909  3245  3790 E HandwritingModeController: Cannot get requestId: Handwriting was not initialized.
04-21 00:52:59.591 23782 23782 E spi_geni a80000.spi: spi_geni_runtime_suspend: 0 ---1end ctlr->queue = 1 ctlr->busy = 0 ctlr->running = 1
04-21 00:53:12.959  3245  3887 E TransitionChain: Can't collect into a chain with no transition
04-21 00:53:00.237 23782 23782 E spi_geni a80000.spi: spi_geni_runtime_suspend: 0 ---1end ctlr->queue = 1 ctlr->busy = 0 ctlr->running = 1
04-21 00:53:12.968  3245  3381 E ActivityTaskManager: Unable to get servicetracker HAL instance
04-21 00:53:12.971  3245  3381 E ActivityTaskManager: Unable to get servicetracker HAL instance
04-21 00:53:12.979  3245  3887 E ActivityTaskManager: Unable to get servicetracker HAL instance
04-21 00:53:12.980  3245  3887 E ActivityTaskManager: Unable to get servicetracker HAL instance
04-21 00:53:12.983  3245  3887 E ActivityTaskManager: Unable to get servicetracker HAL instance
04-21 00:53:12.984  3245  3887 E ActivityTaskManager: Unable to get servicetracker HAL instance
04-21 00:53:13.023  3245  3265 E ActivityTaskManager: Unable to get servicetracker HAL instance
04-21 00:53:13.023  3245  3265 E ActivityTaskManager: Unable to get servicetracker HAL instance
04-21 00:53:00.683  2765  2765 E [binder][0x2189bc89c45f][19:23:13.405344] qca6750: [2765:E:DP] dp_request_rx_hw_stats: Stats already requested
04-21 00:53:00.683  2765  2765 E [binder][0x2189bc89c838][19:23:13.405396] qca6750: [2765:E:HDD] __wlan_hdd_cfg80211_stats_ext_request: Failed to get hw stats: 6
04-21 00:53:01.146 23782 23782 E spi_geni a80000.spi: spi_geni_runtime_suspend: 0 ---1end ctlr->queue = 1 ctlr->busy = 0 ctlr->running = 1
04-21 00:53:01.657 23782 23782 E spi_geni a80000.spi: spi_geni_runtime_suspend: 0 ---1end ctlr->queue = 1 ctlr->busy = 0 ctlr->running = 1
04-21 00:53:02.162 23782 23782 E spi_geni a80000.spi: spi_geni_runtime_suspend: 0 ---1end ctlr->queue = 1 ctlr->busy = 0 ctlr->running = 1
04-21 00:53:02.686  2765  2765 E [binder][0x2189bed4d1f2][19:23:15.409152] qca6750: [2765:E:DP] dp_request_rx_hw_stats: Stats already requested
04-21 00:53:02.687  2765  2765 E [binder][0x2189bed4e7c1][19:23:15.409443] qca6750: [2765:E:HDD] __wlan_hdd_cfg80211_stats_ext_request: Failed to get hw stats: 6
04-21 00:53:15.565  3245  5083 E ActivityTaskManager: Unable to get servicetracker HAL instance
04-21 00:53:15.566  3245  5083 E ActivityTaskManager: Unable to get servicetracker HAL instance
04-21 00:53:15.586  3245  5083 E ActivityTaskManager: Unable to get servicetracker HAL instance
04-21 00:53:15.605  3245  4624 E ActivityTaskManager: Unable to get servicetracker HAL instance
04-21 00:53:15.816  3245  6768 E ActivityTaskManager: Unable to get servicetracker HAL instance
04-21 00:53:03.093 23782 23782 E spi_geni a80000.spi: spi_geni_runtime_suspend: 0 ---1end ctlr->queue = 1 ctlr->busy = 0 ctlr->running = 1
04-21 00:53:03.136  1567  1567 E audit   : rate limit exceeded
04-21 00:53:16.384  3245  3265 E ActivityTaskManager: Unable to get servicetracker HAL instance
04-21 00:53:16.385  3245  3265 E ActivityTaskManager: Unable to get servicetracker HAL instance
04-21 00:53:16.409  3245  4295 E ActivityTaskManager: Unable to get servicetracker HAL instance
04-21 00:53:16.410  3245  4295 E ActivityTaskManager: Unable to get servicetracker HAL instance
04-21 00:53:04.157  1567  1567 E audit   : rate limit exceeded
04-21 00:53:04.691  2765  2765 E [binder][0x2189c12040d5][19:23:17.414257] qca6750: [2765:E:DP] dp_request_rx_hw_stats: Stats already requested
04-21 00:53:04.692  2765  2765 E [binder][0x2189c1204583][19:23:17.414320] qca6750: [2765:E:HDD] __wlan_hdd_cfg80211_stats_ext_request: Failed to get hw stats: 6
04-21 00:53:05.165  1567  1567 E audit   : rate limit exceeded
04-21 00:53:06.187  1567  1567 E audit   : rate limit exceeded
04-21 00:53:06.695  2765  2765 E [binder][0x2189c36b451d][19:23:19.417941] qca6750: [2765:E:DP] dp_request_rx_hw_stats: Stats already requested
04-21 00:53:06.695  2765  2765 E [binder][0x2189c36b4a0c][19:23:19.418007] qca6750: [2765:E:HDD] __wlan_hdd_cfg80211_stats_ext_request: Failed to get hw stats: 6
04-21 00:53:06.786 23782 23782 E spi_geni a80000.spi: spi_geni_runtime_suspend: 0 ---1end ctlr->queue = 1 ctlr->busy = 0 ctlr->running = 1
04-21 00:53:19.844  3245  4293 E ActivityTaskManager: Unable to get servicetracker HAL instance
04-21 00:53:19.845  3245  4293 E ActivityTaskManager: Unable to get servicetracker HAL instance
04-21 00:53:07.209  1567  1567 E audit   : rate limit exceeded
04-21 00:53:19.948  3245  4293 E ActivityTaskManager: Unable to get servicetracker HAL instance
04-21 00:53:19.955  3245  4293 E ActivityTaskManager: Unable to get servicetracker HAL instance
04-21 00:53:19.957  3245  4293 E ActivityTaskManager: Unable to get servicetracker HAL instance
04-21 00:53:07.521 23782 23782 E spi_geni a80000.spi: spi_geni_runtime_suspend: 0 ---1end ctlr->queue = 1 ctlr->busy = 0 ctlr->running = 1
04-21 00:53:21.043  3245  4293 E ActivityTaskManager: Unable to get servicetracker HAL instance
04-21 00:53:21.044  3245  4293 E ActivityTaskManager: Unable to get servicetracker HAL instance
04-21 00:53:21.056  3245  4293 E ActivityTaskManager: Unable to get servicetracker HAL instance
04-21 00:53:21.073  3245  4295 E ActivityTaskManager: Unable to get servicetracker HAL instance
04-21 00:53:21.078  3245  4295 E ActivityTaskManager: Unable to get servicetracker HAL instance
04-21 00:53:08.618 23782 23782 E spi_geni a80000.spi: spi_geni_runtime_suspend: 0 ---1end ctlr->queue = 1 ctlr->busy = 0 ctlr->running = 1
04-21 00:53:08.697  2765  2765 E [binder][0x2189c5b5c131][19:23:21.419809] qca6750: [2765:E:DP] dp_request_rx_hw_stats: Stats already requested
04-21 00:53:08.697  2765  2765 E [binder][0x2189c5b5c490][19:23:21.419854] qca6750: [2765:E:HDD] __wlan_hdd_cfg80211_stats_ext_request: Failed to get hw stats: 6
04-21 00:53:21.634  3245  3381 E ActivityTaskManager: Unable to get servicetracker HAL instance
04-21 00:53:21.636  3245  3381 E ActivityTaskManager: Unable to get servicetracker HAL instance
04-21 00:53:21.662  3245  6768 E ActivityTaskManager: Unable to get servicetracker HAL instance
04-21 00:53:21.663  3245  6768 E ActivityTaskManager: Unable to get servicetracker HAL instance
04-21 00:53:09.237  1567  1567 E audit   : rate limit exceeded
04-21 00:53:10.137 23782 23782 E spi_geni a80000.spi: spi_geni_runtime_suspend: 0 ---1end ctlr->queue = 1 ctlr->busy = 0 ctlr->running = 1
04-21 00:53:10.208     0     0 E [    C2] [soft_i][0x2189c7708e9c][19: 23:22.931241] qca6750: [0:E:QDF] htc_rx_completion_handler: Received initial wake up
04-21 00:53:10.266  1567  1567 E audit   : rate limit exceeded
04-21 00:53:10.701  2765  2765 E [binder][0x2189c800dce4][19:23:23.423805] qca6750: [2765:E:DP] dp_request_rx_hw_stats: Stats already requested
04-21 00:53:10.701  2765  2765 E [binder][0x2189c800ef06][19:23:23.424047] qca6750: [2765:E:HDD] __wlan_hdd_cfg80211_stats_ext_request: Failed to get hw stats: 6
04-21 00:53:10.711  2227  2227 E healthd : soc_b:87, soc:85, soc_c:85, Vol:4216, Cur:56,chg_s:1,t_l:222,b_s:2,OffTlast:0,lcd_off:0,Vu:4942,Vw:0,pid:2227,brightness:1.118305,rmCap:4220
04-21 00:53:10.711  2227  2227 E healthd : battery l=85 v=4216 t=30.0 h=2 st=2 c=56764 fc=4963000 cc=134 chg=u
04-21 00:53:10.728  2227  2227 E healthd : soc_b:87, soc:85, soc_c:85, Vol:4216, Cur:56,chg_s:1,t_l:222,b_s:2,OffTlast:0,lcd_off:0,Vu:4941,Vw:0,pid:2227,brightness:1.118305,rmCap:4220
04-21 00:53:10.760 23782 23782 E spi_geni a80000.spi: spi_geni_runtime_suspend: 0 ---1end ctlr->queue = 1 ctlr->busy = 0 ctlr->running = 1
04-21 00:53:11.290  1567  1567 E audit   : rate limit exceeded
04-21 00:53:11.639 23782 23782 E spi_geni a80000.spi: spi_geni_runtime_suspend: 0 ---1end ctlr->queue = 1 ctlr->busy = 0 ctlr->running = 1
04-21 00:53:12.097 23782 23782 E spi_geni a80000.spi: spi_geni_runtime_suspend: 0 ---1end ctlr->queue = 1 ctlr->busy = 0 ctlr->running = 1
04-21 00:53:12.319  1567  1567 E audit   : rate limit exceeded
04-21 00:53:12.705  2765  2765 E [binder][0x2189ca4bdd1c][19:23:25.427434] qca6750: [2765:E:DP] dp_request_rx_hw_stats: Stats already requested
04-21 00:53:12.705  2765  2765 E [binder][0x2189ca4be17a][19:23:25.427492] qca6750: [2765:E:HDD] __wlan_hdd_cfg80211_stats_ext_request: Failed to get hw stats: 6
04-21 00:53:13.340  1567  1567 E audit   : rate limit exceeded
04-21 00:53:14.380  1567  1567 E audit   : rate limit exceeded
04-21 00:53:14.710  2765  2765 E [binder][0x2189cc974b9d][19:23:27.432534] qca6750: [2765:E:DP] dp_request_rx_hw_stats: Stats already requested
04-21 00:53:14.710  2765  2765 E [binder][0x2189cc975047][19:23:27.432597] qca6750: [2765:E:HDD] __wlan_hdd_cfg80211_stats_ext_request: Failed to get hw stats: 6
04-21 00:53:15.433  1567  1567 E audit   : rate limit exceeded
04-21 00:53:16.485  1567  1567 E audit   : rate limit exceeded
04-21 00:53:16.714  2765  2765 E [binder][0x2189cee281a8][19:23:29.436882] qca6750: [2765:E:DP] dp_request_rx_hw_stats: Stats already requested
04-21 00:53:16.714  2765  2765 E [binder][0x2189cee2867b][19:23:29.436946] qca6750: [2765:E:HDD] __wlan_hdd_cfg80211_stats_ext_request: Failed to get hw stats: 6
04-21 00:53:17.541  1567  1567 E audit   : rate limit exceeded
04-21 00:53:18.597  1567  1567 E audit   : rate limit exceeded
04-21 00:53:18.717  2765  2765 E [binder][0x2189d12d5d13][19:23:31.440020] qca6750: [2765:E:DP] dp_request_rx_hw_stats: Stats already requested
04-21 00:53:18.717  2765  2765 E [binder][0x2189d12d6082][19:23:31.440066] qca6750: [2765:E:HDD] __wlan_hdd_cfg80211_stats_ext_request: Failed to get hw stats: 6
04-21 00:53:19.611  1567  1567 E audit   : rate limit exceeded
04-21 00:53:20.633  1567  1567 E audit   : rate limit exceeded
04-21 00:53:33.436  3245  5728 E ActivityTaskManager: Unable to get servicetracker HAL instance
04-21 00:53:20.720  2765  2765 E [binder][0x2189d3780fc0][19:23:33.442616] qca6750: [2765:E:DP] dp_request_rx_hw_stats: Stats already requested
04-21 00:53:20.720  2765  2765 E [binder][0x2189d37811da][19:23:33.442644] qca6750: [2765:E:HDD] __wlan_hdd_cfg80211_stats_ext_request: Failed to get hw stats: 6
04-21 00:53:33.489  3245  3790 E HandwritingModeController: Cannot get requestId: Handwriting was not initialized.
04-21 00:53:21.084 23782 23782 E spi_geni a80000.spi: spi_geni_runtime_suspend: 0 ---1end ctlr->queue = 1 ctlr->busy = 0 ctlr->running = 1
04-21 00:53:33.919  3245  5728 E ActivityTaskManager: Unable to get servicetracker HAL instance
04-21 00:53:33.923  3245  5728 E ActivityTaskManager: Unable to get servicetracker HAL instance
04-21 00:53:33.933  3245  3381 E ActivityTaskManager: Unable to get servicetracker HAL instance
04-21 00:53:33.934  3245  3381 E ActivityTaskManager: Unable to get servicetracker HAL instance
04-21 00:53:33.972  3245  5728 E ActivityTaskManager: Unable to get servicetracker HAL instance
04-21 00:53:33.973  3245  5728 E ActivityTaskManager: Unable to get servicetracker HAL instance
04-21 00:53:21.634 23782 23782 E spi_geni a80000.spi: spi_geni_runtime_suspend: 0 ---1end ctlr->queue = 1 ctlr->busy = 0 ctlr->running = 1
04-21 00:53:22.126 23782 23782 E spi_geni a80000.spi: spi_geni_runtime_suspend: 0 ---1end ctlr->queue = 1 ctlr->busy = 0 ctlr->running = 1
04-21 00:53:22.723  2765  2765 E [binder][0x2189d5c30943][19:23:35.446156] qca6750: [2765:E:DP] dp_request_rx_hw_stats: Stats already requested
04-21 00:53:22.723  2765  2765 E [binder][0x2189d5c30c0b][19:23:35.446193] qca6750: [2765:E:HDD] __wlan_hdd_cfg80211_stats_ext_request: Failed to get hw stats: 6
04-21 00:53:23.693 23782 23782 E spi_geni a80000.spi: spi_geni_runtime_suspend: 0 ---1end ctlr->queue = 1 ctlr->busy = 0 ctlr->running = 1
04-21 00:53:36.606  3245  5728 E ActivityTaskManager: Unable to get servicetracker HAL instance
04-21 00:53:36.607  3245  5728 E ActivityTaskManager: Unable to get servicetracker HAL instance
04-21 00:53:36.623  3245  5728 E ActivityTaskManager: Unable to get servicetracker HAL instance
04-21 00:53:36.646  3245  3266 E ActivityTaskManager: Unable to get servicetracker HAL instance
04-21 00:53:36.654  3245  3266 E ActivityTaskManager: Unable to get servicetracker HAL instance
04-21 00:53:36.691  3245  3266 E ActivityTaskManager: Unable to get servicetracker HAL instance
04-21 00:53:36.692  3245  3266 E ActivityTaskManager: Unable to get servicetracker HAL instance
04-21 00:53:36.704  3245  3266 E ActivityTaskManager: Unable to get servicetracker HAL instance
04-21 00:53:36.718  3245  5728 E ActivityTaskManager: Unable to get servicetracker HAL instance
04-21 00:53:36.720  3245  5728 E ActivityTaskManager: Unable to get servicetracker HAL instance
04-21 00:53:36.720  3245  5728 E ActivityTaskManager: Unable to get servicetracker HAL instance
04-21 00:53:36.795  3245  5728 E ActivityTaskManager: Unable to get servicetracker HAL instance
04-21 00:53:24.180 23782 23782 E spi_geni a80000.spi: spi_geni_runtime_suspend: 0 ---1end ctlr->queue = 1 ctlr->busy = 0 ctlr->running = 1
04-21 00:53:36.924  3245  3381 E ActivityTaskManager: Unable to get servicetracker HAL instance
04-21 00:53:36.928  3245  3381 E ActivityTaskManager: Unable to get servicetracker HAL instance
04-21 00:53:36.929  3245  3381 E ActivityTaskManager: Unable to get servicetracker HAL instance
04-21 00:53:36.929  3245  3381 E ActivityTaskManager: Unable to get servicetracker HAL instance
04-21 00:53:36.932  3245  4293 E ActivityTaskManager: Unable to get servicetracker HAL instance
04-21 00:53:36.932  3245  4293 E ActivityTaskManager: Unable to get servicetracker HAL instance
04-21 00:53:24.677  1567  1567 E audit   : rate limit exceeded
04-21 00:53:24.727  2765  2765 E [binder][0x2189d80e0d0b][19:23:37.449833] qca6750: [2765:E:DP] dp_request_rx_hw_stats: Stats already requested
04-21 00:53:24.727  2765  2765 E [binder][0x2189d80e0fc7][19:23:37.449870] qca6750: [2765:E:HDD] __wlan_hdd_cfg80211_stats_ext_request: Failed to get hw stats: 6
04-21 00:53:37.658  3245  4293 E ActivityTaskManager: Unable to get servicetracker HAL instance
04-21 00:53:37.669  3245  3387 E ActivityTaskManager: Unable to get servicetracker HAL instance
04-21 00:53:37.671  3245  3387 E ActivityTaskManager: Unable to get servicetracker HAL instance
04-21 00:53:37.674  3245  3387 E ActivityTaskManager: Unable to get servicetracker HAL instance
04-21 00:53:37.682  3245  6784 E ActivityTaskManager: Unable to get servicetracker HAL instance
04-21 00:53:37.685  3245  6784 E ActivityTaskManager: Unable to get servicetracker HAL instance
04-21 00:53:37.689  3245  6784 E ActivityTaskManager: Unable to get servicetracker HAL instance
04-21 00:53:37.692  3245  6784 E ActivityTaskManager: Unable to get servicetracker HAL instance
04-21 00:53:37.729  3245  3381 E ActivityTaskManager: Unable to get servicetracker HAL instance
04-21 00:53:37.737  3245  3381 E ActivityTaskManager: Unable to get servicetracker HAL instance
04-21 00:53:37.739  3245  3381 E ActivityTaskManager: Unable to get servicetracker HAL instance
04-21 00:53:37.740  3245  3381 E ActivityTaskManager: Unable to get servicetracker HAL instance
04-21 00:53:37.774  3245  3654 E AppOps  : Tried to remove existing UID. uid: 10412 name: com.blockmaster.app
04-21 00:53:37.793  3245  3854 E AppOps  : attributionTag VCN not declared in manifest of android
04-21 00:53:37.825  3245  4295 E ActivityTaskManager: Unable to get servicetracker HAL instance
04-21 00:53:37.828  3245  4295 E ActivityTaskManager: Unable to get servicetracker HAL instance
04-21 00:53:25.145 26896 26896 E spi_geni a80000.spi: spi_geni_runtime_suspend: 0 ---1end ctlr->queue = 1 ctlr->busy = 0 ctlr->running = 1
04-21 00:53:38.411  3245  4298 E AppOpService: Blocked setUidMode call for runtime permission app op: uid = 10151, code = COARSE_LOCATION, mode = foreground, callingUid = 1000, oldMode = allow
04-21 00:53:38.411  3245  4298 E AppOpService: java.lang.RuntimeException
04-21 00:53:38.411  3245  4298 E AppOpService: 	at com.android.server.permission.access.appop.AppOpService.setUidMode(AppOpService.kt:276)
04-21 00:53:38.411  3245  4298 E AppOpService: 	at com.android.server.appop.AppOpsCheckingServiceTracingDecorator.setUidMode(AppOpsCheckingServiceTracingDecorator.java:120)
04-21 00:53:38.411  3245  4298 E AppOpService: 	at com.android.server.appop.AppOpsService.setUidMode(AppOpsService.java:2238)
04-21 00:53:38.411  3245  4298 E AppOpService: 	at com.android.server.appop.AppOpsService.setUidMode(AppOpsService.java:2165)
04-21 00:53:38.411  3245  4298 E AppOpService: 	at android.app.AppOpsManager.setUidMode(AppOpsManager.java:8749)
04-21 00:53:38.411  3245  4298 E AppOpService: 	at com.android.role.controller.model.Permissions.setAppOpModeAsUser(Permissions.java:908)
04-21 00:53:38.411  3245  4298 E AppOpService: 	at com.android.role.controller.model.Permissions.setAppOpUidModeAsUser(Permissions.java:885)
04-21 00:53:38.411  3245  4298 E AppOpService: 	at com.android.role.controller.model.Permissions.grantPermissionAndAppOpAsUser(Permissions.java:373)
04-21 00:53:38.411  3245  4298 E AppOpService: 	at com.android.role.controller.model.Permissions.grantSingleAsUser(Permissions.java:247)
04-21 00:53:38.411  3245  4298 E AppOpService: 	at com.android.role.controller.model.Permissions.grantAsUser(Permissions.java:205)
04-21 00:53:38.411  3245  4298 E AppOpService: 	at com.android.role.controller.model.Role.grantAsUser(Role.java:867)
04-21 00:53:38.411  3245  4298 E AppOpService: 	at com.android.role.controller.service.RoleControllerServiceImpl.addRoleHolderInternal(RoleControllerServiceImpl.java:380)
04-21 00:53:38.411  3245  4298 E AppOpService: 	at com.android.role.controller.service.RoleControllerServiceImpl.onGrantDefaultRoles(RoleControllerServiceImpl.java:163)
04-21 00:53:38.411  3245  4298 E AppOpService: 	at com.android.role.LocalRoleController.lambda$grantDefaultRoles$1(LocalRoleController.java:56)
04-21 00:53:38.411  3245  4298 E AppOpService: 	at com.android.role.LocalRoleController.$r8$lambda$ye-flP7Mf14AbTzwSmiTgndT6Cg(LocalRoleController.java:0)
04-21 00:53:38.411  3245  4298 E AppOpService: 	at com.android.role.LocalRoleController$$ExternalSyntheticLambda1.run(R8$$SyntheticClass:0)
04-21 00:53:38.411  3245  4298 E AppOpService: 	at android.os.Handler.handleCallback(Handler.java:995)
04-21 00:53:38.411  3245  4298 E AppOpService: 	at android.os.Handler.dispatchMessage(Handler.java:103)
04-21 00:53:38.411  3245  4298 E AppOpService: 	at android.os.Looper.loopOnce(Looper.java:283)
04-21 00:53:38.411  3245  4298 E AppOpService: 	at android.os.Looper.loop(Looper.java:392)
04-21 00:53:38.411  3245  4298 E AppOpService: 	at android.os.HandlerThread.run(HandlerThread.java:94)
04-21 00:53:38.413  3245  4298 E AppOpService: Blocked setUidMode call for runtime permission app op: uid = 10147, code = FINE_LOCATION, mode = foreground, callingUid = 1000, oldMode = allow
04-21 00:53:38.413  3245  4298 E AppOpService: java.lang.RuntimeException
04-21 00:53:38.413  3245  4298 E AppOpService: 	at com.android.server.permission.access.appop.AppOpService.setUidMode(AppOpService.kt:276)
04-21 00:53:38.413  3245  4298 E AppOpService: 	at com.android.server.appop.AppOpsCheckingServiceTracingDecorator.setUidMode(AppOpsCheckingServiceTracingDecorator.java:120)
04-21 00:53:38.413  3245  4298 E AppOpService: 	at com.android.server.appop.AppOpsService.setUidMode(AppOpsService.java:2238)
04-21 00:53:38.413  3245  4298 E AppOpService: 	at com.android.server.appop.AppOpsService.setUidMode(AppOpsService.java:2165)
04-21 00:53:38.413  3245  4298 E AppOpService: 	at android.app.AppOpsManager.setUidMode(AppOpsManager.java:8749)
04-21 00:53:38.413  3245  4298 E AppOpService: 	at com.android.role.controller.model.Permissions.setAppOpModeAsUser(Permissions.java:908)
04-21 00:53:38.413  3245  4298 E AppOpService: 	at com.android.role.controller.model.Permissions.setAppOpUidModeAsUser(Permissions.java:885)
04-21 00:53:38.413  3245  4298 E AppOpService: 	at com.android.role.controller.model.Permissions.grantPermissionAndAppOpAsUser(Permissions.java:373)
04-21 00:53:38.413  3245  4298 E AppOpService: 	at com.android.role.controller.model.Permissions.grantSingleAsUser(Permissions.java:247)
04-21 00:53:38.413  3245  4298 E AppOpService: 	at com.android.role.controller.model.Permissions.grantAsUser(Permissions.java:205)
04-21 00:53:38.413  3245  4298 E AppOpService: 	at com.android.role.controller.model.Role.grantAsUser(Role.java:867)
04-21 00:53:38.413  3245  4298 E AppOpService: 	at com.android.role.controller.service.RoleControllerServiceImpl.addRoleHolderInternal(RoleControllerServiceImpl.java:380)
04-21 00:53:38.413  3245  4298 E AppOpService: 	at com.android.role.controller.service.RoleControllerServiceImpl.onGrantDefaultRoles(RoleControllerServiceImpl.java:163)
04-21 00:53:38.413  3245  4298 E AppOpService: 	at com.android.role.LocalRoleController.lambda$grantDefaultRoles$1(LocalRoleController.java:56)
04-21 00:53:38.413  3245  4298 E AppOpService: 	at com.android.role.LocalRoleController.$r8$lambda$ye-flP7Mf14AbTzwSmiTgndT6Cg(LocalRoleController.java:0)
04-21 00:53:38.413  3245  4298 E AppOpService: 	at com.android.role.LocalRoleController$$ExternalSyntheticLambda1.run(R8$$SyntheticClass:0)
04-21 00:53:38.413  3245  4298 E AppOpService: 	at android.os.Handler.handleCallback(Handler.java:995)
04-21 00:53:38.413  3245  4298 E AppOpService: 	at android.os.Handler.dispatchMessage(Handler.java:103)
04-21 00:53:38.413  3245  4298 E AppOpService: 	at android.os.Looper.loopOnce(Looper.java:283)
04-21 00:53:38.413  3245  4298 E AppOpService: 	at android.os.Looper.loop(Looper.java:392)
04-21 00:53:38.413  3245  4298 E AppOpService: 	at android.os.HandlerThread.run(HandlerThread.java:94)
04-21 00:53:38.414  3245  4298 E AppOpService: Blocked setUidMode call for runtime permission app op: uid = 10147, code = COARSE_LOCATION, mode = foreground, callingUid = 1000, oldMode = allow
04-21 00:53:38.414  3245  4298 E AppOpService: java.lang.RuntimeException
04-21 00:53:38.414  3245  4298 E AppOpService: 	at com.android.server.permission.access.appop.AppOpService.setUidMode(AppOpService.kt:276)
04-21 00:53:38.414  3245  4298 E AppOpService: 	at com.android.server.appop.AppOpsCheckingServiceTracingDecorator.setUidMode(AppOpsCheckingServiceTracingDecorator.java:120)
04-21 00:53:38.414  3245  4298 E AppOpService: 	at com.android.server.appop.AppOpsService.setUidMode(AppOpsService.java:2238)
04-21 00:53:38.414  3245  4298 E AppOpService: 	at com.android.server.appop.AppOpsService.setUidMode(AppOpsService.java:2165)
04-21 00:53:38.414  3245  4298 E AppOpService: 	at android.app.AppOpsManager.setUidMode(AppOpsManager.java:8749)
04-21 00:53:38.414  3245  4298 E AppOpService: 	at com.android.role.controller.model.Permissions.setAppOpModeAsUser(Permissions.java:908)
04-21 00:53:38.414  3245  4298 E AppOpService: 	at com.android.role.controller.model.Permissions.setAppOpUidModeAsUser(Permissions.java:885)
04-21 00:53:38.414  3245  4298 E AppOpService: 	at com.android.role.controller.model.Permissions.grantPermissionAndAppOpAsUser(Permissions.java:373)
04-21 00:53:38.414  3245  4298 E AppOpService: 	at com.android.role.controller.model.Permissions.grantSingleAsUser(Permissions.java:247)
04-21 00:53:38.414  3245  4298 E AppOpService: 	at com.android.role.controller.model.Permissions.grantAsUser(Permissions.java:205)
04-21 00:53:38.414  3245  4298 E AppOpService: 	at com.android.role.controller.model.Role.grantAsUser(Role.java:867)
04-21 00:53:38.414  3245  4298 E AppOpService: 	at com.android.role.controller.service.RoleControllerServiceImpl.addRoleHolderInternal(RoleControllerServiceImpl.java:380)
04-21 00:53:38.414  3245  4298 E AppOpService: 	at com.android.role.controller.service.RoleControllerServiceImpl.onGrantDefaultRoles(RoleControllerServiceImpl.java:163)
04-21 00:53:38.414  3245  4298 E AppOpService: 	at com.android.role.LocalRoleController.lambda$grantDefaultRoles$1(LocalRoleController.java:56)
04-21 00:53:38.414  3245  4298 E AppOpService: 	at com.android.role.LocalRoleController.$r8$lambda$ye-flP7Mf14AbTzwSmiTgndT6Cg(LocalRoleController.java:0)
04-21 00:53:38.414  3245  4298 E AppOpService: 	at com.android.role.LocalRoleController$$ExternalSyntheticLambda1.run(R8$$SyntheticClass:0)
04-21 00:53:38.414  3245  4298 E AppOpService: 	at android.os.Handler.handleCallback(Handler.java:995)
04-21 00:53:38.414  3245  4298 E AppOpService: 	at android.os.Handler.dispatchMessage(Handler.java:103)
04-21 00:53:38.414  3245  4298 E AppOpService: 	at android.os.Looper.loopOnce(Looper.java:283)
04-21 00:53:38.414  3245  4298 E AppOpService: 	at android.os.Looper.loop(Looper.java:392)
04-21 00:53:38.414  3245  4298 E AppOpService: 	at android.os.HandlerThread.run(HandlerThread.java:94)
04-21 00:53:38.423  3245  4298 E AppOpService: Blocked setUidMode call for runtime permission app op: uid = 10151, code = COARSE_LOCATION, mode = foreground, callingUid = 1000, oldMode = allow
04-21 00:53:38.423  3245  4298 E AppOpService: java.lang.RuntimeException
04-21 00:53:38.423  3245  4298 E AppOpService: 	at com.android.server.permission.access.appop.AppOpService.setUidMode(AppOpService.kt:276)
04-21 00:53:38.423  3245  4298 E AppOpService: 	at com.android.server.appop.AppOpsCheckingServiceTracingDecorator.setUidMode(AppOpsCheckingServiceTracingDecorator.java:120)
04-21 00:53:38.423  3245  4298 E AppOpService: 	at com.android.server.appop.AppOpsService.setUidMode(AppOpsService.java:2238)
04-21 00:53:38.423  3245  4298 E AppOpService: 	at com.android.server.appop.AppOpsService.setUidMode(AppOpsService.java:2165)
04-21 00:53:38.423  3245  4298 E AppOpService: 	at android.app.AppOpsManager.setUidMode(AppOpsManager.java:8749)
04-21 00:53:38.423  3245  4298 E AppOpService: 	at com.android.role.controller.model.Permissions.setAppOpModeAsUser(Permissions.java:908)
04-21 00:53:38.423  3245  4298 E AppOpService: 	at com.android.role.controller.model.Permissions.setAppOpUidModeAsUser(Permissions.java:885)
04-21 00:53:38.423  3245  4298 E AppOpService: 	at com.android.role.controller.model.Permissions.grantPermissionAndAppOpAsUser(Permissions.java:373)
04-21 00:53:38.423  3245  4298 E AppOpService: 	at com.android.role.controller.model.Permissions.grantSingleAsUser(Permissions.java:247)
04-21 00:53:38.423  3245  4298 E AppOpService: 	at com.android.role.controller.model.Permissions.grantAsUser(Permissions.java:205)
04-21 00:53:38.423  3245  4298 E AppOpService: 	at com.android.role.controller.model.Role.grantAsUser(Role.java:867)
04-21 00:53:38.423  3245  4298 E AppOpService: 	at com.android.role.controller.service.RoleControllerServiceImpl.addRoleHolderInternal(RoleControllerServiceImpl.java:380)
04-21 00:53:38.423  3245  4298 E AppOpService: 	at com.android.role.controller.service.RoleControllerServiceImpl.onGrantDefaultRoles(RoleControllerServiceImpl.java:163)
04-21 00:53:38.423  3245  4298 E AppOpService: 	at com.android.role.LocalRoleController.lambda$grantDefaultRoles$1(LocalRoleController.java:56)
04-21 00:53:38.423  3245  4298 E AppOpService: 	at com.android.role.LocalRoleController.$r8$lambda$ye-flP7Mf14AbTzwSmiTgndT6Cg(LocalRoleController.java:0)
04-21 00:53:38.423  3245  4298 E AppOpService: 	at com.android.role.LocalRoleController$$ExternalSyntheticLambda1.run(R8$$SyntheticClass:0)
04-21 00:53:38.423  3245  4298 E AppOpService: 	at android.os.Handler.handleCallback(Handler.java:995)
04-21 00:53:38.423  3245  4298 E AppOpService: 	at android.os.Handler.dispatchMessage(Handler.java:103)
04-21 00:53:38.423  3245  4298 E AppOpService: 	at android.os.Looper.loopOnce(Looper.java:283)
04-21 00:53:38.423  3245  4298 E AppOpService: 	at android.os.Looper.loop(Looper.java:392)
04-21 00:53:38.423  3245  4298 E AppOpService: 	at android.os.HandlerThread.run(HandlerThread.java:94)
04-21 00:53:38.541  3245  4298 E AppOpService: Blocked setUidMode call for runtime permission app op: uid = 10186, code = FINE_LOCATION, mode = foreground, callingUid = 1000, oldMode = allow
04-21 00:53:38.541  3245  4298 E AppOpService: java.lang.RuntimeException
04-21 00:53:38.541  3245  4298 E AppOpService: 	at com.android.server.permission.access.appop.AppOpService.setUidMode(AppOpService.kt:276)
04-21 00:53:38.541  3245  4298 E AppOpService: 	at com.android.server.appop.AppOpsCheckingServiceTracingDecorator.setUidMode(AppOpsCheckingServiceTracingDecorator.java:120)
04-21 00:53:38.541  3245  4298 E AppOpService: 	at com.android.server.appop.AppOpsService.setUidMode(AppOpsService.java:2238)
04-21 00:53:38.541  3245  4298 E AppOpService: 	at com.android.server.appop.AppOpsService.setUidMode(AppOpsService.java:2165)
04-21 00:53:38.541  3245  4298 E AppOpService: 	at android.app.AppOpsManager.setUidMode(AppOpsManager.java:8749)
04-21 00:53:38.541  3245  4298 E AppOpService: 	at com.android.role.controller.model.Permissions.setAppOpModeAsUser(Permissions.java:908)
04-21 00:53:38.541  3245  4298 E AppOpService: 	at com.android.role.controller.model.Permissions.setAppOpUidModeAsUser(Permissions.java:885)
04-21 00:53:38.541  3245  4298 E AppOpService: 	at com.android.role.controller.model.Permissions.grantPermissionAndAppOpAsUser(Permissions.java:373)
04-21 00:53:38.541  3245  4298 E AppOpService: 	at com.android.role.controller.model.Permissions.grantSingleAsUser(Permissions.java:247)
04-21 00:53:38.541  3245  4298 E AppOpService: 	at com.android.role.controller.model.Permissions.grantAsUser(Permissions.java:205)
04-21 00:53:38.541  3245  4298 E AppOpService: 	at com.android.role.controller.behavior.BrowserRoleBehavior.grantAsUser(BrowserRoleBehavior.java:142)
04-21 00:53:38.541  3245  4298 E AppOpService: 	at com.android.role.controller.model.Role.grantAsUser(Role.java:893)
04-21 00:53:38.541  3245  4298 E AppOpService: 	at com.android.role.controller.service.RoleControllerServiceImpl.addRoleHolderInternal(RoleControllerServiceImpl.java:380)
04-21 00:53:38.541  3245  4298 E AppOpService: 	at com.android.role.controller.service.RoleControllerServiceImpl.onGrantDefaultRoles(RoleControllerServiceImpl.java:163)
04-21 00:53:38.541  3245  4298 E AppOpService: 	at com.android.role.LocalRoleController.lambda$grantDefaultRoles$1(LocalRoleController.java:56)
04-21 00:53:38.541  3245  4298 E AppOpService: 	at com.android.role.LocalRoleController.$r8$lambda$ye-flP7Mf14AbTzwSmiTgndT6Cg(LocalRoleController.java:0)
04-21 00:53:38.541  3245  4298 E AppOpService: 	at com.android.role.LocalRoleController$$ExternalSyntheticLambda1.run(R8$$SyntheticClass:0)
04-21 00:53:38.541  3245  4298 E AppOpService: 	at android.os.Handler.handleCallback(Handler.java:995)
04-21 00:53:38.541  3245  4298 E AppOpService: 	at android.os.Handler.dispatchMessage(Handler.java:103)
04-21 00:53:38.541  3245  4298 E AppOpService: 	at android.os.Looper.loopOnce(Looper.java:283)
04-21 00:53:38.541  3245  4298 E AppOpService: 	at android.os.Looper.loop(Looper.java:392)
04-21 00:53:38.541  3245  4298 E AppOpService: 	at android.os.HandlerThread.run(HandlerThread.java:94)
04-21 00:53:38.545  3245  4298 E AppOpService: Blocked setUidMode call for runtime permission app op: uid = 10186, code = COARSE_LOCATION, mode = foreground, callingUid = 1000, oldMode = allow
04-21 00:53:38.545  3245  4298 E AppOpService: java.lang.RuntimeException
04-21 00:53:38.545  3245  4298 E AppOpService: 	at com.android.server.permission.access.appop.AppOpService.setUidMode(AppOpService.kt:276)
04-21 00:53:38.545  3245  4298 E AppOpService: 	at com.android.server.appop.AppOpsCheckingServiceTracingDecorator.setUidMode(AppOpsCheckingServiceTracingDecorator.java:120)
04-21 00:53:38.545  3245  4298 E AppOpService: 	at com.android.server.appop.AppOpsService.setUidMode(AppOpsService.java:2238)
04-21 00:53:38.545  3245  4298 E AppOpService: 	at com.android.server.appop.AppOpsService.setUidMode(AppOpsService.java:2165)
04-21 00:53:38.545  3245  4298 E AppOpService: 	at android.app.AppOpsManager.setUidMode(AppOpsManager.java:8749)
04-21 00:53:38.545  3245  4298 E AppOpService: 	at com.android.role.controller.model.Permissions.setAppOpModeAsUser(Permissions.java:908)
04-21 00:53:38.545  3245  4298 E AppOpService: 	at com.android.role.controller.model.Permissions.setAppOpUidModeAsUser(Permissions.java:885)
04-21 00:53:38.545  3245  4298 E AppOpService: 	at com.android.role.controller.model.Permissions.grantPermissionAndAppOpAsUser(Permissions.java:373)
04-21 00:53:38.545  3245  4298 E AppOpService: 	at com.android.role.controller.model.Permissions.grantSingleAsUser(Permissions.java:247)
04-21 00:53:38.545  3245  4298 E AppOpService: 	at com.android.role.controller.model.Permissions.grantAsUser(Permissions.java:205)
04-21 00:53:38.545  3245  4298 E AppOpService: 	at com.android.role.controller.behavior.BrowserRoleBehavior.grantAsUser(BrowserRoleBehavior.java:142)
04-21 00:53:38.545  3245  4298 E AppOpService: 	at com.android.role.controller.model.Role.grantAsUser(Role.java:893)
04-21 00:53:38.545  3245  4298 E AppOpService: 	at com.android.role.controller.service.RoleControllerServiceImpl.addRoleHolderInternal(RoleControllerServiceImpl.java:380)
04-21 00:53:38.545  3245  4298 E AppOpService: 	at com.android.role.controller.service.RoleControllerServiceImpl.onGrantDefaultRoles(RoleControllerServiceImpl.java:163)
04-21 00:53:38.545  3245  4298 E AppOpService: 	at com.android.role.LocalRoleController.lambda$grantDefaultRoles$1(LocalRoleController.java:56)
04-21 00:53:38.545  3245  4298 E AppOpService: 	at com.android.role.LocalRoleController.$r8$lambda$ye-flP7Mf14AbTzwSmiTgndT6Cg(LocalRoleController.java:0)
04-21 00:53:38.545  3245  4298 E AppOpService: 	at com.android.role.LocalRoleController$$ExternalSyntheticLambda1.run(R8$$SyntheticClass:0)
04-21 00:53:38.545  3245  4298 E AppOpService: 	at android.os.Handler.handleCallback(Handler.java:995)
04-21 00:53:38.545  3245  4298 E AppOpService: 	at android.os.Handler.dispatchMessage(Handler.java:103)
04-21 00:53:38.545  3245  4298 E AppOpService: 	at android.os.Looper.loopOnce(Looper.java:283)
04-21 00:53:38.545  3245  4298 E AppOpService: 	at android.os.Looper.loop(Looper.java:392)
04-21 00:53:38.545  3245  4298 E AppOpService: 	at android.os.HandlerThread.run(HandlerThread.java:94)
04-21 00:53:26.504 27804 27804 E audit   : rate limit exceeded
04-21 00:53:26.729  2765  2765 E [binder][0x2189da589b27][19:23:39.451941] qca6750: [2765:E:DP] dp_request_rx_hw_stats: Stats already requested
04-21 00:53:26.729  2765  2765 E [binder][0x2189da58a1c3][19:23:39.452030] qca6750: [2765:E:HDD] __wlan_hdd_cfg80211_stats_ext_request: Failed to get hw stats: 6
04-21 00:53:27.409 17006 17006 E BATTERY_CHG: handle_message: adsp_to_kernel_log:key_info:battid:99028 pump_chip:8582,buck_chip:89601,pump_en:0,buck_en:0,ovp:0,fcc:2500,fv:4500,icl:500,ibus_ma:450,usb_sus:0,BattInit:1,chg_type:2,soc:8504,real_cap:4963000,plug_in:1,plugGpio:0,usbTemp:0,battTemp:0,nt_cc_enable:4,2646:01,2654:29,2606:83,2708:0a,2952:0a,2658:b4,2707:0a,2b09:a3,280c:08,280d:08,2910:11,2940:00,2941:00,270b:e2,4f46:80,2954:00,
04-21 00:53:41.107  3245  4298 E AppOpService: Blocked setUidMode call for runtime permission app op: uid = 10151, code = COARSE_LOCATION, mode = foreground, callingUid = 1000, oldMode = allow
04-21 00:53:41.107  3245  4298 E AppOpService: java.lang.RuntimeException
04-21 00:53:41.107  3245  4298 E AppOpService: 	at com.android.server.permission.access.appop.AppOpService.setUidMode(AppOpService.kt:276)
04-21 00:53:41.107  3245  4298 E AppOpService: 	at com.android.server.appop.AppOpsCheckingServiceTracingDecorator.setUidMode(AppOpsCheckingServiceTracingDecorator.java:120)
04-21 00:53:41.107  3245  4298 E AppOpService: 	at com.android.server.appop.AppOpsService.setUidMode(AppOpsService.java:2238)
04-21 00:53:41.107  3245  4298 E AppOpService: 	at com.android.server.appop.AppOpsService.setUidMode(AppOpsService.java:2165)
04-21 00:53:41.107  3245  4298 E AppOpService: 	at android.app.AppOpsManager.setUidMode(AppOpsManager.java:8749)
04-21 00:53:41.107  3245  4298 E AppOpService: 	at com.android.role.controller.model.Permissions.setAppOpModeAsUser(Permissions.java:908)
04-21 00:53:41.107  3245  4298 E AppOpService: 	at com.android.role.controller.model.Permissions.setAppOpUidModeAsUser(Permissions.java:885)
04-21 00:53:41.107  3245  4298 E AppOpService: 	at com.android.role.controller.model.Permissions.grantPermissionAndAppOpAsUser(Permissions.java:373)
04-21 00:53:41.107  3245  4298 E AppOpService: 	at com.android.role.controller.model.Permissions.grantSingleAsUser(Permissions.java:247)
04-21 00:53:41.107  3245  4298 E AppOpService: 	at com.android.role.controller.model.Permissions.grantAsUser(Permissions.java:205)
04-21 00:53:41.107  3245  4298 E AppOpService: 	at com.android.role.controller.model.Role.grantAsUser(Role.java:867)
04-21 00:53:41.107  3245  4298 E AppOpService: 	at com.android.role.controller.service.RoleControllerServiceImpl.addRoleHolderInternal(RoleControllerServiceImpl.java:380)
04-21 00:53:41.107  3245  4298 E AppOpService: 	at com.android.role.controller.service.RoleControllerServiceImpl.onGrantDefaultRoles(RoleControllerServiceImpl.java:163)
04-21 00:53:41.107  3245  4298 E AppOpService: 	at com.android.role.LocalRoleController.lambda$grantDefaultRoles$1(LocalRoleController.java:56)
04-21 00:53:41.107  3245  4298 E AppOpService: 	at com.android.role.LocalRoleController.$r8$lambda$ye-flP7Mf14AbTzwSmiTgndT6Cg(LocalRoleController.java:0)
04-21 00:53:41.107  3245  4298 E AppOpService: 	at com.android.role.LocalRoleController$$ExternalSyntheticLambda1.run(R8$$SyntheticClass:0)
04-21 00:53:41.107  3245  4298 E AppOpService: 	at android.os.Handler.handleCallback(Handler.java:995)
04-21 00:53:41.107  3245  4298 E AppOpService: 	at android.os.Handler.dispatchMessage(Handler.java:103)
04-21 00:53:41.107  3245  4298 E AppOpService: 	at android.os.Looper.loopOnce(Looper.java:283)
04-21 00:53:41.107  3245  4298 E AppOpService: 	at android.os.Looper.loop(Looper.java:392)
04-21 00:53:41.107  3245  4298 E AppOpService: 	at android.os.HandlerThread.run(HandlerThread.java:94)
04-21 00:53:41.109  3245  4298 E AppOpService: Blocked setUidMode call for runtime permission app op: uid = 10147, code = FINE_LOCATION, mode = foreground, callingUid = 1000, oldMode = allow
04-21 00:53:41.109  3245  4298 E AppOpService: java.lang.RuntimeException
04-21 00:53:41.109  3245  4298 E AppOpService: 	at com.android.server.permission.access.appop.AppOpService.setUidMode(AppOpService.kt:276)
04-21 00:53:41.109  3245  4298 E AppOpService: 	at com.android.server.appop.AppOpsCheckingServiceTracingDecorator.setUidMode(AppOpsCheckingServiceTracingDecorator.java:120)
04-21 00:53:41.109  3245  4298 E AppOpService: 	at com.android.server.appop.AppOpsService.setUidMode(AppOpsService.java:2238)
04-21 00:53:41.109  3245  4298 E AppOpService: 	at com.android.server.appop.AppOpsService.setUidMode(AppOpsService.java:2165)
04-21 00:53:41.109  3245  4298 E AppOpService: 	at android.app.AppOpsManager.setUidMode(AppOpsManager.java:8749)
04-21 00:53:41.109  3245  4298 E AppOpService: 	at com.android.role.controller.model.Permissions.setAppOpModeAsUser(Permissions.java:908)
04-21 00:53:41.109  3245  4298 E AppOpService: 	at com.android.role.controller.model.Permissions.setAppOpUidModeAsUser(Permissions.java:885)
04-21 00:53:41.109  3245  4298 E AppOpService: 	at com.android.role.controller.model.Permissions.grantPermissionAndAppOpAsUser(Permissions.java:373)
04-21 00:53:41.109  3245  4298 E AppOpService: 	at com.android.role.controller.model.Permissions.grantSingleAsUser(Permissions.java:247)
04-21 00:53:41.109  3245  4298 E AppOpService: 	at com.android.role.controller.model.Permissions.grantAsUser(Permissions.java:205)
04-21 00:53:41.109  3245  4298 E AppOpService: 	at com.android.role.controller.model.Role.grantAsUser(Role.java:867)
04-21 00:53:41.109  3245  4298 E AppOpService: 	at com.android.role.controller.service.RoleControllerServiceImpl.addRoleHolderInternal(RoleControllerServiceImpl.java:380)
04-21 00:53:41.109  3245  4298 E AppOpService: 	at com.android.role.controller.service.RoleControllerServiceImpl.onGrantDefaultRoles(RoleControllerServiceImpl.java:163)
04-21 00:53:41.109  3245  4298 E AppOpService: 	at com.android.role.LocalRoleController.lambda$grantDefaultRoles$1(LocalRoleController.java:56)
04-21 00:53:41.109  3245  4298 E AppOpService: 	at com.android.role.LocalRoleController.$r8$lambda$ye-flP7Mf14AbTzwSmiTgndT6Cg(LocalRoleController.java:0)
04-21 00:53:41.109  3245  4298 E AppOpService: 	at com.android.role.LocalRoleController$$ExternalSyntheticLambda1.run(R8$$SyntheticClass:0)
04-21 00:53:41.109  3245  4298 E AppOpService: 	at android.os.Handler.handleCallback(Handler.java:995)
04-21 00:53:41.109  3245  4298 E AppOpService: 	at android.os.Handler.dispatchMessage(Handler.java:103)
04-21 00:53:41.109  3245  4298 E AppOpService: 	at android.os.Looper.loopOnce(Looper.java:283)
04-21 00:53:41.109  3245  4298 E AppOpService: 	at android.os.Looper.loop(Looper.java:392)
04-21 00:53:41.109  3245  4298 E AppOpService: 	at android.os.HandlerThread.run(HandlerThread.java:94)
04-21 00:53:41.109  3245  4298 E AppOpService: Blocked setUidMode call for runtime permission app op: uid = 10147, code = COARSE_LOCATION, mode = foreground, callingUid = 1000, oldMode = allow
04-21 00:53:41.109  3245  4298 E AppOpService: java.lang.RuntimeException
04-21 00:53:41.109  3245  4298 E AppOpService: 	at com.android.server.permission.access.appop.AppOpService.setUidMode(AppOpService.kt:276)
04-21 00:53:41.109  3245  4298 E AppOpService: 	at com.android.server.appop.AppOpsCheckingServiceTracingDecorator.setUidMode(AppOpsCheckingServiceTracingDecorator.java:120)
04-21 00:53:41.109  3245  4298 E AppOpService: 	at com.android.server.appop.AppOpsService.setUidMode(AppOpsService.java:2238)
04-21 00:53:41.109  3245  4298 E AppOpService: 	at com.android.server.appop.AppOpsService.setUidMode(AppOpsService.java:2165)
04-21 00:53:41.109  3245  4298 E AppOpService: 	at android.app.AppOpsManager.setUidMode(AppOpsManager.java:8749)
04-21 00:53:41.109  3245  4298 E AppOpService: 	at com.android.role.controller.model.Permissions.setAppOpModeAsUser(Permissions.java:908)
04-21 00:53:41.109  3245  4298 E AppOpService: 	at com.android.role.controller.model.Permissions.setAppOpUidModeAsUser(Permissions.java:885)
04-21 00:53:41.109  3245  4298 E AppOpService: 	at com.android.role.controller.model.Permissions.grantPermissionAndAppOpAsUser(Permissions.java:373)
04-21 00:53:41.109  3245  4298 E AppOpService: 	at com.android.role.controller.model.Permissions.grantSingleAsUser(Permissions.java:247)
04-21 00:53:41.109  3245  4298 E AppOpService: 	at com.android.role.controller.model.Permissions.grantAsUser(Permissions.java:205)
04-21 00:53:41.109  3245  4298 E AppOpService: 	at com.android.role.controller.model.Role.grantAsUser(Role.java:867)
04-21 00:53:41.109  3245  4298 E AppOpService: 	at com.android.role.controller.service.RoleControllerServiceImpl.addRoleHolderInternal(RoleControllerServiceImpl.java:380)
04-21 00:53:41.109  3245  4298 E AppOpService: 	at com.android.role.controller.service.RoleControllerServiceImpl.onGrantDefaultRoles(RoleControllerServiceImpl.java:163)
04-21 00:53:41.109  3245  4298 E AppOpService: 	at com.android.role.LocalRoleController.lambda$grantDefaultRoles$1(LocalRoleController.java:56)
04-21 00:53:41.109  3245  4298 E AppOpService: 	at com.android.role.LocalRoleController.$r8$lambda$ye-flP7Mf14AbTzwSmiTgndT6Cg(LocalRoleController.java:0)
04-21 00:53:41.109  3245  4298 E AppOpService: 	at com.android.role.LocalRoleController$$ExternalSyntheticLambda1.run(R8$$SyntheticClass:0)
04-21 00:53:41.109  3245  4298 E AppOpService: 	at android.os.Handler.handleCallback(Handler.java:995)
04-21 00:53:41.109  3245  4298 E AppOpService: 	at android.os.Handler.dispatchMessage(Handler.java:103)
04-21 00:53:41.109  3245  4298 E AppOpService: 	at android.os.Looper.loopOnce(Looper.java:283)
04-21 00:53:41.109  3245  4298 E AppOpService: 	at android.os.Looper.loop(Looper.java:392)
04-21 00:53:41.109  3245  4298 E AppOpService: 	at android.os.HandlerThread.run(HandlerThread.java:94)
04-21 00:53:41.117  3245  4298 E AppOpService: Blocked setUidMode call for runtime permission app op: uid = 10151, code = COARSE_LOCATION, mode = foreground, callingUid = 1000, oldMode = allow
04-21 00:53:41.117  3245  4298 E AppOpService: java.lang.RuntimeException
04-21 00:53:41.117  3245  4298 E AppOpService: 	at com.android.server.permission.access.appop.AppOpService.setUidMode(AppOpService.kt:276)
04-21 00:53:41.117  3245  4298 E AppOpService: 	at com.android.server.appop.AppOpsCheckingServiceTracingDecorator.setUidMode(AppOpsCheckingServiceTracingDecorator.java:120)
04-21 00:53:41.117  3245  4298 E AppOpService: 	at com.android.server.appop.AppOpsService.setUidMode(AppOpsService.java:2238)
04-21 00:53:41.117  3245  4298 E AppOpService: 	at com.android.server.appop.AppOpsService.setUidMode(AppOpsService.java:2165)
04-21 00:53:41.117  3245  4298 E AppOpService: 	at android.app.AppOpsManager.setUidMode(AppOpsManager.java:8749)
04-21 00:53:41.117  3245  4298 E AppOpService: 	at com.android.role.controller.model.Permissions.setAppOpModeAsUser(Permissions.java:908)
04-21 00:53:41.117  3245  4298 E AppOpService: 	at com.android.role.controller.model.Permissions.setAppOpUidModeAsUser(Permissions.java:885)
04-21 00:53:41.117  3245  4298 E AppOpService: 	at com.android.role.controller.model.Permissions.grantPermissionAndAppOpAsUser(Permissions.java:373)
04-21 00:53:41.117  3245  4298 E AppOpService: 	at com.android.role.controller.model.Permissions.grantSingleAsUser(Permissions.java:247)
04-21 00:53:41.117  3245  4298 E AppOpService: 	at com.android.role.controller.model.Permissions.grantAsUser(Permissions.java:205)
04-21 00:53:41.117  3245  4298 E AppOpService: 	at com.android.role.controller.model.Role.grantAsUser(Role.java:867)
04-21 00:53:41.117  3245  4298 E AppOpService: 	at com.android.role.controller.service.RoleControllerServiceImpl.addRoleHolderInternal(RoleControllerServiceImpl.java:380)
04-21 00:53:41.117  3245  4298 E AppOpService: 	at com.android.role.controller.service.RoleControllerServiceImpl.onGrantDefaultRoles(RoleControllerServiceImpl.java:163)
04-21 00:53:41.117  3245  4298 E AppOpService: 	at com.android.role.LocalRoleController.lambda$grantDefaultRoles$1(LocalRoleController.java:56)
04-21 00:53:41.117  3245  4298 E AppOpService: 	at com.android.role.LocalRoleController.$r8$lambda$ye-flP7Mf14AbTzwSmiTgndT6Cg(LocalRoleController.java:0)
04-21 00:53:41.117  3245  4298 E AppOpService: 	at com.android.role.LocalRoleController$$ExternalSyntheticLambda1.run(R8$$SyntheticClass:0)
04-21 00:53:41.117  3245  4298 E AppOpService: 	at android.os.Handler.handleCallback(Handler.java:995)
04-21 00:53:41.117  3245  4298 E AppOpService: 	at android.os.Handler.dispatchMessage(Handler.java:103)
04-21 00:53:41.117  3245  4298 E AppOpService: 	at android.os.Looper.loopOnce(Looper.java:283)
04-21 00:53:41.117  3245  4298 E AppOpService: 	at android.os.Looper.loop(Looper.java:392)
04-21 00:53:41.117  3245  4298 E AppOpService: 	at android.os.HandlerThread.run(HandlerThread.java:94)
04-21 00:53:41.130  3245  4298 E AppOpService: Blocked setUidMode call for runtime permission app op: uid = 10186, code = FINE_LOCATION, mode = foreground, callingUid = 1000, oldMode = allow
04-21 00:53:41.130  3245  4298 E AppOpService: java.lang.RuntimeException
04-21 00:53:41.130  3245  4298 E AppOpService: 	at com.android.server.permission.access.appop.AppOpService.setUidMode(AppOpService.kt:276)
04-21 00:53:41.130  3245  4298 E AppOpService: 	at com.android.server.appop.AppOpsCheckingServiceTracingDecorator.setUidMode(AppOpsCheckingServiceTracingDecorator.java:120)
04-21 00:53:41.130  3245  4298 E AppOpService: 	at com.android.server.appop.AppOpsService.setUidMode(AppOpsService.java:2238)
04-21 00:53:41.130  3245  4298 E AppOpService: 	at com.android.server.appop.AppOpsService.setUidMode(AppOpsService.java:2165)
04-21 00:53:41.130  3245  4298 E AppOpService: 	at android.app.AppOpsManager.setUidMode(AppOpsManager.java:8749)
04-21 00:53:41.130  3245  4298 E AppOpService: 	at com.android.role.controller.model.Permissions.setAppOpModeAsUser(Permissions.java:908)
04-21 00:53:41.130  3245  4298 E AppOpService: 	at com.android.role.controller.model.Permissions.setAppOpUidModeAsUser(Permissions.java:885)
04-21 00:53:41.130  3245  4298 E AppOpService: 	at com.android.role.controller.model.Permissions.grantPermissionAndAppOpAsUser(Permissions.java:373)
04-21 00:53:41.130  3245  4298 E AppOpService: 	at com.android.role.controller.model.Permissions.grantSingleAsUser(Permissions.java:247)
04-21 00:53:41.130  3245  4298 E AppOpService: 	at com.android.role.controller.model.Permissions.grantAsUser(Permissions.java:205)
04-21 00:53:41.130  3245  4298 E AppOpService: 	at com.android.role.controller.behavior.BrowserRoleBehavior.grantAsUser(BrowserRoleBehavior.java:142)
04-21 00:53:41.130  3245  4298 E AppOpService: 	at com.android.role.controller.model.Role.grantAsUser(Role.java:893)
04-21 00:53:41.130  3245  4298 E AppOpService: 	at com.android.role.controller.service.RoleControllerServiceImpl.addRoleHolderInternal(RoleControllerServiceImpl.java:380)
04-21 00:53:41.130  3245  4298 E AppOpService: 	at com.android.role.controller.service.RoleControllerServiceImpl.onGrantDefaultRoles(RoleControllerServiceImpl.java:163)
04-21 00:53:41.130  3245  4298 E AppOpService: 	at com.android.role.LocalRoleController.lambda$grantDefaultRoles$1(LocalRoleController.java:56)
04-21 00:53:41.130  3245  4298 E AppOpService: 	at com.android.role.LocalRoleController.$r8$lambda$ye-flP7Mf14AbTzwSmiTgndT6Cg(LocalRoleController.java:0)
