04-21 00:49:05.543  2765  2765 E [binder][0x2188af71327f][19:19:18.265693] qca6750: [2765:E:HDD] __wlan_hdd_cfg80211_stats_ext_request: Failed to get hw stats: 6
04-21 00:49:07.545  2765  2765 E [binder][0x2188b1bbe299][19:19:20.268254] qca6750: [2765:E:DP] dp_request_rx_hw_stats: Stats already requested
04-21 00:49:07.546  2765  2765 E [binder][0x2188b1bbe670][19:19:20.268305] qca6750: [2765:E:HDD] __wlan_hdd_cfg80211_stats_ext_request: Failed to get hw stats: 6
04-21 00:49:08.861     0     0 E [    C3] [soft_i][0x2188b33d4dc1][19: 19:21.583817] qca6750: [0:E:DP] dp_tx_update_peer_stats: Release source:3 is not from TQM
04-21 00:49:09.549  2765  2765 E [binder][0x2188b406e549][19:19:22.271917] qca6750: [2765:E:DP] dp_request_rx_hw_stats: Stats already requested
04-21 00:49:09.549  2765  2765 E [binder][0x2188b406e938][19:19:22.271969] qca6750: [2765:E:HDD] __wlan_hdd_cfg80211_stats_ext_request: Failed to get hw stats: 6
04-21 00:49:10.704  2227  2227 E healthd : soc_b:87, soc:84, soc_c:84, Vol:4240, Cur:448,chg_s:1,t_l:117,b_s:2,OffTlast:320,lcd_off:1,Vu:4945,Vw:0,pid:2227,brightness:0.000000,rmCap:4188
04-21 00:49:10.704  2227  2227 E healthd : battery l=84 v=4240 t=30.0 h=2 st=2 c=448619 fc=4963000 cc=134 chg=u
04-21 00:49:10.729  2227  2227 E healthd : soc_b:87, soc:84, soc_c:84, Vol:4240, Cur:448,chg_s:1,t_l:118,b_s:2,OffTlast:321,lcd_off:1,Vu:4945,Vw:0,pid:2227,brightness:0.000000,rmCap:4188
04-21 00:49:11.553  2765  2765 E [binder][0x2188b6520620][19:19:24.275981] qca6750: [2765:E:DP] dp_request_rx_hw_stats: Stats already requested
04-21 00:49:11.553  2765  2765 E [binder][0x2188b6520b06][19:19:24.276047] qca6750: [2765:E:HDD] __wlan_hdd_cfg80211_stats_ext_request: Failed to get hw stats: 6
04-21 00:49:13.557  2765  2765 E [binder][0x2188b89d0eca][19:19:26.279723] qca6750: [2765:E:DP] dp_request_rx_hw_stats: Stats already requested
04-21 00:49:13.557  2765  2765 E [binder][0x2188b89d140d][19:19:26.279794] qca6750: [2765:E:HDD] __wlan_hdd_cfg80211_stats_ext_request: Failed to get hw stats: 6
04-21 00:49:15.091     0     0 E [    C0] [soft_i][0x2188ba5e9fd3][19: 19:27.814245] qca6750: [0:E:QDF] htc_rx_completion_handler: Received initial wake up
04-21 00:49:15.560  2765  2765 E [binder][0x2188bae7f6bc][19:19:28.283030] qca6750: [2765:E:DP] dp_request_rx_hw_stats: Stats already requested
04-21 00:49:15.560  2765  2765 E [binder][0x2188bae7fabc][19:19:28.283083] qca6750: [2765:E:HDD] __wlan_hdd_cfg80211_stats_ext_request: Failed to get hw stats: 6
04-21 00:49:17.565  2765  2765 E [binder][0x2188bd332999][19:19:30.287334] qca6750: [2765:E:DP] dp_request_rx_hw_stats: Stats already requested
04-21 00:49:17.565  2765  2765 E [binder][0x2188bd33303d][19:19:30.287423] qca6750: [2765:E:HDD] __wlan_hdd_cfg80211_stats_ext_request: Failed to get hw stats: 6
04-21 00:49:19.568  2765  2765 E [binder][0x2188bf7e2569][19:19:32.290905] qca6750: [2765:E:DP] dp_request_rx_hw_stats: Stats already requested
04-21 00:49:19.568  2765  2765 E [binder][0x2188bf7e2a49][19:19:32.290970] qca6750: [2765:E:HDD] __wlan_hdd_cfg80211_stats_ext_request: Failed to get hw stats: 6
04-21 00:49:21.031     0     0 E [    C0] [soft_i][0x2188c12a9e7c][19: 19:33.753427] qca6750: [0:E:QDF] htc_rx_completion_handler: Received initial wake up
04-21 00:49:21.573  2765  2765 E [binder][0x2188c1c9a5d9][19:19:34.296244] qca6750: [2765:E:DP] dp_request_rx_hw_stats: Stats already requested
04-21 00:49:21.574  2765  2765 E [binder][0x2188c1c9ab40][19:19:34.296316] qca6750: [2765:E:HDD] __wlan_hdd_cfg80211_stats_ext_request: Failed to get hw stats: 6
04-21 00:49:23.577  2765  2765 E [binder][0x2188c414c551][19:19:36.300291] qca6750: [2765:E:DP] dp_request_rx_hw_stats: Stats already requested
04-21 00:49:23.578  2765  2765 E [binder][0x2188c414c961][19:19:36.300345] qca6750: [2765:E:HDD] __wlan_hdd_cfg80211_stats_ext_request: Failed to get hw stats: 6
04-21 00:49:25.581  2765  2765 E [binder][0x2188c65fc94a][19:19:38.303970] qca6750: [2765:E:DP] dp_request_rx_hw_stats: Stats already requested
04-21 00:49:25.581  2765  2765 E [binder][0x2188c65fcd41][19:19:38.304023] qca6750: [2765:E:HDD] __wlan_hdd_cfg80211_stats_ext_request: Failed to get hw stats: 6
04-21 00:49:27.175     0     0 E [    C0] [soft_i][0x2188c832af0a][19: 19:39.897647] qca6750: [0:E:QDF] htc_rx_completion_handler: Received initial wake up
04-21 00:49:27.586  2765  2765 E [binder][0x2188c8ab0af4][19:19:40.308472] qca6750: [2765:E:DP] dp_request_rx_hw_stats: Stats already requested
04-21 00:49:27.586  2765  2765 E [binder][0x2188c8ab1006][19:19:40.308540] qca6750: [2765:E:HDD] __wlan_hdd_cfg80211_stats_ext_request: Failed to get hw stats: 6
04-21 00:49:29.544  2227  2227 E healthd : soc_b:87, soc:85, soc_c:85, Vol:4242, Cur:483,chg_s:1,t_l:136,b_s:2,OffTlast:339,lcd_off:1,Vu:4928,Vw:0,pid:2227,brightness:0.000000,rmCap:4195
04-21 00:49:29.544  2227  2227 E healthd : battery l=85 v=4242 t=30.0 h=2 st=2 c=483410 fc=4963000 cc=134 chg=u
04-21 00:49:29.566  2227  2227 E healthd : soc_b:87, soc:85, soc_c:85, Vol:4242, Cur:483,chg_s:1,t_l:0,b_s:2,OffTlast:339,lcd_off:1,Vu:4942,Vw:0,pid:2227,brightness:0.000000,rmCap:4195
04-21 00:49:29.589  2765  2765 E [binder][0x2188caf5e779][19:19:42.311626] qca6750: [2765:E:DP] dp_request_rx_hw_stats: Stats already requested
04-21 00:49:29.589  2765  2765 E [binder][0x2188caf5e9bb][19:19:42.311656] qca6750: [2765:E:HDD] __wlan_hdd_cfg80211_stats_ext_request: Failed to get hw stats: 6
04-21 00:49:30.708  2227  2227 E healthd : soc_b:87, soc:85, soc_c:85, Vol:4239, Cur:393,chg_s:1,t_l:1,b_s:2,OffTlast:340,lcd_off:1,Vu:4945,Vw:0,pid:2227,brightness:0.000000,rmCap:4195
04-21 00:49:30.708  2227  2227 E healthd : battery l=85 v=4239 t=30.0 h=2 st=2 c=393686 fc=4963000 cc=134 chg=u
04-21 00:49:30.720  2227  2227 E healthd : soc_b:87, soc:85, soc_c:85, Vol:4239, Cur:393,chg_s:1,t_l:2,b_s:2,OffTlast:341,lcd_off:1,Vu:4943,Vw:0,pid:2227,brightness:0.000000,rmCap:4195
04-21 00:49:31.592  2765  2765 E [binder][0x2188cd40c45d][19:19:44.314785] qca6750: [2765:E:DP] dp_request_rx_hw_stats: Stats already requested
04-21 00:49:31.592  2765  2765 E [binder][0x2188cd40c87b][19:19:44.314839] qca6750: [2765:E:HDD] __wlan_hdd_cfg80211_stats_ext_request: Failed to get hw stats: 6
04-21 00:49:31.891 25638 25638 E BATTERY_CHG: nt_update_status_function_work: capacity:85,Vbat:4238846
04-21 00:49:31.917  2227  2227 E healthd : soc_b:87, soc:85, soc_c:85, Vol:4238, Cur:403,chg_s:1,t_l:3,b_s:2,OffTlast:342,lcd_off:1,Vu:4945,Vw:0,pid:2227,brightness:0.000000,rmCap:4195
04-21 00:49:31.917  2227  2227 E healthd : battery l=85 v=4238 t=30.0 h=2 st=2 c=403757 fc=4963000 cc=134 chg=u
04-21 00:49:31.931  2227  2227 E healthd : soc_b:87, soc:85, soc_c:85, Vol:4238, Cur:403,chg_s:1,t_l:3,b_s:2,OffTlast:342,lcd_off:1,Vu:4943,Vw:0,pid:2227,brightness:0.000000,rmCap:4195
04-21 00:49:33.114     0     0 E [    C3] [soft_i][0x2188cefe89a6][19: 19:45.836348] qca6750: [0:E:QDF] htc_rx_completion_handler: Received initial wake up
04-21 00:49:33.596  2765  2765 E [binder][0x2188cf8bbf68][19:19:46.318345] qca6750: [2765:E:DP] dp_request_rx_hw_stats: Stats already requested
04-21 00:49:33.596  2765  2765 E [binder][0x2188cf8bc272][19:19:46.318385] qca6750: [2765:E:HDD] __wlan_hdd_cfg80211_stats_ext_request: Failed to get hw stats: 6
04-21 00:49:35.598  2765  2765 E [binder][0x2188d1d68015][19:19:48.321127] qca6750: [2765:E:DP] dp_request_rx_hw_stats: Stats already requested
04-21 00:49:35.598  2765  2765 E [binder][0x2188d1d6820f][19:19:48.321154] qca6750: [2765:E:HDD] __wlan_hdd_cfg80211_stats_ext_request: Failed to get hw stats: 6
04-21 00:49:37.601  2765  2765 E [binder][0x2188d4215d6b][19:19:50.324292] qca6750: [2765:E:DP] dp_request_rx_hw_stats: Stats already requested
04-21 00:49:37.602  2765  2765 E [binder][0x2188d4215fe6][19:19:50.324325] qca6750: [2765:E:HDD] __wlan_hdd_cfg80211_stats_ext_request: Failed to get hw stats: 6
04-21 00:49:39.604  2765  2765 E [binder][0x2188d66c1c7a][19:19:52.327053] qca6750: [2765:E:DP] dp_request_rx_hw_stats: Stats already requested
04-21 00:49:39.604  2765  2765 E [binder][0x2188d66c1f9f][19:19:52.327094] qca6750: [2765:E:HDD] __wlan_hdd_cfg80211_stats_ext_request: Failed to get hw stats: 6
04-21 00:49:41.608  2765  2765 E [binder][0x2188d8b700db][19:19:54.330311] qca6750: [2765:E:DP] dp_request_rx_hw_stats: Stats already requested
04-21 00:49:41.608  2765  2765 E [binder][0x2188d8b7041c][19:19:54.330354] qca6750: [2765:E:HDD] __wlan_hdd_cfg80211_stats_ext_request: Failed to get hw stats: 6
04-21 00:49:43.611  2765  2765 E [binder][0x2188db021927][19:19:56.334262] qca6750: [2765:E:DP] dp_request_rx_hw_stats: Stats already requested
04-21 00:49:43.612  2765  2765 E [binder][0x2188db021e69][19:19:56.334332] qca6750: [2765:E:HDD] __wlan_hdd_cfg80211_stats_ext_request: Failed to get hw stats: 6
04-21 00:49:45.197     0     0 E [    C0] [soft_i][0x2188dcd2a6f1][19: 19:57.919939] qca6750: [0:E:QDF] htc_rx_completion_handler: Received initial wake up
04-21 00:49:45.615  2765  2765 E [binder][0x2188dd4d2c02][19:19:58.338140] qca6750: [2765:E:DP] dp_request_rx_hw_stats: Stats already requested
04-21 00:49:45.615  2765  2765 E [binder][0x2188dd4d3408][19:19:58.338247] qca6750: [2765:E:HDD] __wlan_hdd_cfg80211_stats_ext_request: Failed to get hw stats: 6
04-21 00:49:47.617  2765  2765 E [binder][0x2188df97ade5][19:20:00.340085] qca6750: [2765:E:DP] dp_request_rx_hw_stats: Stats already requested
04-21 00:49:47.617  2765  2765 E [binder][0x2188df97b219][19:20:00.340141] qca6750: [2765:E:HDD] __wlan_hdd_cfg80211_stats_ext_request: Failed to get hw stats: 6
04-21 00:49:49.621  2765  2765 E [binder][0x2188e1e2a7d3][19:20:02.343631] qca6750: [2765:E:DP] dp_request_rx_hw_stats: Stats already requested
04-21 00:49:49.621  2765  2765 E [binder][0x2188e1e2abe1][19:20:02.343685] qca6750: [2765:E:HDD] __wlan_hdd_cfg80211_stats_ext_request: Failed to get hw stats: 6
04-21 00:49:50.709  2227  2227 E healthd : soc_b:87, soc:85, soc_c:85, Vol:4239, Cur:416,chg_s:1,t_l:22,b_s:2,OffTlast:360,lcd_off:1,Vu:4943,Vw:0,pid:2227,brightness:0.000000,rmCap:4195
04-21 00:49:50.709  2227  2227 E healthd : battery l=85 v=4239 t=30.0 h=2 st=2 c=416575 fc=4963000 cc=134 chg=u
04-21 00:49:50.724  2227  2227 E healthd : soc_b:87, soc:85, soc_c:85, Vol:4239, Cur:416,chg_s:1,t_l:22,b_s:2,OffTlast:361,lcd_off:1,Vu:4941,Vw:0,pid:2227,brightness:0.000000,rmCap:4195
04-21 00:49:51.136     0     0 E [    C3] [soft_i][0x2188e39ea8b7][19: 20:03.859163] qca6750: [0:E:QDF] htc_rx_completion_handler: Received initial wake up
04-21 00:49:51.625  2765  2765 E [binder][0x2188e42dcb04][19:20:04.347726] qca6750: [2765:E:DP] dp_request_rx_hw_stats: Stats already requested
04-21 00:49:51.625  2765  2765 E [binder][0x2188e42dcef4][19:20:04.347779] qca6750: [2765:E:HDD] __wlan_hdd_cfg80211_stats_ext_request: Failed to get hw stats: 6
04-21 00:49:52.371 21861 21861 E BATTERY_CHG: handle_message: adsp_to_kernel_log:key_info:battid:99028 pump_chip:8582,buck_chip:89601,pump_en:0,buck_en:0,ovp:0,fcc:7380,fv:4500,icl:500,ibus_ma:453,usb_sus:0,BattInit:1,chg_type:2,soc:8458,real_cap:4963000,plug_in:1,plugGpio:0,usbTemp:0,battTemp:0,nt_cc_enable:4,2646:01,2654:7b,2606:83,2708:0a,2952:0a,2658:b4,2707:0a,2b09:a3,280c:08,280d:08,2910:11,2940:00,2941:00,270b:e2,4f46:80,2954:00,
04-21 00:49:53.630  2765  2765 E [binder][0x2188e6794f2a][19:20:06.353115] qca6750: [2765:E:DP] dp_request_rx_hw_stats: Stats already requested
04-21 00:49:53.630  2765  2765 E [binder][0x2188e6795537][19:20:06.353196] qca6750: [2765:E:HDD] __wlan_hdd_cfg80211_stats_ext_request: Failed to get hw stats: 6
04-21 00:49:55.636  2765  2765 E [binder][0x2188e8c4c862][19:20:08.358358] qca6750: [2765:E:DP] dp_request_rx_hw_stats: Stats already requested
04-21 00:49:55.636  2765  2765 E [binder][0x2188e8c4cd25][19:20:08.358421] qca6750: [2765:E:HDD] __wlan_hdd_cfg80211_stats_ext_request: Failed to get hw stats: 6
04-21 00:49:57.075     0     0 E [    C0] [soft_i][0x2188ea6a9ccd][19: 20:09.798204] qca6750: [0:E:QDF] htc_rx_completion_handler: Received initial wake up
04-21 00:49:57.637  2765  2765 E [binder][0x2188eb0f39a4][19:20:10.360082] qca6750: [2765:E:DP] dp_request_rx_hw_stats: Stats already requested
04-21 00:49:57.637  2765  2765 E [binder][0x2188eb0f3d96][19:20:10.360134] qca6750: [2765:E:HDD] __wlan_hdd_cfg80211_stats_ext_request: Failed to get hw stats: 6
04-21 00:49:59.641  2765  2765 E [binder][0x2188ed5a404f][19:20:12.363797] qca6750: [2765:E:DP] dp_request_rx_hw_stats: Stats already requested
04-21 00:49:59.641  2765  2765 E [binder][0x2188ed5a43e2][19:20:12.363845] qca6750: [2765:E:HDD] __wlan_hdd_cfg80211_stats_ext_request: Failed to get hw stats: 6
04-21 00:50:01.644  2765  2765 E [binder][0x2188efa51b34][19:20:14.366929] qca6750: [2765:E:DP] dp_request_rx_hw_stats: Stats already requested
04-21 00:50:01.644  2765  2765 E [binder][0x2188efa51ee0][19:20:14.366978] qca6750: [2765:E:HDD] __wlan_hdd_cfg80211_stats_ext_request: Failed to get hw stats: 6
04-21 00:50:02.816     0     0 E [    C2] [soft_i][0x2188f0fc5f8c][19: 20:15.538614] qca6750: [0:E:QDF] htc_rx_completion_handler: Received initial wake up
04-21 00:50:03.650  2765  2765 E [binder][0x2188f1f0a4b2][19:20:16.372389] qca6750: [2765:E:DP] dp_request_rx_hw_stats: Stats already requested
04-21 00:50:03.650  2765  2765 E [binder][0x2188f1f0a977][19:20:16.372452] qca6750: [2765:E:HDD] __wlan_hdd_cfg80211_stats_ext_request: Failed to get hw stats: 6
04-21 00:50:05.653  2765  2765 E [binder][0x2188f43bb5f4][19:20:18.376246] qca6750: [2765:E:DP] dp_request_rx_hw_stats: Stats already requested
04-21 00:50:05.654  2765  2765 E [binder][0x2188f43bbac1][19:20:18.376310] qca6750: [2765:E:HDD] __wlan_hdd_cfg80211_stats_ext_request: Failed to get hw stats: 6
04-21 00:50:07.658  2765  2765 E [binder][0x2188f687105a][19:20:20.381078] qca6750: [2765:E:DP] dp_request_rx_hw_stats: Stats already requested
04-21 00:50:07.658  2765  2765 E [binder][0x2188f687152d][19:20:20.381142] qca6750: [2765:E:HDD] __wlan_hdd_cfg80211_stats_ext_request: Failed to get hw stats: 6
04-21 00:50:09.159     0     0 E [    C0] [soft_i][0x2188f83e9b3f][19: 20:21.881384] qca6750: [0:E:QDF] htc_rx_completion_handler: Received initial wake up
04-21 00:50:09.662  2765  2765 E [binder][0x2188f8d22ae9][19:20:22.385058] qca6750: [2765:E:DP] dp_request_rx_hw_stats: Stats already requested
04-21 00:50:09.662  2765  2765 E [binder][0x2188f8d22ebe][19:20:22.385109] qca6750: [2765:E:HDD] __wlan_hdd_cfg80211_stats_ext_request: Failed to get hw stats: 6
04-21 00:50:10.710  2227  2227 E healthd : soc_b:87, soc:85, soc_c:85, Vol:4239, Cur:395,chg_s:1,t_l:42,b_s:2,OffTlast:380,lcd_off:1,Vu:4941,Vw:0,pid:2227,brightness:0.000000,rmCap:4197
04-21 00:50:10.711  2227  2227 E healthd : battery l=85 v=4239 t=30.0 h=2 st=2 c=395517 fc=4963000 cc=134 chg=u
04-21 00:50:10.725  2227  2227 E healthd : soc_b:87, soc:85, soc_c:85, Vol:4239, Cur:395,chg_s:1,t_l:42,b_s:2,OffTlast:381,lcd_off:1,Vu:4943,Vw:0,pid:2227,brightness:0.000000,rmCap:4197
04-21 00:50:11.666  2765  2765 E [binder][0x2188fb1d1200][19:20:24.388353] qca6750: [2765:E:DP] dp_request_rx_hw_stats: Stats already requested
04-21 00:50:11.666  2765  2765 E [binder][0x2188fb1d1625][19:20:24.388408] qca6750: [2765:E:HDD] __wlan_hdd_cfg80211_stats_ext_request: Failed to get hw stats: 6
04-21 00:50:13.669  2765  2765 E [binder][0x2188fd68087f][19:20:26.391853] qca6750: [2765:E:DP] dp_request_rx_hw_stats: Stats already requested
04-21 00:50:13.669  2765  2765 E [binder][0x2188fd680da7][19:20:26.391922] qca6750: [2765:E:HDD] __wlan_hdd_cfg80211_stats_ext_request: Failed to get hw stats: 6
04-21 00:50:15.098     0     0 E [    C0] [soft_i][0x2188ff0aabe7][19: 20:27.820806] qca6750: [0:E:QDF] htc_rx_completion_handler: Received initial wake up
04-21 00:50:15.671  2765  2765 E [binder][0x2188ffb2937d][19:20:28.393920] qca6750: [2765:E:DP] dp_request_rx_hw_stats: Stats already requested
04-21 00:50:15.671  2765  2765 E [binder][0x2188ffb297c9][19:20:28.393977] qca6750: [2765:E:HDD] __wlan_hdd_cfg80211_stats_ext_request: Failed to get hw stats: 6
04-21 00:50:17.675  2765  2765 E [binder][0x218901fd9851][19:20:30.397611] qca6750: [2765:E:DP] dp_request_rx_hw_stats: Stats already requested
04-21 00:50:17.675  2765  2765 E [binder][0x218901fd9c87][19:20:30.397667] qca6750: [2765:E:HDD] __wlan_hdd_cfg80211_stats_ext_request: Failed to get hw stats: 6
04-21 00:50:19.677  2765  2765 E [binder][0x218904484e92][19:20:32.400254] qca6750: [2765:E:DP] dp_request_rx_hw_stats: Stats already requested
04-21 00:50:19.678  2765  2765 E [binder][0x2189044852e5][19:20:32.400311] qca6750: [2765:E:HDD] __wlan_hdd_cfg80211_stats_ext_request: Failed to get hw stats: 6
04-21 00:50:21.242     0     0 E [    C0] [soft_i][0x21890612a771][19: 20:33.964746] qca6750: [0:E:QDF] htc_rx_completion_handler: Received initial wake up
04-21 00:50:21.681  2765  2765 E [binder][0x218906934c87][19:20:34.403853] qca6750: [2765:E:DP] dp_request_rx_hw_stats: Stats already requested
04-21 00:50:21.681  2765  2765 E [binder][0x2189069350a0][19:20:34.403908] qca6750: [2765:E:HDD] __wlan_hdd_cfg80211_stats_ext_request: Failed to get hw stats: 6
04-21 00:50:23.685  2765  2765 E [binder][0x218908de6d8b][19:20:36.407920] qca6750: [2765:E:DP] dp_request_rx_hw_stats: Stats already requested
04-21 00:50:23.685  2765  2765 E [binder][0x218908de71a4][19:20:36.407975] qca6750: [2765:E:HDD] __wlan_hdd_cfg80211_stats_ext_request: Failed to get hw stats: 6
04-21 00:50:25.688  2765  2765 E [binder][0x21890b2949e8][19:20:38.411072] qca6750: [2765:E:DP] dp_request_rx_hw_stats: Stats already requested
04-21 00:50:25.688  2765  2765 E [binder][0x21890b294e38][19:20:38.411129] qca6750: [2765:E:HDD] __wlan_hdd_cfg80211_stats_ext_request: Failed to get hw stats: 6
04-21 00:50:27.181     0     0 E [    C3] [soft_i][0x21890cdeaa3a][19: 20:39.903983] qca6750: [0:E:QDF] htc_rx_completion_handler: Received initial wake up
04-21 00:50:27.692  2765  2765 E [binder][0x21890d745715][19:20:40.414874] qca6750: [2765:E:DP] dp_request_rx_hw_stats: Stats already requested
04-21 00:50:27.692  2765  2765 E [binder][0x21890d745b30][19:20:40.414929] qca6750: [2765:E:HDD] __wlan_hdd_cfg80211_stats_ext_request: Failed to get hw stats: 6
04-21 00:50:29.695  2765  2765 E [binder][0x21890fbf3ba5][19:20:42.418135] qca6750: [2765:E:DP] dp_request_rx_hw_stats: Stats already requested
04-21 00:50:29.695  2765  2765 E [binder][0x21890fbf4680][19:20:42.418280] qca6750: [2765:E:HDD] __wlan_hdd_cfg80211_stats_ext_request: Failed to get hw stats: 6
04-21 00:50:30.706  2227  2227 E healthd : soc_b:87, soc:85, soc_c:85, Vol:4243, Cur:432,chg_s:1,t_l:61,b_s:2,OffTlast:400,lcd_off:1,Vu:4946,Vw:0,pid:2227,brightness:0.000000,rmCap:4201
04-21 00:50:30.706  2227  2227 E healthd : battery l=85 v=4243 t=30.0 h=2 st=2 c=432139 fc=4963000 cc=134 chg=u
04-21 00:50:30.722  2227  2227 E healthd : soc_b:87, soc:85, soc_c:85, Vol:4243, Cur:432,chg_s:1,t_l:62,b_s:2,OffTlast:401,lcd_off:1,Vu:4943,Vw:0,pid:2227,brightness:0.000000,rmCap:4201
04-21 00:50:31.699  2765  2765 E [binder][0x2189120a27a8][19:20:44.421495] qca6750: [2765:E:DP] dp_request_rx_hw_stats: Stats already requested
04-21 00:50:31.699  2765  2765 E [binder][0x2189120a2b8a][19:20:44.421547] qca6750: [2765:E:HDD] __wlan_hdd_cfg80211_stats_ext_request: Failed to get hw stats: 6
04-21 00:50:33.120     0     0 E [    C1] [soft_i][0x218913aaaf7b][19: 20:45.843253] qca6750: [0:E:QDF] htc_rx_completion_handler: Received initial wake up
04-21 00:50:33.703  2765  2765 E [binder][0x218914553a01][19:20:46.425366] qca6750: [2765:E:DP] dp_request_rx_hw_stats: Stats already requested
04-21 00:50:33.703  2765  2765 E [binder][0x218914553dfe][19:20:46.425419] qca6750: [2765:E:HDD] __wlan_hdd_cfg80211_stats_ext_request: Failed to get hw stats: 6
04-21 00:50:34.355     0     0 E [    C0] [soft_i][0x218915146ab2][19: 20:47.077963] qca6750: [0:E:QDF] htc_rx_completion_handler: Received initial wake up
04-21 00:50:35.706  2765  2765 E [binder][0x218916a009e5][19:20:48.428352] qca6750: [2765:E:DP] dp_request_rx_hw_stats: Stats already requested
04-21 00:50:35.706  2765  2765 E [binder][0x218916a00f5e][19:20:48.428424] qca6750: [2765:E:HDD] __wlan_hdd_cfg80211_stats_ext_request: Failed to get hw stats: 6
04-21 00:50:37.710  2765  2765 E [binder][0x218918eb300c][19:20:50.432487] qca6750: [2765:E:DP] dp_request_rx_hw_stats: Stats already requested
04-21 00:50:37.710  2765  2765 E [binder][0x218918eb3430][19:20:50.432542] qca6750: [2765:E:HDD] __wlan_hdd_cfg80211_stats_ext_request: Failed to get hw stats: 6
04-21 00:50:39.060     0     0 E [    C1] [soft_i][0x21891a76b70b][19: 20:51.782554] qca6750: [0:E:QDF] htc_rx_completion_handler: Received initial wake up
04-21 00:50:39.485     0     0 E [    C3] [soft_i][0x21891af367e5][19: 20:52.208165] qca6750: [0:E:DP] dp_tx_update_peer_stats: Release source:3 is not from TQM
04-21 00:50:39.713  2765  2765 E [binder][0x21891b362ed7][19:20:52.436098] qca6750: [2765:E:DP] dp_request_rx_hw_stats: Stats already requested
04-21 00:50:39.713  2765  2765 E [binder][0x21891b363401][19:20:52.436166] qca6750: [2765:E:HDD] __wlan_hdd_cfg80211_stats_ext_request: Failed to get hw stats: 6
04-21 00:50:41.718  2765  2765 E [binder][0x21891d815ecb][19:20:54.440364] qca6750: [2765:E:DP] dp_request_rx_hw_stats: Stats already requested
04-21 00:50:41.718  2765  2765 E [binder][0x21891d816400][19:20:54.440433] qca6750: [2765:E:HDD] __wlan_hdd_cfg80211_stats_ext_request: Failed to get hw stats: 6
04-21 00:50:42.359 17035 17035 E ipa_pm_handle_suspend: 1280 Client IPA_CLIENT_APPS_WAN_CONS woke up the system
04-21 00:50:43.722  2765  2765 E [binder][0x21891fccc0a3][19:20:56.445295] qca6750: [2765:E:DP] dp_request_rx_hw_stats: Stats already requested
04-21 00:50:43.723  2765  2765 E [binder][0x21891fccc592][19:20:56.445361] qca6750: [2765:E:HDD] __wlan_hdd_cfg80211_stats_ext_request: Failed to get hw stats: 6
04-21 00:50:45.204     0     0 E [    C0] [soft_i][0x2189217ebfb3][19: 20:57.926670] qca6750: [0:E:QDF] htc_rx_completion_handler: Received initial wake up
04-21 00:50:45.725  2765  2765 E [binder][0x2189221788a1][19:20:58.448175] qca6750: [2765:E:DP] dp_request_rx_hw_stats: Stats already requested
04-21 00:50:45.725  2765  2765 E [binder][0x218922178dcd][19:20:58.448244] qca6750: [2765:E:HDD] __wlan_hdd_cfg80211_stats_ext_request: Failed to get hw stats: 6
04-21 00:50:47.730  2765  2765 E [binder][0x21892462c1ad][19:21:00.452562] qca6750: [2765:E:DP] dp_request_rx_hw_stats: Stats already requested
04-21 00:50:47.730  2765  2765 E [binder][0x21892462c6dd][19:21:00.452631] qca6750: [2765:E:HDD] __wlan_hdd_cfg80211_stats_ext_request: Failed to get hw stats: 6
04-21 00:50:49.733  2765  2765 E [binder][0x218926adc788][19:21:02.456267] qca6750: [2765:E:DP] dp_request_rx_hw_stats: Stats already requested
04-21 00:50:49.734  2765  2765 E [binder][0x218926adcb40][19:21:02.456316] qca6750: [2765:E:HDD] __wlan_hdd_cfg80211_stats_ext_request: Failed to get hw stats: 6
04-21 00:50:50.712  2227  2227 E healthd : soc_b:87, soc:85, soc_c:85, Vol:4243, Cur:434,chg_s:1,t_l:82,b_s:2,OffTlast:420,lcd_off:1,Vu:4940,Vw:0,pid:2227,brightness:0.000000,rmCap:4205
04-21 00:50:50.713  2227  2227 E healthd : battery l=85 v=4243 t=30.0 h=2 st=2 c=434886 fc=4963000 cc=134 chg=u
04-21 00:50:50.732  2227  2227 E healthd : soc_b:87, soc:85, soc_c:85, Vol:4243, Cur:434,chg_s:1,t_l:82,b_s:2,OffTlast:421,lcd_off:1,Vu:4943,Vw:0,pid:2227,brightness:0.000000,rmCap:4205
04-21 00:50:51.143     0     0 E [    C1] [soft_i][0x2189284aba77][19: 21:03.865800] qca6750: [0:E:QDF] htc_rx_completion_handler: Received initial wake up
04-21 00:50:51.737  2765  2765 E [binder][0x218928f8a436][19:21:04.459423] qca6750: [2765:E:DP] dp_request_rx_hw_stats: Stats already requested
04-21 00:50:51.737  2765  2765 E [binder][0x218928f8a886][19:21:04.459480] qca6750: [2765:E:HDD] __wlan_hdd_cfg80211_stats_ext_request: Failed to get hw stats: 6
04-21 00:50:53.742  2765  2765 E [binder][0x21892b440c2e][19:21:06.464435] qca6750: [2765:E:DP] dp_request_rx_hw_stats: Stats already requested
04-21 00:50:53.742  2765  2765 E [binder][0x21892b441185][19:21:06.464506] qca6750: [2765:E:HDD] __wlan_hdd_cfg80211_stats_ext_request: Failed to get hw stats: 6
04-21 00:50:55.745  2765  2765 E [binder][0x21892d8f0083][19:21:08.467906] qca6750: [2765:E:DP] dp_request_rx_hw_stats: Stats already requested
04-21 00:50:55.745  2765  2765 E [binder][0x21892d8f048d][19:21:08.467960] qca6750: [2765:E:HDD] __wlan_hdd_cfg80211_stats_ext_request: Failed to get hw stats: 6
04-21 00:50:56.285  2765  2765 E [binder][0x21892e2d4338][19:21:09.008102] qca6750: [2765:E:DP] dp_request_rx_hw_stats: Stats already requested
04-21 00:50:56.285  2765  2765 E [binder][0x21892e2d4550][19:21:09.008130] qca6750: [2765:E:HDD] __wlan_hdd_cfg80211_stats_ext_request: Failed to get hw stats: 6
04-21 00:50:57.082     0     0 E [    C0] [soft_i][0x21892f16b8d7][19: 21:09.804978] qca6750: [0:E:QDF] htc_rx_completion_handler: Received initial wake up
04-21 00:50:58.258  2765  2765 E [binder][0x2189306f52a9][19:21:10.981215] qca6750: [2765:E:DP] dp_request_rx_hw_stats: Stats already requested
04-21 00:50:58.258  2765  2765 E [binder][0x2189306f575f][19:21:10.981278] qca6750: [2765:E:HDD] __wlan_hdd_cfg80211_stats_ext_request: Failed to get hw stats: 6
04-21 00:51:00.264  2765  2765 E [binder][0x218932bae65b][19:21:12.986811] qca6750: [2765:E:DP] dp_request_rx_hw_stats: Stats already requested
04-21 00:51:00.264  2765  2765 E [binder][0x218932baeb9a][19:21:12.986881] qca6750: [2765:E:HDD] __wlan_hdd_cfg80211_stats_ext_request: Failed to get hw stats: 6
04-21 00:51:02.269  2765  2765 E [binder][0x2189350633ec][19:21:14.991472] qca6750: [2765:E:DP] dp_request_rx_hw_stats: Stats already requested
04-21 00:51:02.269  2765  2765 E [binder][0x218935063927][19:21:14.991542] qca6750: [2765:E:HDD] __wlan_hdd_cfg80211_stats_ext_request: Failed to get hw stats: 6
04-21 00:51:04.051 21861 21861 E BATTERY_CHG: handle_message: adsp_to_kernel_log:key_info:battid:99028 pump_chip:8582,buck_chip:89601,pump_en:0,buck_en:0,ovp:0,fcc:7380,fv:4500,icl:500,ibus_ma:453,usb_sus:0,BattInit:1,chg_type:2,soc:8484,real_cap:4963000,plug_in:1,plugGpio:0,usbTemp:0,battTemp:0,nt_cc_enable:4,2646:01,2654:7b,2606:83,2708:0a,2952:0a,2658:b4,2707:0a,2b09:a3,280c:08,280d:08,2910:11,2940:00,2941:00,270b:e2,4f46:80,2954:00,
04-21 00:51:04.274  2765  2765 E [binder][0x2189375195b5][19:21:16.996402] qca6750: [2765:E:DP] dp_request_rx_hw_stats: Stats already requested
04-21 00:51:04.274  2765  2765 E [binder][0x218937519be8][19:21:16.996485] qca6750: [2765:E:HDD] __wlan_hdd_cfg80211_stats_ext_request: Failed to get hw stats: 6
04-21 00:51:06.278  2765  2765 E [binder][0x2189399cd9da][19:21:19.000938] qca6750: [2765:E:DP] dp_request_rx_hw_stats: Stats already requested
04-21 00:51:06.278  2765  2765 E [binder][0x2189399cdf09][19:21:19.001007] qca6750: [2765:E:HDD] __wlan_hdd_cfg80211_stats_ext_request: Failed to get hw stats: 6
04-21 00:51:08.282  2765  2765 E [binder][0x21893be7e8d7][19:21:21.004764] qca6750: [2765:E:DP] dp_request_rx_hw_stats: Stats already requested
04-21 00:51:08.282  2765  2765 E [binder][0x21893be7ec9b][19:21:21.004814] qca6750: [2765:E:HDD] __wlan_hdd_cfg80211_stats_ext_request: Failed to get hw stats: 6
04-21 00:51:09.165     0     0 E [    C0] [soft_i][0x21893ceac02e][19: 21:21.888276] qca6750: [0:E:QDF] htc_rx_completion_handler: Received initial wake up
04-21 00:51:10.283  2765  2765 E [binder][0x21893e324a9c][19:21:23.006281] qca6750: [2765:E:DP] dp_request_rx_hw_stats: Stats already requested
04-21 00:51:10.284  2765  2765 E [binder][0x21893e324de0][19:21:23.006324] qca6750: [2765:E:HDD] __wlan_hdd_cfg80211_stats_ext_request: Failed to get hw stats: 6
04-21 00:51:10.711  2227  2227 E healthd : soc_b:87, soc:85, soc_c:85, Vol:4246, Cur:464,chg_s:1,t_l:102,b_s:2,OffTlast:440,lcd_off:1,Vu:4944,Vw:0,pid:2227,brightness:0.000000,rmCap:4210
04-21 00:51:10.711  2227  2227 E healthd : battery l=85 v=4246 t=30.0 h=2 st=2 c=464183 fc=4963000 cc=134 chg=u
04-21 00:51:10.730  2227  2227 E healthd : soc_b:87, soc:85, soc_c:85, Vol:4246, Cur:464,chg_s:1,t_l:102,b_s:2,OffTlast:441,lcd_off:1,Vu:4940,Vw:0,pid:2227,brightness:0.000000,rmCap:4210
04-21 00:51:12.287  2765  2765 E [binder][0x2189407d2240][19:21:25.009370] qca6750: [2765:E:DP] dp_request_rx_hw_stats: Stats already requested
04-21 00:51:12.287  2765  2765 E [binder][0x2189407d265c][19:21:25.009424] qca6750: [2765:E:HDD] __wlan_hdd_cfg80211_stats_ext_request: Failed to get hw stats: 6
04-21 00:51:14.290  2765  2765 E [binder][0x218942c837ea][19:21:27.013285] qca6750: [2765:E:DP] dp_request_rx_hw_stats: Stats already requested
04-21 00:51:14.291  2765  2765 E [binder][0x218942c83bd9][19:21:27.013337] qca6750: [2765:E:HDD] __wlan_hdd_cfg80211_stats_ext_request: Failed to get hw stats: 6
04-21 00:51:15.105     0     0 E [    C0] [soft_i][0x218943b6bf1e][19: 21:27.827461] qca6750: [0:E:QDF] htc_rx_completion_handler: Received initial wake up
04-21 00:51:16.294  2765  2765 E [binder][0x218945130b02][19:21:29.016313] qca6750: [2765:E:DP] dp_request_rx_hw_stats: Stats already requested
04-21 00:51:16.294  2765  2765 E [binder][0x218945131050][19:21:29.016384] qca6750: [2765:E:HDD] __wlan_hdd_cfg80211_stats_ext_request: Failed to get hw stats: 6
04-21 00:51:18.297  2765  2765 E [binder][0x2189475e142b][19:21:31.020062] qca6750: [2765:E:DP] dp_request_rx_hw_stats: Stats already requested
04-21 00:51:18.297  2765  2765 E [binder][0x2189475e1901][19:21:31.020126] qca6750: [2765:E:HDD] __wlan_hdd_cfg80211_stats_ext_request: Failed to get hw stats: 6
04-21 00:51:20.301  2765  2765 E [binder][0x218949a8fe41][19:21:33.023396] qca6750: [2765:E:DP] dp_request_rx_hw_stats: Stats already requested
04-21 00:51:20.301  2765  2765 E [binder][0x218949a90394][19:21:33.023467] qca6750: [2765:E:HDD] __wlan_hdd_cfg80211_stats_ext_request: Failed to get hw stats: 6
04-21 00:51:21.249     0     0 E [    C0] [soft_i][0x21894abed0ec][19: 21:33.971699] qca6750: [0:E:QDF] htc_rx_completion_handler: Received initial wake up
04-21 00:51:21.971     0     0 E [    C0] [soft_i][0x21894b92785c][19: 21:34.694145] qca6750: [0:E:QDF] htc_rx_completion_handler: Received initial wake up
04-21 00:51:22.304  2765  2765 E [binder][0x21894bf3f479][19:21:35.026893] qca6750: [2765:E:DP] dp_request_rx_hw_stats: Stats already requested
04-21 00:51:22.304  2765  2765 E [binder][0x21894bf3f9a7][19:21:35.026962] qca6750: [2765:E:HDD] __wlan_hdd_cfg80211_stats_ext_request: Failed to get hw stats: 6
04-21 00:51:24.307  2765  2765 E [binder][0x21894e3edd15][19:21:37.030207] qca6750: [2765:E:DP] dp_request_rx_hw_stats: Stats already requested
04-21 00:51:24.307  2765  2765 E [binder][0x21894e3ee29b][19:21:37.030281] qca6750: [2765:E:HDD] __wlan_hdd_cfg80211_stats_ext_request: Failed to get hw stats: 6
04-21 00:51:26.311  2765  2765 E [binder][0x21895089c0c3][19:21:39.033456] qca6750: [2765:E:DP] dp_request_rx_hw_stats: Stats already requested
04-21 00:51:26.311  2765  2765 E [binder][0x21895089c54c][19:21:39.033517] qca6750: [2765:E:HDD] __wlan_hdd_cfg80211_stats_ext_request: Failed to get hw stats: 6
04-21 00:51:27.188     0     0 E [    C1] [soft_i][0x2189518aba87][19: 21:39.910601] qca6750: [0:E:QDF] htc_rx_completion_handler: Received initial wake up
04-21 00:51:28.314  2765  2765 E [binder][0x218952d4b64e][19:21:41.036944] qca6750: [2765:E:DP] dp_request_rx_hw_stats: Stats already requested
04-21 00:51:28.314  2765  2765 E [binder][0x218952d4bbc8][19:21:41.037017] qca6750: [2765:E:HDD] __wlan_hdd_cfg80211_stats_ext_request: Failed to get hw stats: 6
04-21 00:51:30.318  2765  2765 E [binder][0x2189551fe268][19:21:43.041158] qca6750: [2765:E:DP] dp_request_rx_hw_stats: Stats already requested
04-21 00:51:30.318  2765  2765 E [binder][0x2189551fe7d7][19:21:43.041231] qca6750: [2765:E:HDD] __wlan_hdd_cfg80211_stats_ext_request: Failed to get hw stats: 6
04-21 00:51:30.711  2227  2227 E healthd : soc_b:87, soc:85, soc_c:85, Vol:4248, Cur:480,chg_s:1,t_l:122,b_s:2,OffTlast:460,lcd_off:1,Vu:4941,Vw:0,pid:2227,brightness:0.000000,rmCap:4216
04-21 00:51:30.711  2227  2227 E healthd : battery l=85 v=4248 t=30.0 h=2 st=2 c=480663 fc=4963000 cc=134 chg=u
04-21 00:51:30.729  2227  2227 E healthd : soc_b:87, soc:85, soc_c:85, Vol:4248, Cur:480,chg_s:1,t_l:122,b_s:2,OffTlast:461,lcd_off:1,Vu:4943,Vw:0,pid:2227,brightness:0.000000,rmCap:4216
04-21 00:51:32.323  2765  2765 E [binder][0x2189576b0ad2][19:21:45.045324] qca6750: [2765:E:DP] dp_request_rx_hw_stats: Stats already requested
04-21 00:51:32.323  2765  2765 E [binder][0x2189576b0f31][19:21:45.045382] qca6750: [2765:E:HDD] __wlan_hdd_cfg80211_stats_ext_request: Failed to get hw stats: 6
04-21 00:51:33.127     0     0 E [    C0] [soft_i][0x21895856bfdc][19: 21:45.849871] qca6750: [0:E:QDF] htc_rx_completion_handler: Received initial wake up
04-21 00:51:34.325  2765  2765 E [binder][0x218959b5d349][19:21:47.048210] qca6750: [2765:E:DP] dp_request_rx_hw_stats: Stats already requested
04-21 00:51:34.325  2765  2765 E [binder][0x218959b5d870][19:21:47.048279] qca6750: [2765:E:HDD] __wlan_hdd_cfg80211_stats_ext_request: Failed to get hw stats: 6
04-21 00:51:36.329  2765  2765 E [binder][0x21895c00bc79][19:21:49.051532] qca6750: [2765:E:DP] dp_request_rx_hw_stats: Stats already requested
04-21 00:51:36.329  2765  2765 E [binder][0x21895c00bf8a][19:21:49.051573] qca6750: [2765:E:HDD] __wlan_hdd_cfg80211_stats_ext_request: Failed to get hw stats: 6
--------- beginning of system
04-21 00:51:49.513  3245  4298 E AppOpService: Blocked setUidMode call for runtime permission app op: uid = 10151, code = COARSE_LOCATION, mode = foreground, callingUid = 1000, oldMode = allow
04-21 00:51:49.513  3245  4298 E AppOpService: java.lang.RuntimeException
04-21 00:51:49.513  3245  4298 E AppOpService: 	at com.android.server.permission.access.appop.AppOpService.setUidMode(AppOpService.kt:276)
04-21 00:51:49.513  3245  4298 E AppOpService: 	at com.android.server.appop.AppOpsCheckingServiceTracingDecorator.setUidMode(AppOpsCheckingServiceTracingDecorator.java:120)
04-21 00:51:49.513  3245  4298 E AppOpService: 	at com.android.server.appop.AppOpsService.setUidMode(AppOpsService.java:2238)
04-21 00:51:49.513  3245  4298 E AppOpService: 	at com.android.server.appop.AppOpsService.setUidMode(AppOpsService.java:2165)
04-21 00:51:49.513  3245  4298 E AppOpService: 	at android.app.AppOpsManager.setUidMode(AppOpsManager.java:8749)
04-21 00:51:49.513  3245  4298 E AppOpService: 	at com.android.role.controller.model.Permissions.setAppOpModeAsUser(Permissions.java:908)
04-21 00:51:49.513  3245  4298 E AppOpService: 	at com.android.role.controller.model.Permissions.setAppOpUidModeAsUser(Permissions.java:885)
04-21 00:51:49.513  3245  4298 E AppOpService: 	at com.android.role.controller.model.Permissions.grantPermissionAndAppOpAsUser(Permissions.java:373)
04-21 00:51:49.513  3245  4298 E AppOpService: 	at com.android.role.controller.model.Permissions.grantSingleAsUser(Permissions.java:247)
04-21 00:51:49.513  3245  4298 E AppOpService: 	at com.android.role.controller.model.Permissions.grantAsUser(Permissions.java:205)
04-21 00:51:49.513  3245  4298 E AppOpService: 	at com.android.role.controller.model.Role.grantAsUser(Role.java:867)
04-21 00:51:49.513  3245  4298 E AppOpService: 	at com.android.role.controller.service.RoleControllerServiceImpl.addRoleHolderInternal(RoleControllerServiceImpl.java:380)
04-21 00:51:49.513  3245  4298 E AppOpService: 	at com.android.role.controller.service.RoleControllerServiceImpl.onGrantDefaultRoles(RoleControllerServiceImpl.java:163)
04-21 00:51:49.513  3245  4298 E AppOpService: 	at com.android.role.LocalRoleController.lambda$grantDefaultRoles$1(LocalRoleController.java:56)
04-21 00:51:49.513  3245  4298 E AppOpService: 	at com.android.role.LocalRoleController.$r8$lambda$ye-flP7Mf14AbTzwSmiTgndT6Cg(LocalRoleController.java:0)
04-21 00:51:49.513  3245  4298 E AppOpService: 	at com.android.role.LocalRoleController$$ExternalSyntheticLambda1.run(R8$$SyntheticClass:0)
04-21 00:51:49.513  3245  4298 E AppOpService: 	at android.os.Handler.handleCallback(Handler.java:995)
04-21 00:51:49.513  3245  4298 E AppOpService: 	at android.os.Handler.dispatchMessage(Handler.java:103)
04-21 00:51:49.513  3245  4298 E AppOpService: 	at android.os.Looper.loopOnce(Looper.java:283)
04-21 00:51:49.513  3245  4298 E AppOpService: 	at android.os.Looper.loop(Looper.java:392)
04-21 00:51:49.513  3245  4298 E AppOpService: 	at android.os.HandlerThread.run(HandlerThread.java:94)
04-21 00:51:49.514  3245  4298 E AppOpService: Blocked setUidMode call for runtime permission app op: uid = 10147, code = FINE_LOCATION, mode = foreground, callingUid = 1000, oldMode = allow
04-21 00:51:49.514  3245  4298 E AppOpService: java.lang.RuntimeException
04-21 00:51:49.514  3245  4298 E AppOpService: 	at com.android.server.permission.access.appop.AppOpService.setUidMode(AppOpService.kt:276)
04-21 00:51:49.514  3245  4298 E AppOpService: 	at com.android.server.appop.AppOpsCheckingServiceTracingDecorator.setUidMode(AppOpsCheckingServiceTracingDecorator.java:120)
04-21 00:51:49.514  3245  4298 E AppOpService: 	at com.android.server.appop.AppOpsService.setUidMode(AppOpsService.java:2238)
04-21 00:51:49.514  3245  4298 E AppOpService: 	at com.android.server.appop.AppOpsService.setUidMode(AppOpsService.java:2165)
04-21 00:51:49.514  3245  4298 E AppOpService: 	at android.app.AppOpsManager.setUidMode(AppOpsManager.java:8749)
04-21 00:51:49.514  3245  4298 E AppOpService: 	at com.android.role.controller.model.Permissions.setAppOpModeAsUser(Permissions.java:908)
04-21 00:51:49.514  3245  4298 E AppOpService: 	at com.android.role.controller.model.Permissions.setAppOpUidModeAsUser(Permissions.java:885)
04-21 00:51:49.514  3245  4298 E AppOpService: 	at com.android.role.controller.model.Permissions.grantPermissionAndAppOpAsUser(Permissions.java:373)
04-21 00:51:49.514  3245  4298 E AppOpService: 	at com.android.role.controller.model.Permissions.grantSingleAsUser(Permissions.java:247)
04-21 00:51:49.514  3245  4298 E AppOpService: 	at com.android.role.controller.model.Permissions.grantAsUser(Permissions.java:205)
04-21 00:51:49.514  3245  4298 E AppOpService: 	at com.android.role.controller.model.Role.grantAsUser(Role.java:867)
04-21 00:51:49.514  3245  4298 E AppOpService: 	at com.android.role.controller.service.RoleControllerServiceImpl.addRoleHolderInternal(RoleControllerServiceImpl.java:380)
04-21 00:51:49.514  3245  4298 E AppOpService: 	at com.android.role.controller.service.RoleControllerServiceImpl.onGrantDefaultRoles(RoleControllerServiceImpl.java:163)
04-21 00:51:49.514  3245  4298 E AppOpService: 	at com.android.role.LocalRoleController.lambda$grantDefaultRoles$1(LocalRoleController.java:56)
04-21 00:51:49.514  3245  4298 E AppOpService: 	at com.android.role.LocalRoleController.$r8$lambda$ye-flP7Mf14AbTzwSmiTgndT6Cg(LocalRoleController.java:0)
04-21 00:51:49.514  3245  4298 E AppOpService: 	at com.android.role.LocalRoleController$$ExternalSyntheticLambda1.run(R8$$SyntheticClass:0)
04-21 00:51:49.514  3245  4298 E AppOpService: 	at android.os.Handler.handleCallback(Handler.java:995)
04-21 00:51:49.514  3245  4298 E AppOpService: 	at android.os.Handler.dispatchMessage(Handler.java:103)
04-21 00:51:49.514  3245  4298 E AppOpService: 	at android.os.Looper.loopOnce(Looper.java:283)
04-21 00:51:49.514  3245  4298 E AppOpService: 	at android.os.Looper.loop(Looper.java:392)
04-21 00:51:49.514  3245  4298 E AppOpService: 	at android.os.HandlerThread.run(HandlerThread.java:94)
04-21 00:51:49.515  3245  4298 E AppOpService: Blocked setUidMode call for runtime permission app op: uid = 10147, code = COARSE_LOCATION, mode = foreground, callingUid = 1000, oldMode = allow
04-21 00:51:49.515  3245  4298 E AppOpService: java.lang.RuntimeException
04-21 00:51:49.515  3245  4298 E AppOpService: 	at com.android.server.permission.access.appop.AppOpService.setUidMode(AppOpService.kt:276)
04-21 00:51:49.515  3245  4298 E AppOpService: 	at com.android.server.appop.AppOpsCheckingServiceTracingDecorator.setUidMode(AppOpsCheckingServiceTracingDecorator.java:120)
04-21 00:51:49.515  3245  4298 E AppOpService: 	at com.android.server.appop.AppOpsService.setUidMode(AppOpsService.java:2238)
04-21 00:51:49.515  3245  4298 E AppOpService: 	at com.android.server.appop.AppOpsService.setUidMode(AppOpsService.java:2165)
04-21 00:51:49.515  3245  4298 E AppOpService: 	at android.app.AppOpsManager.setUidMode(AppOpsManager.java:8749)
04-21 00:51:49.515  3245  4298 E AppOpService: 	at com.android.role.controller.model.Permissions.setAppOpModeAsUser(Permissions.java:908)
04-21 00:51:49.515  3245  4298 E AppOpService: 	at com.android.role.controller.model.Permissions.setAppOpUidModeAsUser(Permissions.java:885)
04-21 00:51:49.515  3245  4298 E AppOpService: 	at com.android.role.controller.model.Permissions.grantPermissionAndAppOpAsUser(Permissions.java:373)
04-21 00:51:49.515  3245  4298 E AppOpService: 	at com.android.role.controller.model.Permissions.grantSingleAsUser(Permissions.java:247)
04-21 00:51:49.515  3245  4298 E AppOpService: 	at com.android.role.controller.model.Permissions.grantAsUser(Permissions.java:205)
04-21 00:51:49.515  3245  4298 E AppOpService: 	at com.android.role.controller.model.Role.grantAsUser(Role.java:867)
04-21 00:51:49.515  3245  4298 E AppOpService: 	at com.android.role.controller.service.RoleControllerServiceImpl.addRoleHolderInternal(RoleControllerServiceImpl.java:380)
04-21 00:51:49.515  3245  4298 E AppOpService: 	at com.android.role.controller.service.RoleControllerServiceImpl.onGrantDefaultRoles(RoleControllerServiceImpl.java:163)
04-21 00:51:49.515  3245  4298 E AppOpService: 	at com.android.role.LocalRoleController.lambda$grantDefaultRoles$1(LocalRoleController.java:56)
04-21 00:51:49.515  3245  4298 E AppOpService: 	at com.android.role.LocalRoleController.$r8$lambda$ye-flP7Mf14AbTzwSmiTgndT6Cg(LocalRoleController.java:0)
04-21 00:51:49.515  3245  4298 E AppOpService: 	at com.android.role.LocalRoleController$$ExternalSyntheticLambda1.run(R8$$SyntheticClass:0)
04-21 00:51:49.515  3245  4298 E AppOpService: 	at android.os.Handler.handleCallback(Handler.java:995)
04-21 00:51:49.515  3245  4298 E AppOpService: 	at android.os.Handler.dispatchMessage(Handler.java:103)
04-21 00:51:49.515  3245  4298 E AppOpService: 	at android.os.Looper.loopOnce(Looper.java:283)
04-21 00:51:49.515  3245  4298 E AppOpService: 	at android.os.Looper.loop(Looper.java:392)
04-21 00:51:49.515  3245  4298 E AppOpService: 	at android.os.HandlerThread.run(HandlerThread.java:94)
04-21 00:51:49.524  3245  4298 E AppOpService: Blocked setUidMode call for runtime permission app op: uid = 10151, code = COARSE_LOCATION, mode = foreground, callingUid = 1000, oldMode = allow
04-21 00:51:49.524  3245  4298 E AppOpService: java.lang.RuntimeException
04-21 00:51:49.524  3245  4298 E AppOpService: 	at com.android.server.permission.access.appop.AppOpService.setUidMode(AppOpService.kt:276)
04-21 00:51:49.524  3245  4298 E AppOpService: 	at com.android.server.appop.AppOpsCheckingServiceTracingDecorator.setUidMode(AppOpsCheckingServiceTracingDecorator.java:120)
04-21 00:51:49.524  3245  4298 E AppOpService: 	at com.android.server.appop.AppOpsService.setUidMode(AppOpsService.java:2238)
04-21 00:51:49.524  3245  4298 E AppOpService: 	at com.android.server.appop.AppOpsService.setUidMode(AppOpsService.java:2165)
04-21 00:51:49.524  3245  4298 E AppOpService: 	at android.app.AppOpsManager.setUidMode(AppOpsManager.java:8749)
04-21 00:51:49.524  3245  4298 E AppOpService: 	at com.android.role.controller.model.Permissions.setAppOpModeAsUser(Permissions.java:908)
04-21 00:51:49.524  3245  4298 E AppOpService: 	at com.android.role.controller.model.Permissions.setAppOpUidModeAsUser(Permissions.java:885)
04-21 00:51:49.524  3245  4298 E AppOpService: 	at com.android.role.controller.model.Permissions.grantPermissionAndAppOpAsUser(Permissions.java:373)
04-21 00:51:49.524  3245  4298 E AppOpService: 	at com.android.role.controller.model.Permissions.grantSingleAsUser(Permissions.java:247)
04-21 00:51:49.524  3245  4298 E AppOpService: 	at com.android.role.controller.model.Permissions.grantAsUser(Permissions.java:205)
04-21 00:51:49.524  3245  4298 E AppOpService: 	at com.android.role.controller.model.Role.grantAsUser(Role.java:867)
04-21 00:51:49.524  3245  4298 E AppOpService: 	at com.android.role.controller.service.RoleControllerServiceImpl.addRoleHolderInternal(RoleControllerServiceImpl.java:380)
04-21 00:51:49.524  3245  4298 E AppOpService: 	at com.android.role.controller.service.RoleControllerServiceImpl.onGrantDefaultRoles(RoleControllerServiceImpl.java:163)
04-21 00:51:49.524  3245  4298 E AppOpService: 	at com.android.role.LocalRoleController.lambda$grantDefaultRoles$1(LocalRoleController.java:56)
04-21 00:51:49.524  3245  4298 E AppOpService: 	at com.android.role.LocalRoleController.$r8$lambda$ye-flP7Mf14AbTzwSmiTgndT6Cg(LocalRoleController.java:0)
04-21 00:51:49.524  3245  4298 E AppOpService: 	at com.android.role.LocalRoleController$$ExternalSyntheticLambda1.run(R8$$SyntheticClass:0)
04-21 00:51:49.524  3245  4298 E AppOpService: 	at android.os.Handler.handleCallback(Handler.java:995)
04-21 00:51:49.524  3245  4298 E AppOpService: 	at android.os.Handler.dispatchMessage(Handler.java:103)
04-21 00:51:49.524  3245  4298 E AppOpService: 	at android.os.Looper.loopOnce(Looper.java:283)
04-21 00:51:49.524  3245  4298 E AppOpService: 	at android.os.Looper.loop(Looper.java:392)
04-21 00:51:49.524  3245  4298 E AppOpService: 	at android.os.HandlerThread.run(HandlerThread.java:94)
04-21 00:51:49.591  3245  4298 E AppOpService: Blocked setUidMode call for runtime permission app op: uid = 10186, code = FINE_LOCATION, mode = foreground, callingUid = 1000, oldMode = allow
04-21 00:51:49.591  3245  4298 E AppOpService: java.lang.RuntimeException
04-21 00:51:49.591  3245  4298 E AppOpService: 	at com.android.server.permission.access.appop.AppOpService.setUidMode(AppOpService.kt:276)
04-21 00:51:49.591  3245  4298 E AppOpService: 	at com.android.server.appop.AppOpsCheckingServiceTracingDecorator.setUidMode(AppOpsCheckingServiceTracingDecorator.java:120)
04-21 00:51:49.591  3245  4298 E AppOpService: 	at com.android.server.appop.AppOpsService.setUidMode(AppOpsService.java:2238)
04-21 00:51:49.591  3245  4298 E AppOpService: 	at com.android.server.appop.AppOpsService.setUidMode(AppOpsService.java:2165)
04-21 00:51:49.591  3245  4298 E AppOpService: 	at android.app.AppOpsManager.setUidMode(AppOpsManager.java:8749)
04-21 00:51:49.591  3245  4298 E AppOpService: 	at com.android.role.controller.model.Permissions.setAppOpModeAsUser(Permissions.java:908)
04-21 00:51:49.591  3245  4298 E AppOpService: 	at com.android.role.controller.model.Permissions.setAppOpUidModeAsUser(Permissions.java:885)
04-21 00:51:49.591  3245  4298 E AppOpService: 	at com.android.role.controller.model.Permissions.grantPermissionAndAppOpAsUser(Permissions.java:373)
04-21 00:51:49.591  3245  4298 E AppOpService: 	at com.android.role.controller.model.Permissions.grantSingleAsUser(Permissions.java:247)
04-21 00:51:49.591  3245  4298 E AppOpService: 	at com.android.role.controller.model.Permissions.grantAsUser(Permissions.java:205)
04-21 00:51:49.591  3245  4298 E AppOpService: 	at com.android.role.controller.behavior.BrowserRoleBehavior.grantAsUser(BrowserRoleBehavior.java:142)
04-21 00:51:49.591  3245  4298 E AppOpService: 	at com.android.role.controller.model.Role.grantAsUser(Role.java:893)
04-21 00:51:49.591  3245  4298 E AppOpService: 	at com.android.role.controller.service.RoleControllerServiceImpl.addRoleHolderInternal(RoleControllerServiceImpl.java:380)
04-21 00:51:49.591  3245  4298 E AppOpService: 	at com.android.role.controller.service.RoleControllerServiceImpl.onGrantDefaultRoles(RoleControllerServiceImpl.java:163)
04-21 00:51:49.591  3245  4298 E AppOpService: 	at com.android.role.LocalRoleController.lambda$grantDefaultRoles$1(LocalRoleController.java:56)
04-21 00:51:49.591  3245  4298 E AppOpService: 	at com.android.role.LocalRoleController.$r8$lambda$ye-flP7Mf14AbTzwSmiTgndT6Cg(LocalRoleController.java:0)
04-21 00:51:49.591  3245  4298 E AppOpService: 	at com.android.role.LocalRoleController$$ExternalSyntheticLambda1.run(R8$$SyntheticClass:0)
04-21 00:51:49.591  3245  4298 E AppOpService: 	at android.os.Handler.handleCallback(Handler.java:995)
04-21 00:51:49.591  3245  4298 E AppOpService: 	at android.os.Handler.dispatchMessage(Handler.java:103)
04-21 00:51:49.591  3245  4298 E AppOpService: 	at android.os.Looper.loopOnce(Looper.java:283)
04-21 00:51:49.591  3245  4298 E AppOpService: 	at android.os.Looper.loop(Looper.java:392)
04-21 00:51:49.591  3245  4298 E AppOpService: 	at android.os.HandlerThread.run(HandlerThread.java:94)
04-21 00:51:49.592  3245  4298 E AppOpService: Blocked setUidMode call for runtime permission app op: uid = 10186, code = COARSE_LOCATION, mode = foreground, callingUid = 1000, oldMode = allow
04-21 00:51:49.592  3245  4298 E AppOpService: java.lang.RuntimeException
04-21 00:51:49.592  3245  4298 E AppOpService: 	at com.android.server.permission.access.appop.AppOpService.setUidMode(AppOpService.kt:276)
04-21 00:51:49.592  3245  4298 E AppOpService: 	at com.android.server.appop.AppOpsCheckingServiceTracingDecorator.setUidMode(AppOpsCheckingServiceTracingDecorator.java:120)
04-21 00:51:49.592  3245  4298 E AppOpService: 	at com.android.server.appop.AppOpsService.setUidMode(AppOpsService.java:2238)
04-21 00:51:49.592  3245  4298 E AppOpService: 	at com.android.server.appop.AppOpsService.setUidMode(AppOpsService.java:2165)
04-21 00:51:49.592  3245  4298 E AppOpService: 	at android.app.AppOpsManager.setUidMode(AppOpsManager.java:8749)
04-21 00:51:49.592  3245  4298 E AppOpService: 	at com.android.role.controller.model.Permissions.setAppOpModeAsUser(Permissions.java:908)
04-21 00:51:49.592  3245  4298 E AppOpService: 	at com.android.role.controller.model.Permissions.setAppOpUidModeAsUser(Permissions.java:885)
