04-21 00:42:20.717  2765  2765 E [binder][0x2186e027bc26][19:12:33.439369] qca6750: [2765:E:DP] dp_request_rx_hw_stats: Stats already requested
04-21 00:42:20.717  2765  2765 E [binder][0x2186e027c0c5][19:12:33.439430] qca6750: [2765:E:HDD] __wlan_hdd_cfg80211_stats_ext_request: Failed to get hw stats: 6
04-21 00:42:21.243  1567  1567 E audit   : rate limit exceeded
04-21 00:42:21.259 19126 19126 E spi_geni a80000.spi: spi_geni_runtime_suspend: 0 ---1end ctlr->queue = 1 ctlr->busy = 0 ctlr->running = 1
04-21 00:42:21.941 19126 19126 E spi_geni a80000.spi: spi_geni_runtime_suspend: 0 ---1end ctlr->queue = 1 ctlr->busy = 0 ctlr->running = 1
04-21 00:42:22.290  1567  1567 E audit   : rate limit exceeded
04-21 00:42:22.720  2765  2765 E [binder][0x2186e272c184][19:12:35.443067] qca6750: [2765:E:DP] dp_request_rx_hw_stats: Stats already requested
04-21 00:42:22.720  2765  2765 E [binder][0x2186e272c60e][19:12:35.443127] qca6750: [2765:E:HDD] __wlan_hdd_cfg80211_stats_ext_request: Failed to get hw stats: 6
04-21 00:42:23.313  1567  1567 E audit   : rate limit exceeded
04-21 00:42:24.357  1567  1567 E audit   : rate limit exceeded
04-21 00:42:24.443 19126 19126 E spi_geni a80000.spi: spi_geni_runtime_suspend: 0 ---1end ctlr->queue = 1 ctlr->busy = 0 ctlr->running = 1
04-21 00:42:24.724  2765  2765 E [binder][0x2186e4bdab69][19:12:37.446399] qca6750: [2765:E:DP] dp_request_rx_hw_stats: Stats already requested
04-21 00:42:24.724  2765  2765 E [binder][0x2186e4bdafab][19:12:37.446455] qca6750: [2765:E:HDD] __wlan_hdd_cfg80211_stats_ext_request: Failed to get hw stats: 6
04-21 00:42:24.880     0     0 E [    C1] [soft_i][0x2186e4eb80c1][19: 12:37.602844] qca6750: [0:E:DP] dp_tx_update_peer_stats: Release source:3 is not from TQM
04-21 00:42:25.301 15218 15218 E ipa_pm_handle_suspend: 1280 Client IPA_CLIENT_APPS_WAN_CONS woke up the system
04-21 00:42:25.406  1567  1567 E audit   : rate limit exceeded
04-21 00:42:25.435  2765  2765 E [binder][0x2186e58e3c21][19:12:38.158301] qca6750: [2765:E:DP] dp_request_rx_hw_stats: Stats already requested
04-21 00:42:25.436  2765  2765 E [binder][0x2186e58e3e22][19:12:38.158328] qca6750: [2765:E:HDD] __wlan_hdd_cfg80211_stats_ext_request: Failed to get hw stats: 6
04-21 00:42:25.447  2256  2256 E [binder][0x2186e591a072][19:12:38.169879] qca6750: [2256:E:HDD] hdd_config_power: power attr and opm attr is null
04-21 00:42:25.809 19126 19126 E spi_geni a80000.spi: spi_geni_runtime_suspend: 0 ---1end ctlr->queue = 1 ctlr->busy = 0 ctlr->running = 1
04-21 00:42:26.414  1567  1567 E audit   : rate limit exceeded
04-21 00:42:26.923     0     0 E [    C1] [soft_i][0x2186e741f9cf][19: 12:39.645631] qca6750: [0:E:QDF] htc_rx_completion_handler: Received initial wake up
04-21 00:42:27.200 17035 17035 E ipa_pm_handle_suspend: 1280 Client IPA_CLIENT_APPS_WAN_LOW_LAT_CONS woke up the system
04-21 00:42:27.408  2765  2765 E [binder][0x2186e7d0109a][19:12:40.130628] qca6750: [2765:E:DP] dp_request_rx_hw_stats: Stats already requested
04-21 00:42:27.408  2765  2765 E [binder][0x2186e7d01477][19:12:40.130679] qca6750: [2765:E:HDD] __wlan_hdd_cfg80211_stats_ext_request: Failed to get hw stats: 6
04-21 00:42:27.426  1567  1567 E audit   : rate limit exceeded
04-21 00:42:28.441  1567  1567 E audit   : rate limit exceeded
04-21 00:42:29.409  2765  2765 E [binder][0x2186ea1a538c][19:12:42.131734] qca6750: [2765:E:DP] dp_request_rx_hw_stats: Stats already requested
04-21 00:42:29.409  2765  2765 E [binder][0x2186ea1a56d7][19:12:42.131777] qca6750: [2765:E:HDD] __wlan_hdd_cfg80211_stats_ext_request: Failed to get hw stats: 6
04-21 00:42:29.481  1567  1567 E audit   : rate limit exceeded
04-21 00:42:30.533  1567  1567 E audit   : rate limit exceeded
04-21 00:42:30.709  2227  2227 E healthd : soc_b:87, soc:82, soc_c:82, Vol:4196, Cur:6,chg_s:1,t_l:465,b_s:2,OffTlast:0,lcd_off:0,Vu:4942,Vw:0,pid:2227,brightness:1.710343,rmCap:4046
04-21 00:42:30.709  2227  2227 E healthd : battery l=82 v=4196 t=32.0 h=2 st=2 c=6408 fc=4963000 cc=134 chg=u
04-21 00:42:30.728  2227  2227 E healthd : soc_b:87, soc:82, soc_c:82, Vol:4196, Cur:6,chg_s:1,t_l:465,b_s:2,OffTlast:0,lcd_off:0,Vu:4943,Vw:0,pid:2227,brightness:1.710343,rmCap:4046
04-21 00:42:30.802  2765  2765 E [binder][0x2186ebb28f02][19:12:43.525166] qca6750: [2765:E:DP] dp_request_rx_hw_stats: Stats already requested
04-21 00:42:30.802  2765  2765 E [binder][0x2186ebb290fe][19:12:43.525193] qca6750: [2765:E:HDD] __wlan_hdd_cfg80211_stats_ext_request: Failed to get hw stats: 6
04-21 00:42:30.858 19126 19126 E spi_geni a80000.spi: spi_geni_runtime_suspend: 0 ---1end ctlr->queue = 1 ctlr->busy = 0 ctlr->running = 1
04-21 00:42:31.272 23208 23208 E ipa_pm_handle_suspend: 1280 Client IPA_CLIENT_APPS_WAN_CONS woke up the system
04-21 00:42:31.424  2256  2256 E [binder][0x2186ec68c00a][19:12:44.147047] qca6750: [2256:E:HDD] hdd_config_power: power attr and opm attr is null
04-21 00:42:31.455   533   533 E servicemanager: VINTF HALs require names in the format type/instance (e.g. some.package.foo.IFoo/default) but got: media_quality
04-21 00:42:31.555  1567  1567 E audit   : rate limit exceeded
04-21 00:42:31.657 19126 19126 E spi_geni a80000.spi: spi_geni_runtime_suspend: 0 ---1end ctlr->queue = 1 ctlr->busy = 0 ctlr->running = 1
04-21 00:42:32.156 23208 23208 E ipa_pm_handle_suspend: 1280 Client IPA_CLIENT_APPS_WAN_LOW_LAT_CONS woke up the system
04-21 00:42:32.174 19126 19126 E spi_geni a80000.spi: spi_geni_runtime_suspend: 0 ---1end ctlr->queue = 1 ctlr->busy = 0 ctlr->running = 1
04-21 00:42:32.589  1567  1567 E audit   : rate limit exceeded
04-21 00:42:32.630 19126 19126 E spi_geni a80000.spi: spi_geni_runtime_suspend: 0 ---1end ctlr->queue = 1 ctlr->busy = 0 ctlr->running = 1
04-21 00:42:32.748 23208 23208 E ipa_pm_handle_suspend: 1280 Client IPA_CLIENT_APPS_WAN_CONS woke up the system
04-21 00:42:32.773  2765  2765 E [binder][0x2186edf40281][19:12:45.496200] qca6750: [2765:E:DP] dp_request_rx_hw_stats: Stats already requested
04-21 00:42:32.773  2765  2765 E [binder][0x2186edf40733][19:12:45.496262] qca6750: [2765:E:HDD] __wlan_hdd_cfg80211_stats_ext_request: Failed to get hw stats: 6
04-21 00:42:33.510   533   533 E servicemanager: VINTF HALs require names in the format type/instance (e.g. some.package.foo.IFoo/default) but got: media_quality
04-21 00:42:33.641  1567  1567 E audit   : rate limit exceeded
04-21 00:42:33.687 17498 17498 E mtk_spk_send_ipi_buf_to_dsp(): [mtk_spk_send_ipi_buf_to_dsp]you need to define this func in other module!
04-21 00:42:33.728 19126 19126 E spi_geni a80000.spi: spi_geni_runtime_suspend: 0 ---1end ctlr->queue = 1 ctlr->busy = 0 ctlr->running = 1
04-21 00:42:33.748 15218 15218 E ipa_pm_handle_suspend: 1280 Client IPA_CLIENT_APPS_WAN_CONS woke up the system
04-21 00:42:34.666  1567  1567 E audit   : rate limit exceeded
04-21 00:42:34.776  2765  2765 E [binder][0x2186f03e9a1e][19:12:47.498435] qca6750: [2765:E:DP] dp_request_rx_hw_stats: Stats already requested
04-21 00:42:34.776  2765  2765 E [binder][0x2186f03e9c03][19:12:47.498460] qca6750: [2765:E:HDD] __wlan_hdd_cfg80211_stats_ext_request: Failed to get hw stats: 6
04-21 00:42:35.527 19126 19126 E spi_geni a80000.spi: spi_geni_runtime_suspend: 0 ---1end ctlr->queue = 1 ctlr->busy = 0 ctlr->running = 1
04-21 00:42:35.678  1567  1567 E audit   : rate limit exceeded
04-21 00:42:36.692  1567  1567 E audit   : rate limit exceeded
04-21 00:42:36.779  2765  2765 E [binder][0x2186f28991ec][19:12:49.501952] qca6750: [2765:E:DP] dp_request_rx_hw_stats: Stats already requested
04-21 00:42:36.779  2765  2765 E [binder][0x2186f28995c0][19:12:49.502003] qca6750: [2765:E:HDD] __wlan_hdd_cfg80211_stats_ext_request: Failed to get hw stats: 6
04-21 00:42:37.147 19126 19126 E spi_geni a80000.spi: spi_geni_runtime_suspend: 0 ---1end ctlr->queue = 1 ctlr->busy = 0 ctlr->running = 1
04-21 00:42:37.704  1567  1567 E audit   : rate limit exceeded
04-21 00:42:38.753  1567  1567 E audit   : rate limit exceeded
04-21 00:42:38.782  2765  2765 E [binder][0x2186f4d46fd6][19:12:51.505124] qca6750: [2765:E:DP] dp_request_rx_hw_stats: Stats already requested
04-21 00:42:38.782  2765  2765 E [binder][0x2186f4d4736f][19:12:51.505172] qca6750: [2765:E:HDD] __wlan_hdd_cfg80211_stats_ext_request: Failed to get hw stats: 6
04-21 00:42:39.805  1567  1567 E audit   : rate limit exceeded
04-21 00:42:40.309 15218 15218 E ipa_pm_handle_suspend: 1280 Client IPA_CLIENT_APPS_WAN_CONS woke up the system
04-21 00:42:40.785  2765  2765 E [binder][0x2186f71f16bd][19:12:53.507563] qca6750: [2765:E:DP] dp_request_rx_hw_stats: Stats already requested
04-21 00:42:40.785  2765  2765 E [binder][0x2186f71f18b8][19:12:53.507589] qca6750: [2765:E:HDD] __wlan_hdd_cfg80211_stats_ext_request: Failed to get hw stats: 6
04-21 00:42:40.848  1567  1567 E audit   : rate limit exceeded
04-21 00:42:41.897  1567  1567 E audit   : rate limit exceeded
04-21 00:42:42.292 17006 17006 E BATTERY_CHG: handle_message: adsp_to_kernel_log:key_info:battid:99028 pump_chip:8582,buck_chip:89601,pump_en:0,buck_en:0,ovp:0,fcc:2500,fv:4500,icl:500,ibus_ma:453,usb_sus:0,BattInit:1,chg_type:2,soc:8152,real_cap:4963000,plug_in:1,plugGpio:0,usbTemp:0,battTemp:0,nt_cc_enable:4,2646:01,2654:29,2606:83,2708:0a,2952:0a,2658:b4,2707:0a,2b09:a3,280c:08,280d:08,2910:11,2940:00,2941:00,270b:e2,4f46:80,2954:00,
04-21 00:42:42.787  2765  2765 E [binder][0x2186f9699a94][19:12:55.509534] qca6750: [2765:E:DP] dp_request_rx_hw_stats: Stats already requested
04-21 00:42:42.787  2765  2765 E [binder][0x2186f9699d6b][19:12:55.509572] qca6750: [2765:E:HDD] __wlan_hdd_cfg80211_stats_ext_request: Failed to get hw stats: 6
04-21 00:42:42.944  1567  1567 E audit   : rate limit exceeded
04-21 00:42:43.982  1567  1567 E audit   : rate limit exceeded
04-21 00:42:44.545 19126 19126 E spi_geni a80000.spi: spi_geni_runtime_suspend: 0 ---1end ctlr->queue = 1 ctlr->busy = 0 ctlr->running = 1
04-21 00:42:44.789  2765  2765 E [binder][0x2186fbb458a0][19:12:57.512281] qca6750: [2765:E:DP] dp_request_rx_hw_stats: Stats already requested
04-21 00:42:44.790  2765  2765 E [binder][0x2186fbb45cfd][19:12:57.512340] qca6750: [2765:E:HDD] __wlan_hdd_cfg80211_stats_ext_request: Failed to get hw stats: 6
04-21 00:42:45.029  1567  1567 E audit   : rate limit exceeded
04-21 00:42:45.360     0     0 E [    C2] [soft_i][0x2186fc5b64b9][19: 12:58.082469] qca6750: [0:E:DP] dp_tx_update_peer_stats: Release source:3 is not from TQM
04-21 00:42:45.637 19126 19126 E spi_geni a80000.spi: spi_geni_runtime_suspend: 0 ---1end ctlr->queue = 1 ctlr->busy = 0 ctlr->running = 1
04-21 00:42:46.794  2765  2765 E [binder][0x2186fdff8d43][19:12:59.516610] qca6750: [2765:E:DP] dp_request_rx_hw_stats: Stats already requested
04-21 00:42:46.794  2765  2765 E [binder][0x2186fdff926d][19:12:59.516679] qca6750: [2765:E:HDD] __wlan_hdd_cfg80211_stats_ext_request: Failed to get hw stats: 6
04-21 00:42:46.900 16747 16747 E [binder][0x2186fe1eafdd][19:12:59.622885] qca6750: [16747:E:HDD] hdd_config_power: power attr and opm attr is null
04-21 00:42:48.331     0     0 E [    C1] [soft_i][0x2186ffc1c8cf][19: 13:01.053404] qca6750: [0:E:QDF] htc_rx_completion_handler: Received initial wake up
04-21 00:42:48.797  2765  2765 E [binder][0x2187004a8c0a][19:13:01.520220] qca6750: [2765:E:DP] dp_request_rx_hw_stats: Stats already requested
04-21 00:42:48.797  2765  2765 E [binder][0x2187004a9162][19:13:01.520291] qca6750: [2765:E:HDD] __wlan_hdd_cfg80211_stats_ext_request: Failed to get hw stats: 6
04-21 00:42:50.715  2227  2227 E healthd : soc_b:87, soc:82, soc_c:82, Vol:4209, Cur:257,chg_s:1,t_l:485,b_s:2,OffTlast:0,lcd_off:0,Vu:4941,Vw:0,pid:2227,brightness:1.710343,rmCap:4045
04-21 00:42:50.716  2227  2227 E healthd : battery l=82 v=4209 t=32.0 h=2 st=2 c=257269 fc=4963000 cc=134 chg=u
04-21 00:42:50.732  2227  2227 E healthd : soc_b:87, soc:82, soc_c:82, Vol:4209, Cur:257,chg_s:1,t_l:485,b_s:2,OffTlast:0,lcd_off:0,Vu:4943,Vw:0,pid:2227,brightness:1.710343,rmCap:4045
04-21 00:42:50.801  2765  2765 E [binder][0x21870295a049][19:13:03.524117] qca6750: [2765:E:DP] dp_request_rx_hw_stats: Stats already requested
04-21 00:42:50.801  2765  2765 E [binder][0x21870295a58c][19:13:03.524187] qca6750: [2765:E:HDD] __wlan_hdd_cfg80211_stats_ext_request: Failed to get hw stats: 6
04-21 00:42:51.876 19996 19996 E audit   : rate limit exceeded
04-21 00:42:52.805  2765  2765 E [binder][0x218704e0929e][19:13:05.527561] qca6750: [2765:E:DP] dp_request_rx_hw_stats: Stats already requested
04-21 00:42:52.805  2765  2765 E [binder][0x218704e0966b][19:13:05.527612] qca6750: [2765:E:HDD] __wlan_hdd_cfg80211_stats_ext_request: Failed to get hw stats: 6
04-21 00:42:54.808  2765  2765 E [binder][0x2187072b5a94][19:13:07.530441] qca6750: [2765:E:DP] dp_request_rx_hw_stats: Stats already requested
04-21 00:42:54.808  2765  2765 E [binder][0x2187072b5e65][19:13:07.530492] qca6750: [2765:E:HDD] __wlan_hdd_cfg80211_stats_ext_request: Failed to get hw stats: 6
04-21 00:42:56.812  2765  2765 E [binder][0x218709768774][19:13:09.534666] qca6750: [2765:E:DP] dp_request_rx_hw_stats: Stats already requested
04-21 00:42:56.812  2765  2765 E [binder][0x218709768c55][19:13:09.534731] qca6750: [2765:E:HDD] __wlan_hdd_cfg80211_stats_ext_request: Failed to get hw stats: 6
04-21 00:42:57.938 16747 16747 E [binder][0x21870ac07964][19:13:10.660878] qca6750: [16747:E:HDD] hdd_config_power: power attr and opm attr is null
04-21 00:42:58.054  1567  1567 E audit   : rate limit exceeded
04-21 00:42:58.069 19126 19126 E spi_geni a80000.spi: spi_geni_runtime_suspend: 0 ---1end ctlr->queue = 1 ctlr->busy = 0 ctlr->running = 1
04-21 00:42:58.815  2765  2765 E [binder][0x21870bc14c21][19:13:11.537501] qca6750: [2765:E:DP] dp_request_rx_hw_stats: Stats already requested
04-21 00:42:58.815  2765  2765 E [binder][0x21870bc14e5e][19:13:11.537531] qca6750: [2765:E:HDD] __wlan_hdd_cfg80211_stats_ext_request: Failed to get hw stats: 6
04-21 00:42:59.036   533   533 E servicemanager: VINTF HALs require names in the format type/instance (e.g. some.package.foo.IFoo/default) but got: media_quality
04-21 00:42:59.084  1567  1567 E audit   : rate limit exceeded
04-21 00:42:59.245   533   533 E servicemanager: VINTF HALs require names in the format type/instance (e.g. some.package.foo.IFoo/default) but got: media_quality
04-21 00:42:59.860     0     0 E [    C2] [soft_i][0x21870cf36b43][19: 13:12.582396] qca6750: [0:E:REGULATORY] reg_freq_to_chan_for_chlist: invalid frequency 5945
04-21 00:43:00.092  1567  1567 E audit   : rate limit exceeded
04-21 00:43:00.142 16747 16747 E [binder][0x21870d4631cc][19:13:12.864937] qca6750: [16747:E:HDD] hdd_config_power: power attr and opm attr is null
04-21 00:43:00.384 17498 17498 E mtk_spk_send_ipi_buf_to_dsp(): [mtk_spk_send_ipi_buf_to_dsp]you need to define this func in other module!
04-21 00:43:00.817  2765  2765 E [binder][0x21870e0c00c9][19:13:13.540124] qca6750: [2765:E:DP] dp_request_rx_hw_stats: Stats already requested
04-21 00:43:00.817  2765  2765 E [binder][0x21870e0c046e][19:13:13.540172] qca6750: [2765:E:HDD] __wlan_hdd_cfg80211_stats_ext_request: Failed to get hw stats: 6
04-21 00:43:00.956 19126 19126 E spi_geni a80000.spi: spi_geni_runtime_suspend: 0 ---1end ctlr->queue = 1 ctlr->busy = 0 ctlr->running = 1
04-21 00:43:01.113  1567  1567 E audit   : rate limit exceeded
04-21 00:43:02.162  1567  1567 E audit   : rate limit exceeded
04-21 00:43:02.819  2765  2765 E [binder][0x21871056569e][19:13:15.541481] qca6750: [2765:E:DP] dp_request_rx_hw_stats: Stats already requested
04-21 00:43:02.819  2765  2765 E [binder][0x218710565a12][19:13:15.541527] qca6750: [2765:E:HDD] __wlan_hdd_cfg80211_stats_ext_request: Failed to get hw stats: 6
04-21 00:43:03.175  1567  1567 E audit   : rate limit exceeded
04-21 00:43:03.276     0     0 E [    C3] [soft_i][0x218710dc725e][19: 13:15.999239] qca6750: [0:E:DP] dp_tx_update_peer_stats: Release source:3 is not from TQM
04-21 00:43:04.227  1567  1567 E audit   : rate limit exceeded
04-21 00:43:04.823  2765  2765 E [binder][0x218712a1884e][19:13:17.545771] qca6750: [2765:E:DP] dp_request_rx_hw_stats: Stats already requested
04-21 00:43:04.823  2765  2765 E [binder][0x218712a18b3c][19:13:17.545809] qca6750: [2765:E:HDD] __wlan_hdd_cfg80211_stats_ext_request: Failed to get hw stats: 6
04-21 00:43:05.275  1567  1567 E audit   : rate limit exceeded
04-21 00:43:06.313  1567  1567 E audit   : rate limit exceeded
04-21 00:43:06.826  2765  2765 E [binder][0x218714ec3b0a][19:13:19.548367] qca6750: [2765:E:DP] dp_request_rx_hw_stats: Stats already requested
04-21 00:43:06.826  2765  2765 E [binder][0x218714ec3f70][19:13:19.548425] qca6750: [2765:E:HDD] __wlan_hdd_cfg80211_stats_ext_request: Failed to get hw stats: 6
04-21 00:43:07.364  1567  1567 E audit   : rate limit exceeded
04-21 00:43:08.387  1567  1567 E audit   : rate limit exceeded
04-21 00:43:08.831  2765  2765 E [binder][0x218717379dd8][19:13:21.553311] qca6750: [2765:E:DP] dp_request_rx_hw_stats: Stats already requested
04-21 00:43:08.831  2765  2765 E [binder][0x21871737a1c0][19:13:21.553363] qca6750: [2765:E:HDD] __wlan_hdd_cfg80211_stats_ext_request: Failed to get hw stats: 6
04-21 00:43:09.430  1567  1567 E audit   : rate limit exceeded
04-21 00:43:10.472  1567  1567 E audit   : rate limit exceeded
04-21 00:43:10.708  2227  2227 E healthd : soc_b:87, soc:82, soc_c:82, Vol:4206, Cur:211,chg_s:1,t_l:504,b_s:2,OffTlast:0,lcd_off:0,Vu:4943,Vw:0,pid:2227,brightness:1.710343,rmCap:4045
04-21 00:43:10.709  2227  2227 E healthd : battery l=82 v=4206 t=32.0 h=2 st=2 c=211492 fc=4963000 cc=134 chg=u
04-21 00:43:10.728  2227  2227 E healthd : soc_b:87, soc:82, soc_c:82, Vol:4206, Cur:211,chg_s:1,t_l:505,b_s:2,OffTlast:0,lcd_off:0,Vu:4946,Vw:0,pid:2227,brightness:1.710343,rmCap:4045
04-21 00:43:10.833  2765  2765 E [binder][0x2187198261f9][19:13:23.556140] qca6750: [2765:E:DP] dp_request_rx_hw_stats: Stats already requested
04-21 00:43:10.833  2765  2765 E [binder][0x218719826580][19:13:23.556186] qca6750: [2765:E:HDD] __wlan_hdd_cfg80211_stats_ext_request: Failed to get hw stats: 6
04-21 00:43:11.523  1567  1567 E audit   : rate limit exceeded
04-21 00:43:12.546  1567  1567 E audit   : rate limit exceeded
04-21 00:43:12.835  2765  2765 E [binder][0x21871bccdc13][19:13:25.557981] qca6750: [2765:E:DP] dp_request_rx_hw_stats: Stats already requested
04-21 00:43:12.835  2765  2765 E [binder][0x21871bccdfa8][19:13:25.558028] qca6750: [2765:E:HDD] __wlan_hdd_cfg80211_stats_ext_request: Failed to get hw stats: 6
04-21 00:43:13.591  1567  1567 E audit   : rate limit exceeded
04-21 00:43:14.631  1567  1567 E audit   : rate limit exceeded
04-21 00:43:14.840  2765  2765 E [binder][0x21871e184a97][19:13:27.563081] qca6750: [2765:E:DP] dp_request_rx_hw_stats: Stats already requested
04-21 00:43:14.840  2765  2765 E [binder][0x21871e184ef5][19:13:27.563139] qca6750: [2765:E:HDD] __wlan_hdd_cfg80211_stats_ext_request: Failed to get hw stats: 6
04-21 00:43:15.683  1567  1567 E audit   : rate limit exceeded
04-21 00:43:16.733  1567  1567 E audit   : rate limit exceeded
04-21 00:43:16.843  2765  2765 E [binder][0x218720630dc5][19:13:29.565897] qca6750: [2765:E:DP] dp_request_rx_hw_stats: Stats already requested
04-21 00:43:16.843  2765  2765 E [binder][0x218720631166][19:13:29.565945] qca6750: [2765:E:HDD] __wlan_hdd_cfg80211_stats_ext_request: Failed to get hw stats: 6
04-21 00:43:17.715 16747 16747 E [binder][0x218721629b4f][19:13:30.438184] qca6750: [16747:E:HDD] hdd_config_power: power attr and opm attr is null
04-21 00:43:17.784  1567  1567 E audit   : rate limit exceeded
04-21 00:43:18.808  1567  1567 E audit   : rate limit exceeded
04-21 00:43:18.845  2765  2765 E [binder][0x218722ada632][19:13:31.568142] qca6750: [2765:E:DP] dp_request_rx_hw_stats: Stats already requested
04-21 00:43:18.845  2765  2765 E [binder][0x218722ada98e][19:13:31.568187] qca6750: [2765:E:HDD] __wlan_hdd_cfg80211_stats_ext_request: Failed to get hw stats: 6
04-21 00:43:19.174   533   533 E servicemanager: VINTF HALs require names in the format type/instance (e.g. some.package.foo.IFoo/default) but got: media_quality
04-21 00:43:19.863  1567  1567 E audit   : rate limit exceeded
04-21 00:43:19.888 19126 19126 E spi_geni a80000.spi: spi_geni_runtime_suspend: 0 ---1end ctlr->queue = 1 ctlr->busy = 0 ctlr->running = 1
04-21 00:43:20.849  2765  2765 E [binder][0x218724f8b88f][19:13:33.572014] qca6750: [2765:E:DP] dp_request_rx_hw_stats: Stats already requested
04-21 00:43:20.849  2765  2765 E [binder][0x218724f8bde8][19:13:33.572085] qca6750: [2765:E:HDD] __wlan_hdd_cfg80211_stats_ext_request: Failed to get hw stats: 6
04-21 00:43:20.912  1567  1567 E audit   : rate limit exceeded
04-21 00:43:21.962  1567  1567 E audit   : rate limit exceeded
04-21 00:43:22.246     0     0 E [    C0] [soft_i][0x21872691e590][19: 13:34.968668] qca6750: [0:E:DP] dp_tx_update_peer_stats: Release source:3 is not from TQM
04-21 00:43:22.853  2765  2765 E [binder][0x21872743dc98][19:13:35.576121] qca6750: [2765:E:DP] dp_request_rx_hw_stats: Stats already requested
04-21 00:43:22.853  2765  2765 E [binder][0x21872743e5d0][19:13:35.576244] qca6750: [2765:E:HDD] __wlan_hdd_cfg80211_stats_ext_request: Failed to get hw stats: 6
04-21 00:43:23.011  1567  1567 E audit   : rate limit exceeded
04-21 00:43:24.065  1567  1567 E audit   : rate limit exceeded
04-21 00:43:24.857  2765  2765 E [binder][0x2187298ee5f4][19:13:37.579872] qca6750: [2765:E:DP] dp_request_rx_hw_stats: Stats already requested
04-21 00:43:24.857  2765  2765 E [binder][0x2187298eeae8][19:13:37.579939] qca6750: [2765:E:HDD] __wlan_hdd_cfg80211_stats_ext_request: Failed to get hw stats: 6
04-21 00:43:25.118  1567  1567 E audit   : rate limit exceeded
04-21 00:43:26.162  1567  1567 E audit   : rate limit exceeded
04-21 00:43:26.862  2765  2765 E [binder][0x21872bda6aa9][19:13:39.585268] qca6750: [2765:E:DP] dp_request_rx_hw_stats: Stats already requested
04-21 00:43:26.863  2765  2765 E [binder][0x21872bda6f5d][19:13:39.585331] qca6750: [2765:E:HDD] __wlan_hdd_cfg80211_stats_ext_request: Failed to get hw stats: 6
04-21 00:43:27.214  1567  1567 E audit   : rate limit exceeded
04-21 00:43:28.261  1567  1567 E audit   : rate limit exceeded
04-21 00:43:28.867  2765  2765 E [binder][0x21872e259c31][19:13:41.589556] qca6750: [2765:E:DP] dp_request_rx_hw_stats: Stats already requested
04-21 00:43:28.867  2765  2765 E [binder][0x21872e25a17c][19:13:41.589626] qca6750: [2765:E:HDD] __wlan_hdd_cfg80211_stats_ext_request: Failed to get hw stats: 6
04-21 00:43:29.311  1567  1567 E audit   : rate limit exceeded
04-21 00:43:30.353  1567  1567 E audit   : rate limit exceeded
04-21 00:43:30.711  2227  2227 E healthd : soc_b:87, soc:82, soc_c:82, Vol:4216, Cur:319,chg_s:1,t_l:525,b_s:2,OffTlast:0,lcd_off:0,Vu:4942,Vw:0,pid:2227,brightness:1.710343,rmCap:4046
04-21 00:43:30.711  2227  2227 E healthd : battery l=82 v=4216 t=32.0 h=2 st=2 c=319526 fc=4963000 cc=134 chg=u
04-21 00:43:30.729  2227  2227 E healthd : soc_b:87, soc:82, soc_c:82, Vol:4216, Cur:319,chg_s:1,t_l:525,b_s:2,OffTlast:0,lcd_off:0,Vu:4945,Vw:0,pid:2227,brightness:1.710343,rmCap:4046
04-21 00:43:30.871  2765  2765 E [binder][0x21873070b9ab][19:13:43.593575] qca6750: [2765:E:DP] dp_request_rx_hw_stats: Stats already requested
04-21 00:43:30.871  2765  2765 E [binder][0x21873070beee][19:13:43.593645] qca6750: [2765:E:HDD] __wlan_hdd_cfg80211_stats_ext_request: Failed to get hw stats: 6
04-21 00:43:31.406  1567  1567 E audit   : rate limit exceeded
04-21 00:43:32.453  1567  1567 E audit   : rate limit exceeded
04-21 00:43:32.876  2765  2765 E [binder][0x218732bc40f6][19:13:45.599006] qca6750: [2765:E:DP] dp_request_rx_hw_stats: Stats already requested
04-21 00:43:32.876  2765  2765 E [binder][0x218732bc464e][19:13:45.599077] qca6750: [2765:E:HDD] __wlan_hdd_cfg80211_stats_ext_request: Failed to get hw stats: 6
04-21 00:43:33.502  1567  1567 E audit   : rate limit exceeded
04-21 00:43:34.533  1567  1567 E audit   : rate limit exceeded
04-21 00:43:34.881  2765  2765 E [binder][0x21873507b7c0][19:13:47.604216] qca6750: [2765:E:DP] dp_request_rx_hw_stats: Stats already requested
04-21 00:43:34.882  2765  2765 E [binder][0x21873507bd52][19:13:47.604291] qca6750: [2765:E:HDD] __wlan_hdd_cfg80211_stats_ext_request: Failed to get hw stats: 6
04-21 00:43:35.559  1567  1567 E audit   : rate limit exceeded
04-21 00:43:36.606  1567  1567 E audit   : rate limit exceeded
04-21 00:43:36.886  2765  2765 E [binder][0x2187375309da][19:13:49.608938] qca6750: [2765:E:DP] dp_request_rx_hw_stats: Stats already requested
04-21 00:43:36.886  2765  2765 E [binder][0x218737530eb6][19:13:49.609003] qca6750: [2765:E:HDD] __wlan_hdd_cfg80211_stats_ext_request: Failed to get hw stats: 6
04-21 00:43:37.651  1567  1567 E audit   : rate limit exceeded
04-21 00:43:38.464 16747 16747 E [binder][0x218739213f9b][19:13:51.186614] qca6750: [16747:E:HDD] hdd_config_power: power attr and opm attr is null
04-21 00:43:38.532   533   533 E servicemanager: VINTF HALs require names in the format type/instance (e.g. some.package.foo.IFoo/default) but got: media_quality
04-21 00:43:38.541 17498 17498 E mtk_spk_send_ipi_buf_to_dsp(): [mtk_spk_send_ipi_buf_to_dsp]you need to define this func in other module!
04-21 00:43:38.660  1567  1567 E audit   : rate limit exceeded
04-21 00:43:38.890  2765  2765 E [binder][0x2187399e3020][19:13:51.613075] qca6750: [2765:E:DP] dp_request_rx_hw_stats: Stats already requested
04-21 00:43:38.890  2765  2765 E [binder][0x2187399e338f][19:13:51.613120] qca6750: [2765:E:HDD] __wlan_hdd_cfg80211_stats_ext_request: Failed to get hw stats: 6
04-21 00:43:39.045 22795 22795 E spi_geni a80000.spi: spi_geni_runtime_suspend: 0 ---1end ctlr->queue = 1 ctlr->busy = 0 ctlr->running = 1
04-21 00:43:39.590 22795 22795 E spi_geni a80000.spi: spi_geni_runtime_suspend: 0 ---1end ctlr->queue = 1 ctlr->busy = 0 ctlr->running = 1
04-21 00:43:39.668  1567  1567 E audit   : rate limit exceeded
04-21 00:43:40.690  1567  1567 E audit   : rate limit exceeded
04-21 00:43:40.894  2765  2765 E [binder][0x21873be93eb5][19:13:53.616896] qca6750: [2765:E:DP] dp_request_rx_hw_stats: Stats already requested
04-21 00:43:40.894  2765  2765 E [binder][0x21873be942e4][19:13:53.616952] qca6750: [2765:E:HDD] __wlan_hdd_cfg80211_stats_ext_request: Failed to get hw stats: 6
04-21 00:43:41.707  1567  1567 E audit   : rate limit exceeded
04-21 00:43:42.751  1567  1567 E audit   : rate limit exceeded
04-21 00:43:42.898  2765  2765 E [binder][0x21873e3430aa][19:13:55.620335] qca6750: [2765:E:DP] dp_request_rx_hw_stats: Stats already requested
04-21 00:43:42.898  2765  2765 E [binder][0x21873e3434aa][19:13:55.620388] qca6750: [2765:E:HDD] __wlan_hdd_cfg80211_stats_ext_request: Failed to get hw stats: 6
04-21 00:43:43.804  1567  1567 E audit   : rate limit exceeded
04-21 00:43:44.853  1567  1567 E audit   : rate limit exceeded
04-21 00:43:44.900  2765  2765 E [binder][0x2187407eb9ff][19:13:57.622380] qca6750: [2765:E:DP] dp_request_rx_hw_stats: Stats already requested
04-21 00:43:44.900  2765  2765 E [binder][0x2187407ebe69][19:13:57.622438] qca6750: [2765:E:HDD] __wlan_hdd_cfg80211_stats_ext_request: Failed to get hw stats: 6
04-21 00:43:45.880  1567  1567 E audit   : rate limit exceeded
04-21 00:43:46.902  2765  2765 E [binder][0x218742c949ea][19:13:59.624512] qca6750: [2765:E:DP] dp_request_rx_hw_stats: Stats already requested
04-21 00:43:46.902  2765  2765 E [binder][0x218742c94c5e][19:13:59.624544] qca6750: [2765:E:HDD] __wlan_hdd_cfg80211_stats_ext_request: Failed to get hw stats: 6
04-21 00:43:46.936 22795 22795 E spi_geni a80000.spi: spi_geni_runtime_suspend: 0 ---1end ctlr->queue = 1 ctlr->busy = 0 ctlr->running = 1
04-21 00:43:47.757   289   289 E [FTS_TS/E]fts_pocket_mode_store: pocket mode info:pm_suspend = 0
04-21 00:43:47.757   289   289 E [FTS_TS/E]fts_pocket_mode_store: Pre-pocket_mode = 0, Exit pocket mode
04-21 00:43:47.877  4687  4687 E st21nfc_dev_write: i2c_master_send returned -107
04-21 00:43:47.925 16747 16747 E [binder][0x218743f507aa][19:14:00.647628] qca6750: [16747:E:HDD] hdd_config_power: power attr and opm attr is null
04-21 00:43:48.170 18795 18795 E spi_geni a80000.spi: spi_geni_runtime_suspend: 0 ---1end ctlr->queue = 1 ctlr->busy = 0 ctlr->running = 1
04-21 00:43:48.338     0     0 E [    C1] [soft_i][0x2187446e356f][19: 14:01.061252] qca6750: [0:E:DP] dp_tx_update_peer_stats: Release source:3 is not from TQM
04-21 00:43:48.416  1035  1035 E         : [drm:sde_connector_report_panel_dead:3365] [sde error]esd check failed report PANEL_DEAD conn_id: 61 enc_id: 60
04-21 00:43:48.711 19369 19369 E spi_geni a80000.spi: spi_geni_runtime_suspend: 0 ---1end ctlr->queue = 1 ctlr->busy = 0 ctlr->running = 1
04-21 00:43:48.906  2765  2765 E [binder][0x218745147095][19:14:01.628654] qca6750: [2765:E:DP] dp_request_rx_hw_stats: Stats already requested
04-21 00:43:48.906  2765  2765 E [binder][0x218745147494][19:14:01.628707] qca6750: [2765:E:HDD] __wlan_hdd_cfg80211_stats_ext_request: Failed to get hw stats: 6
04-21 00:43:49.322 22784 22784 E spi_geni a80000.spi: spi_geni_runtime_suspend: 0 ---1end ctlr->queue = 1 ctlr->busy = 0 ctlr->running = 1
04-21 00:43:50.705  2227  2227 E healthd : soc_b:87, soc:82, soc_c:82, Vol:4218, Cur:343,chg_s:1,t_l:544,b_s:2,OffTlast:0,lcd_off:1,Vu:4939,Vw:0,pid:2227,brightness:0.669291,rmCap:4051
04-21 00:43:50.705  2227  2227 E healthd : battery l=82 v=4218 t=32.0 h=2 st=2 c=343331 fc=4963000 cc=134 chg=u
04-21 00:43:50.725  2227  2227 E healthd : soc_b:87, soc:82, soc_c:82, Vol:4218, Cur:343,chg_s:1,t_l:545,b_s:2,OffTlast:1,lcd_off:1,Vu:4940,Vw:0,pid:2227,brightness:0.669291,rmCap:4051
04-21 00:43:50.910  2765  2765 E [binder][0x2187475fa167][19:14:03.632932] qca6750: [2765:E:DP] dp_request_rx_hw_stats: Stats already requested
04-21 00:43:50.910  2765  2765 E [binder][0x2187475fa610][19:14:03.632994] qca6750: [2765:E:HDD] __wlan_hdd_cfg80211_stats_ext_request: Failed to get hw stats: 6
04-21 00:43:52.913  2765  2765 E [binder][0x218749aa7dfa][19:14:05.636086] qca6750: [2765:E:DP] dp_request_rx_hw_stats: Stats already requested
04-21 00:43:52.913  2765  2765 E [binder][0x218749aa80fb][19:14:05.636126] qca6750: [2765:E:HDD] __wlan_hdd_cfg80211_stats_ext_request: Failed to get hw stats: 6
04-21 00:43:53.886  2326  2326 E BATTERY_CHG: scenario_fcc_write: scenario_fcc_write,val:9000
04-21 00:43:53.969 17012 17012 E BATTERY_CHG: handle_message: adsp_to_kernel_log:key_info:battid:99028 pump_chip:8582,buck_chip:89601,pump_en:0,buck_en:0,ovp:0,fcc:2500,fv:4500,icl:500,ibus_ma:453,usb_sus:0,BattInit:1,chg_type:2,soc:8163,real_cap:4963000,plug_in:1,plugGpio:0,usbTemp:0,battTemp:0,nt_cc_enable:4,2646:01,2654:29,2606:83,2708:0a,2952:0a,2658:b4,2707:0a,2b09:a3,280c:08,280d:08,2910:11,2940:00,2941:00,270b:e2,4f46:80,2954:00,
04-21 00:43:54.917  2765  2765 E [binder][0x21874bf57410][19:14:07.639581] qca6750: [2765:E:DP] dp_request_rx_hw_stats: Stats already requested
04-21 00:43:54.917  2765  2765 E [binder][0x21874bf578af][19:14:07.639642] qca6750: [2765:E:HDD] __wlan_hdd_cfg80211_stats_ext_request: Failed to get hw stats: 6
04-21 00:43:56.920  2765  2765 E [binder][0x21874e405711][19:14:09.642820] qca6750: [2765:E:DP] dp_request_rx_hw_stats: Stats already requested
04-21 00:43:56.920  2765  2765 E [binder][0x21874e4059c1][19:14:09.642856] qca6750: [2765:E:HDD] __wlan_hdd_cfg80211_stats_ext_request: Failed to get hw stats: 6
04-21 00:43:58.924  2765  2765 E [binder][0x2187508b83b4][19:14:11.647043] qca6750: [2765:E:DP] dp_request_rx_hw_stats: Stats already requested
04-21 00:43:58.924  2765  2765 E [binder][0x2187508b8897][19:14:11.647108] qca6750: [2765:E:HDD] __wlan_hdd_cfg80211_stats_ext_request: Failed to get hw stats: 6
04-21 00:44:00.928  2765  2765 E [binder][0x218752d6a21e][19:14:13.651075] qca6750: [2765:E:DP] dp_request_rx_hw_stats: Stats already requested
04-21 00:44:00.928  2765  2765 E [binder][0x218752d6a750][19:14:13.651144] qca6750: [2765:E:HDD] __wlan_hdd_cfg80211_stats_ext_request: Failed to get hw stats: 6
04-21 00:44:02.931  2765  2765 E [binder][0x218755216f03][19:14:15.654020] qca6750: [2765:E:DP] dp_request_rx_hw_stats: Stats already requested
04-21 00:44:02.931  2765  2765 E [binder][0x218755217166][19:14:15.654052] qca6750: [2765:E:HDD] __wlan_hdd_cfg80211_stats_ext_request: Failed to get hw stats: 6
04-21 00:44:04.006     0     0 E [    C0] [soft_i][0x2187565c49d8][19: 14:16.728725] qca6750: [0:E:QDF] htc_rx_completion_handler: Received initial wake up
04-21 00:44:04.933  2765  2765 E [binder][0x2187576bed53][19:14:17.655917] qca6750: [2765:E:DP] dp_request_rx_hw_stats: Stats already requested
04-21 00:44:04.933  2765  2765 E [binder][0x2187576bf14b][19:14:17.655970] qca6750: [2765:E:HDD] __wlan_hdd_cfg80211_stats_ext_request: Failed to get hw stats: 6
04-21 00:44:06.934  2765  2765 E [binder][0x218759b641a8][19:14:19.657255] qca6750: [2765:E:DP] dp_request_rx_hw_stats: Stats already requested
04-21 00:44:06.935  2765  2765 E [binder][0x218759b6469f][19:14:19.657321] qca6750: [2765:E:HDD] __wlan_hdd_cfg80211_stats_ext_request: Failed to get hw stats: 6
04-21 00:44:08.914     0     0 E [    C0] [soft_i][0x21875bfa359b][19: 14:21.636828] qca6750: [0:E:QDF] htc_rx_completion_handler: Received initial wake up
04-21 00:44:08.938  2765  2765 E [binder][0x21875c012945][19:14:21.660557] qca6750: [2765:E:DP] dp_request_rx_hw_stats: Stats already requested
04-21 00:44:08.938  2765  2765 E [binder][0x21875c012c1b][19:14:21.660594] qca6750: [2765:E:HDD] __wlan_hdd_cfg80211_stats_ext_request: Failed to get hw stats: 6
04-21 00:44:10.149     0     0 E [    C0] [soft_i][0x21875d63f552][19: 14:22.871598] qca6750: [0:E:QDF] htc_rx_completion_handler: Received initial wake up
04-21 00:44:10.711  2227  2227 E healthd : soc_b:87, soc:82, soc_c:82, Vol:4227, Cur:475,chg_s:1,t_l:565,b_s:2,OffTlast:20,lcd_off:1,Vu:4941,Vw:0,pid:2227,brightness:0.000000,rmCap:4051
04-21 00:44:10.711  2227  2227 E healthd : battery l=82 v=4227 t=32.0 h=2 st=2 c=475170 fc=4963000 cc=134 chg=u
04-21 00:44:10.729  2227  2227 E healthd : soc_b:87, soc:82, soc_c:82, Vol:4227, Cur:475,chg_s:1,t_l:565,b_s:2,OffTlast:21,lcd_off:1,Vu:4942,Vw:0,pid:2227,brightness:0.000000,rmCap:4051
04-21 00:44:10.943  2765  2765 E [binder][0x21875e4c98b1][19:14:23.665669] qca6750: [2765:E:DP] dp_request_rx_hw_stats: Stats already requested
04-21 00:44:10.943  2765  2765 E [binder][0x21875e4c9de4][19:14:23.665738] qca6750: [2765:E:HDD] __wlan_hdd_cfg80211_stats_ext_request: Failed to get hw stats: 6
04-21 00:44:12.947  2765  2765 E [binder][0x21876097b626][19:14:25.669688] qca6750: [2765:E:DP] dp_request_rx_hw_stats: Stats already requested
04-21 00:44:12.947  2765  2765 E [binder][0x21876097bb39][19:14:25.669756] qca6750: [2765:E:HDD] __wlan_hdd_cfg80211_stats_ext_request: Failed to get hw stats: 6
04-21 00:44:14.952  2765  2765 E [binder][0x218762e30d58][19:14:27.674478] qca6750: [2765:E:DP] dp_request_rx_hw_stats: Stats already requested
04-21 00:44:14.952  2765  2765 E [binder][0x218762e311f6][19:14:27.674539] qca6750: [2765:E:HDD] __wlan_hdd_cfg80211_stats_ext_request: Failed to get hw stats: 6
04-21 00:44:16.957  2765  2765 E [binder][0x2187652e8f65][19:14:29.679838] qca6750: [2765:E:DP] dp_request_rx_hw_stats: Stats already requested
04-21 00:44:16.957  2765  2765 E [binder][0x2187652e94ae][19:14:29.679909] qca6750: [2765:E:HDD] __wlan_hdd_cfg80211_stats_ext_request: Failed to get hw stats: 6
04-21 00:44:18.577     0     0 E [    C0] [soft_i][0x2187670935d7][19: 14:31.299978] qca6750: [0:E:DP] dp_tx_update_peer_stats: Release source:3 is not from TQM
04-21 00:44:18.963  2765  2765 E [binder][0x2187677a25ee][19:14:31.685472] qca6750: [2765:E:DP] dp_request_rx_hw_stats: Stats already requested
04-21 00:44:18.963  2765  2765 E [binder][0x2187677a2f41][19:14:31.685596] qca6750: [2765:E:HDD] __wlan_hdd_cfg80211_stats_ext_request: Failed to get hw stats: 6
04-21 00:44:20.967  2765  2765 E [binder][0x218769c556ab][19:14:33.689748] qca6750: [2765:E:DP] dp_request_rx_hw_stats: Stats already requested
04-21 00:44:20.967  2765  2765 E [binder][0x218769c55918][19:14:33.689781] qca6750: [2765:E:HDD] __wlan_hdd_cfg80211_stats_ext_request: Failed to get hw stats: 6
04-21 00:44:22.971  2765  2765 E [binder][0x21876c107912][19:14:35.693834] qca6750: [2765:E:DP] dp_request_rx_hw_stats: Stats already requested
04-21 00:44:22.971  2765  2765 E [binder][0x21876c107e41][19:14:35.693903] qca6750: [2765:E:HDD] __wlan_hdd_cfg80211_stats_ext_request: Failed to get hw stats: 6
04-21 00:44:24.975  2765  2765 E [binder][0x21876e5b8a66][19:14:37.697692] qca6750: [2765:E:DP] dp_request_rx_hw_stats: Stats already requested
04-21 00:44:24.975  2765  2765 E [binder][0x21876e5b8f08][19:14:37.697753] qca6750: [2765:E:HDD] __wlan_hdd_cfg80211_stats_ext_request: Failed to get hw stats: 6
04-21 00:44:26.936     0     0 E [    C1] [soft_i][0x2187709a38a9][19: 14:39.659269] qca6750: [0:E:QDF] htc_rx_completion_handler: Received initial wake up
04-21 00:44:26.978  2765  2765 E [binder][0x218770a64094][19:14:39.700335] qca6750: [2765:E:DP] dp_request_rx_hw_stats: Stats already requested
04-21 00:44:26.978  2765  2765 E [binder][0x218770a64444][19:14:39.700383] qca6750: [2765:E:HDD] __wlan_hdd_cfg80211_stats_ext_request: Failed to get hw stats: 6
04-21 00:44:28.983  2765  2765 E [binder][0x218772f1d846][19:14:41.705983] qca6750: [2765:E:DP] dp_request_rx_hw_stats: Stats already requested
04-21 00:44:28.983  2765  2765 E [binder][0x218772f1dd8c][19:14:41.706054] qca6750: [2765:E:HDD] __wlan_hdd_cfg80211_stats_ext_request: Failed to get hw stats: 6
04-21 00:44:30.710  2227  2227 E healthd : soc_b:87, soc:82, soc_c:82, Vol:4231, Cur:472,chg_s:1,t_l:585,b_s:2,OffTlast:40,lcd_off:1,Vu:4940,Vw:0,pid:2227,brightness:0.000000,rmCap:4062
04-21 00:44:30.710  2227  2227 E healthd : battery l=82 v=4231 t=32.0 h=2 st=2 c=472423 fc=4963000 cc=134 chg=u
04-21 00:44:30.724  2227  2227 E healthd : soc_b:87, soc:82, soc_c:82, Vol:4231, Cur:472,chg_s:1,t_l:585,b_s:2,OffTlast:41,lcd_off:1,Vu:4943,Vw:0,pid:2227,brightness:0.000000,rmCap:4062
04-21 00:44:30.989  2765  2765 E [binder][0x2187753d5eeb][19:14:43.711406] qca6750: [2765:E:DP] dp_request_rx_hw_stats: Stats already requested
04-21 00:44:30.989  2765  2765 E [binder][0x2187753d6391][19:14:43.711467] qca6750: [2765:E:HDD] __wlan_hdd_cfg80211_stats_ext_request: Failed to get hw stats: 6
04-21 00:44:32.994  2765  2765 E [binder][0x21877788f795][19:14:45.717068] qca6750: [2765:E:DP] dp_request_rx_hw_stats: Stats already requested
04-21 00:44:32.994  2765  2765 E [binder][0x21877788fd09][19:14:45.717140] qca6750: [2765:E:HDD] __wlan_hdd_cfg80211_stats_ext_request: Failed to get hw stats: 6
04-21 00:44:35.000  2765  2765 E [binder][0x218779d481fc][19:14:47.722540] qca6750: [2765:E:DP] dp_request_rx_hw_stats: Stats already requested
04-21 00:44:35.000  2765  2765 E [binder][0x218779d48742][19:14:47.722610] qca6750: [2765:E:HDD] __wlan_hdd_cfg80211_stats_ext_request: Failed to get hw stats: 6
04-21 00:44:37.002  2765  2765 E [binder][0x21877c1f396d][19:14:49.725199] qca6750: [2765:E:DP] dp_request_rx_hw_stats: Stats already requested
04-21 00:44:37.002  2765  2765 E [binder][0x21877c1f3d50][19:14:49.725250] qca6750: [2765:E:HDD] __wlan_hdd_cfg80211_stats_ext_request: Failed to get hw stats: 6
04-21 00:44:39.006  2765  2765 E [binder][0x21877e6a3c68][19:14:51.728865] qca6750: [2765:E:DP] dp_request_rx_hw_stats: Stats already requested
04-21 00:44:39.006  2765  2765 E [binder][0x21877e6a405a][19:14:51.728918] qca6750: [2765:E:HDD] __wlan_hdd_cfg80211_stats_ext_request: Failed to get hw stats: 6
04-21 00:44:39.276     0     0 E [    C1] [soft_i][0x21877eb9600d][19: 14:51.998995] qca6750: [0:E:DP] dp_tx_update_peer_stats: Release source:3 is not from TQM
04-21 00:44:41.011  2765  2765 E [binder][0x218780b5bacf][19:14:53.734177] qca6750: [2765:E:DP] dp_request_rx_hw_stats: Stats already requested
04-21 00:44:41.011  2765  2765 E [binder][0x218780b5bffd][19:14:53.734246] qca6750: [2765:E:HDD] __wlan_hdd_cfg80211_stats_ext_request: Failed to get hw stats: 6
04-21 00:44:42.358 17035 17035 E ipa_pm_handle_suspend: 1280 Client IPA_CLIENT_APPS_WAN_CONS woke up the system
04-21 00:44:43.016  2765  2765 E [binder][0x218783010117][19:14:55.738741] qca6750: [2765:E:DP] dp_request_rx_hw_stats: Stats already requested
04-21 00:44:43.016  2765  2765 E [binder][0x21878301063a][19:14:55.738809] qca6750: [2765:E:HDD] __wlan_hdd_cfg80211_stats_ext_request: Failed to get hw stats: 6
04-21 00:44:44.959     0     0 E [    C1] [soft_i][0x2187853a5666][19: 14:57.682066] qca6750: [0:E:QDF] htc_rx_completion_handler: Received initial wake up
04-21 00:44:45.020  2765  2765 E [binder][0x2187854c0fc2][19:14:57.742563] qca6750: [2765:E:DP] dp_request_rx_hw_stats: Stats already requested
04-21 00:44:45.020  2765  2765 E [binder][0x2187854c1337][19:14:57.742609] qca6750: [2765:E:HDD] __wlan_hdd_cfg80211_stats_ext_request: Failed to get hw stats: 6
04-21 00:44:47.025  2765  2765 E [binder][0x218787978023][19:14:59.747688] qca6750: [2765:E:DP] dp_request_rx_hw_stats: Stats already requested
04-21 00:44:47.025  2765  2765 E [binder][0x21878797854f][19:14:59.747757] qca6750: [2765:E:HDD] __wlan_hdd_cfg80211_stats_ext_request: Failed to get hw stats: 6
04-21 00:44:49.028  2765  2765 E [binder][0x218789e25e75][19:15:01.750866] qca6750: [2765:E:DP] dp_request_rx_hw_stats: Stats already requested
04-21 00:44:49.028  2765  2765 E [binder][0x218789e262ba][19:15:01.750923] qca6750: [2765:E:HDD] __wlan_hdd_cfg80211_stats_ext_request: Failed to get hw stats: 6
04-21 00:44:50.716  2227  2227 E healthd : soc_b:87, soc:82, soc_c:82, Vol:4231, Cur:464,chg_s:1,t_l:605,b_s:2,OffTlast:61,lcd_off:1,Vu:4942,Vw:0,pid:2227,brightness:0.000000,rmCap:4074
04-21 00:44:50.716  2227  2227 E healthd : battery l=82 v=4231 t=32.0 h=2 st=2 c=464183 fc=4963000 cc=134 chg=u
04-21 00:44:50.736  2227  2227 E healthd : soc_b:87, soc:82, soc_c:82, Vol:4231, Cur:464,chg_s:1,t_l:605,b_s:2,OffTlast:61,lcd_off:1,Vu:4944,Vw:0,pid:2227,brightness:0.000000,rmCap:4074
04-21 00:44:51.034  2765  2765 E [binder][0x21878c2df863][19:15:03.756545] qca6750: [2765:E:DP] dp_request_rx_hw_stats: Stats already requested
04-21 00:44:51.034  2765  2765 E [binder][0x21878c2dfd9f][19:15:03.756615] qca6750: [2765:E:HDD] __wlan_hdd_cfg80211_stats_ext_request: Failed to get hw stats: 6
04-21 00:44:53.037  2765  2765 E [binder][0x21878e78c5d4][19:15:05.759497] qca6750: [2765:E:DP] dp_request_rx_hw_stats: Stats already requested
04-21 00:44:53.037  2765  2765 E [binder][0x21878e78cab0][19:15:05.759562] qca6750: [2765:E:HDD] __wlan_hdd_cfg80211_stats_ext_request: Failed to get hw stats: 6
04-21 00:44:55.040  2765  2765 E [binder][0x218790c3b81f][19:15:07.762941] qca6750: [2765:E:DP] dp_request_rx_hw_stats: Stats already requested
04-21 00:44:55.040  2765  2765 E [binder][0x218790c3bcbc][19:15:07.763003] qca6750: [2765:E:HDD] __wlan_hdd_cfg80211_stats_ext_request: Failed to get hw stats: 6
04-21 00:44:57.042     0     0 E [    C0] [soft_i][0x2187930e440a][19: 15:09.765021] qca6750: [0:E:QDF] htc_rx_completion_handler: Received initial wake up
04-21 00:44:57.045  2765  2765 E [binder][0x2187930f1886][19:15:09.767853] qca6750: [2765:E:DP] dp_request_rx_hw_stats: Stats already requested
04-21 00:44:57.045  2765  2765 E [binder][0x2187930f1b7e][19:15:09.767893] qca6750: [2765:E:HDD] __wlan_hdd_cfg80211_stats_ext_request: Failed to get hw stats: 6
04-21 00:44:59.048  2765  2765 E [binder][0x21879559f995][19:15:11.771068] qca6750: [2765:E:DP] dp_request_rx_hw_stats: Stats already requested
04-21 00:44:59.048  2765  2765 E [binder][0x21879559fee9][19:15:11.771138] qca6750: [2765:E:HDD] __wlan_hdd_cfg80211_stats_ext_request: Failed to get hw stats: 6
04-21 00:45:01.052  2765  2765 E [binder][0x218797a51262][19:15:13.775025] qca6750: [2765:E:DP] dp_request_rx_hw_stats: Stats already requested
04-21 00:45:01.052  2765  2765 E [binder][0x218797a51726][19:15:13.775088] qca6750: [2765:E:HDD] __wlan_hdd_cfg80211_stats_ext_request: Failed to get hw stats: 6
04-21 00:45:02.981     0     0 E [    C0] [soft_i][0x218799da46d8][19: 15:15.704258] qca6750: [0:E:QDF] htc_rx_completion_handler: Received initial wake up
04-21 00:45:03.057  2765  2765 E [binder][0x218799f07707][19:15:15.779993] qca6750: [2765:E:DP] dp_request_rx_hw_stats: Stats already requested
04-21 00:45:03.057  2765  2765 E [binder][0x218799f07b9b][19:15:15.780054] qca6750: [2765:E:HDD] __wlan_hdd_cfg80211_stats_ext_request: Failed to get hw stats: 6
04-21 00:45:05.062  2765  2765 E [binder][0x21879c3bdeb3][19:15:17.785002] qca6750: [2765:E:DP] dp_request_rx_hw_stats: Stats already requested
04-21 00:45:05.062  2765  2765 E [binder][0x21879c3be3ca][19:15:17.785070] qca6750: [2765:E:HDD] __wlan_hdd_cfg80211_stats_ext_request: Failed to get hw stats: 6
04-21 00:45:05.651 17012 17012 E BATTERY_CHG: handle_message: adsp_to_kernel_log:key_info:battid:99028 pump_chip:8582,buck_chip:89601,pump_en:0,buck_en:0,ovp:0,fcc:7380,fv:4500,icl:500,ibus_ma:453,usb_sus:0,BattInit:1,chg_type:2,soc:8233,real_cap:4963000,plug_in:1,plugGpio:0,usbTemp:0,battTemp:0,nt_cc_enable:4,2646:01,2654:7b,2606:83,2708:0a,2952:0a,2658:b4,2707:0a,2b09:a3,280c:08,280d:08,2910:11,2940:00,2941:00,270b:e2,4f46:80,2954:00,
04-21 00:45:07.067  2765  2765 E [binder][0x21879e873fe0][19:15:19.789925] qca6750: [2765:E:DP] dp_request_rx_hw_stats: Stats already requested
04-21 00:45:07.067  2765  2765 E [binder][0x21879e874574][19:15:19.789999] qca6750: [2765:E:HDD] __wlan_hdd_cfg80211_stats_ext_request: Failed to get hw stats: 6
04-21 00:45:08.921     0     0 E [    C0] [soft_i][0x2187a0a6471d][19: 15:21.643462] qca6750: [0:E:QDF] htc_rx_completion_handler: Received initial wake up
04-21 00:45:08.972     0     0 E [    C2] [soft_i][0x2187a0b52e0b][19: 15:21.694327] qca6750: [0:E:DP] dp_tx_update_peer_stats: Release source:3 is not from TQM
04-21 00:45:09.073  2765  2765 E [binder][0x2187a0d2f331][19:15:21.795943] qca6750: [2765:E:DP] dp_request_rx_hw_stats: Stats already requested
04-21 00:45:09.073  2765  2765 E [binder][0x2187a0d2f84e][19:15:21.796010] qca6750: [2765:E:HDD] __wlan_hdd_cfg80211_stats_ext_request: Failed to get hw stats: 6
04-21 00:45:10.712  2227  2227 E healthd : soc_b:87, soc:82, soc_c:82, Vol:4233, Cur:471,chg_s:1,t_l:625,b_s:2,OffTlast:80,lcd_off:1,Vu:4943,Vw:0,pid:2227,brightness:0.000000,rmCap:4086
04-21 00:45:10.712  2227  2227 E healthd : battery l=82 v=4233 t=31.0 h=2 st=2 c=471508 fc=4963000 cc=134 chg=u
04-21 00:45:10.730  2227  2227 E healthd : soc_b:87, soc:82, soc_c:82, Vol:4233, Cur:471,chg_s:1,t_l:625,b_s:2,OffTlast:81,lcd_off:1,Vu:4944,Vw:0,pid:2227,brightness:0.000000,rmCap:4086
04-21 00:45:11.078  2765  2765 E [binder][0x2187a31e6dde][19:15:23.801205] qca6750: [2765:E:DP] dp_request_rx_hw_stats: Stats already requested
04-21 00:45:11.078  2765  2765 E [binder][0x2187a31e72ee][19:15:23.801272] qca6750: [2765:E:HDD] __wlan_hdd_cfg80211_stats_ext_request: Failed to get hw stats: 6
04-21 00:45:13.081  2765  2765 E [binder][0x2187a56940c4][19:15:25.804230] qca6750: [2765:E:DP] dp_request_rx_hw_stats: Stats already requested
04-21 00:45:13.081  2765  2765 E [binder][0x2187a5694597][19:15:25.804294] qca6750: [2765:E:HDD] __wlan_hdd_cfg80211_stats_ext_request: Failed to get hw stats: 6
04-21 00:45:15.065     0     0 E [    C1] [soft_i][0x2187a7ae4a95][19: 15:27.787508] qca6750: [0:E:QDF] htc_rx_completion_handler: Received initial wake up
04-21 00:45:15.085  2765  2765 E [binder][0x2187a7b42603][19:15:27.807500] qca6750: [2765:E:DP] dp_request_rx_hw_stats: Stats already requested
04-21 00:45:15.085  2765  2765 E [binder][0x2187a7b42914][19:15:27.807541] qca6750: [2765:E:HDD] __wlan_hdd_cfg80211_stats_ext_request: Failed to get hw stats: 6
04-21 00:45:17.090  2765  2765 E [binder][0x2187a9ff891e][19:15:29.812448] qca6750: [2765:E:DP] dp_request_rx_hw_stats: Stats already requested
04-21 00:45:17.090  2765  2765 E [binder][0x2187a9ff8e30][19:15:29.812516] qca6750: [2765:E:HDD] __wlan_hdd_cfg80211_stats_ext_request: Failed to get hw stats: 6
04-21 00:45:19.094  2765  2765 E [binder][0x2187ac4aabcd][19:15:31.816537] qca6750: [2765:E:DP] dp_request_rx_hw_stats: Stats already requested
04-21 00:45:19.094  2765  2765 E [binder][0x2187ac4ab144][19:15:31.816610] qca6750: [2765:E:HDD] __wlan_hdd_cfg80211_stats_ext_request: Failed to get hw stats: 6
04-21 00:45:20.293     0     0 E [    C2] [soft_i][0x2187adaa23b8][19: 15:33.016217] qca6750: [0:E:QDF] htc_rx_completion_handler: Received initial wake up
04-21 00:45:20.302  2227  2227 E healthd : soc_b:87, soc:83, soc_c:83, Vol:4234, Cur:476,chg_s:1,t_l:634,b_s:2,OffTlast:90,lcd_off:1,Vu:4946,Vw:0,pid:2227,brightness:0.000000,rmCap:4097
04-21 00:45:20.302  2227  2227 E healthd : battery l=83 v=4234 t=31.0 h=2 st=2 c=476086 fc=4963000 cc=134 chg=u
04-21 00:45:20.336  2227  2227 E healthd : soc_b:87, soc:83, soc_c:83, Vol:4234, Cur:476,chg_s:1,t_l:0,b_s:2,OffTlast:90,lcd_off:1,Vu:4943,Vw:0,pid:2227,brightness:0.000000,rmCap:4097
04-21 00:45:21.004     0     0 E [    C1] [soft_i][0x2187ae7a437f][19: 15:33.726614] qca6750: [0:E:QDF] htc_rx_completion_handler: Received initial wake up
04-21 00:45:21.098  2765  2765 E [binder][0x2187ae95feac][19:15:33.821269] qca6750: [2765:E:DP] dp_request_rx_hw_stats: Stats already requested
04-21 00:45:21.099  2765  2765 E [binder][0x2187ae96038a][19:15:33.821333] qca6750: [2765:E:HDD] __wlan_hdd_cfg80211_stats_ext_request: Failed to get hw stats: 6
04-21 00:45:23.104  2765  2765 E [binder][0x2187b0e19f53][19:15:35.827037] qca6750: [2765:E:DP] dp_request_rx_hw_stats: Stats already requested
04-21 00:45:23.104  2765  2765 E [binder][0x2187b0e1a4ab][19:15:35.827109] qca6750: [2765:E:HDD] __wlan_hdd_cfg80211_stats_ext_request: Failed to get hw stats: 6
04-21 00:45:25.108  2765  2765 E [binder][0x2187b32cab7e][19:15:37.830826] qca6750: [2765:E:DP] dp_request_rx_hw_stats: Stats already requested
04-21 00:45:25.108  2765  2765 E [binder][0x2187b32cb018][19:15:37.830888] qca6750: [2765:E:HDD] __wlan_hdd_cfg80211_stats_ext_request: Failed to get hw stats: 6
