04-21 00:45:26.127 19369 19369 E BATTERY_CHG: nt_update_status_function_work: capacity:83,Vbat:4234954
04-21 00:45:26.155  2227  2227 E healthd : soc_b:87, soc:83, soc_c:83, Vol:4234, Cur:481,chg_s:1,t_l:6,b_s:2,OffTlast:96,lcd_off:1,Vu:4943,Vw:0,pid:2227,brightness:0.000000,rmCap:4097
04-21 00:45:26.155  2227  2227 E healthd : battery l=83 v=4234 t=31.0 h=2 st=2 c=481579 fc=4963000 cc=134 chg=u
04-21 00:45:26.162  2227  2227 E healthd : soc_b:87, soc:83, soc_c:83, Vol:4234, Cur:481,chg_s:1,t_l:6,b_s:2,OffTlast:96,lcd_off:1,Vu:4938,Vw:0,pid:2227,brightness:0.000000,rmCap:4097
04-21 00:45:26.943     0     0 E [    C1] [soft_i][0x2187b5463f57][19: 15:39.665758] qca6750: [0:E:QDF] htc_rx_completion_handler: Received initial wake up
04-21 00:45:27.113  2765  2765 E [binder][0x2187b577fe17][19:15:39.835554] qca6750: [2765:E:DP] dp_request_rx_hw_stats: Stats already requested
04-21 00:45:27.113  2765  2765 E [binder][0x2187b57802cb][19:15:39.835617] qca6750: [2765:E:HDD] __wlan_hdd_cfg80211_stats_ext_request: Failed to get hw stats: 6
04-21 00:45:29.116  2765  2765 E [binder][0x2187b7c3032f][19:15:41.839249] qca6750: [2765:E:DP] dp_request_rx_hw_stats: Stats already requested
04-21 00:45:29.117  2765  2765 E [binder][0x2187b7c30847][19:15:41.839317] qca6750: [2765:E:HDD] __wlan_hdd_cfg80211_stats_ext_request: Failed to get hw stats: 6
04-21 00:45:30.708  2227  2227 E healthd : soc_b:87, soc:83, soc_c:83, Vol:4233, Cur:453,chg_s:1,t_l:10,b_s:2,OffTlast:100,lcd_off:1,Vu:4941,Vw:0,pid:2227,brightness:0.000000,rmCap:4097
04-21 00:45:30.708  2227  2227 E healthd : battery l=83 v=4233 t=31.0 h=2 st=2 c=453197 fc=4963000 cc=134 chg=u
04-21 00:45:30.726  2227  2227 E healthd : soc_b:87, soc:83, soc_c:83, Vol:4233, Cur:453,chg_s:1,t_l:11,b_s:2,OffTlast:101,lcd_off:1,Vu:4943,Vw:0,pid:2227,brightness:0.000000,rmCap:4097
04-21 00:45:31.121  2765  2765 E [binder][0x2187ba0e5190][19:15:43.843921] qca6750: [2765:E:DP] dp_request_rx_hw_stats: Stats already requested
04-21 00:45:31.121  2765  2765 E [binder][0x2187ba0e59d2][19:15:43.844031] qca6750: [2765:E:HDD] __wlan_hdd_cfg80211_stats_ext_request: Failed to get hw stats: 6
04-21 00:45:33.126  2765  2765 E [binder][0x2187bc59a898][19:15:45.848708] qca6750: [2765:E:DP] dp_request_rx_hw_stats: Stats already requested
04-21 00:45:33.126  2765  2765 E [binder][0x2187bc59ace3][19:15:45.848765] qca6750: [2765:E:HDD] __wlan_hdd_cfg80211_stats_ext_request: Failed to get hw stats: 6
04-21 00:45:35.131  2765  2765 E [binder][0x2187bea519b2][19:15:47.853842] qca6750: [2765:E:DP] dp_request_rx_hw_stats: Stats already requested
04-21 00:45:35.131  2765  2765 E [binder][0x2187bea51ec3][19:15:47.853910] qca6750: [2765:E:HDD] __wlan_hdd_cfg80211_stats_ext_request: Failed to get hw stats: 6
04-21 00:45:37.134  2765  2765 E [binder][0x2187c0efe0fb][19:15:49.856713] qca6750: [2765:E:DP] dp_request_rx_hw_stats: Stats already requested
04-21 00:45:37.134  2765  2765 E [binder][0x2187c0efe633][19:15:49.856782] qca6750: [2765:E:HDD] __wlan_hdd_cfg80211_stats_ext_request: Failed to get hw stats: 6
04-21 00:45:38.173     0     0 E [    C1] [soft_i][0x2187c2205eed][19: 15:50.896046] qca6750: [0:E:DP] dp_tx_update_peer_stats: Release source:3 is not from TQM
04-21 00:45:39.026     0     0 E [    C0] [soft_i][0x2187c31a57de][19: 15:51.749285] qca6750: [0:E:QDF] htc_rx_completion_handler: Received initial wake up
04-21 00:45:39.139  2765  2765 E [binder][0x2187c33b5e6a][19:15:51.862012] qca6750: [2765:E:DP] dp_request_rx_hw_stats: Stats already requested
04-21 00:45:39.139  2765  2765 E [binder][0x2187c33b6380][19:15:51.862080] qca6750: [2765:E:HDD] __wlan_hdd_cfg80211_stats_ext_request: Failed to get hw stats: 6
04-21 00:45:41.141  2765  2765 E [binder][0x2187c585e581][19:15:53.864026] qca6750: [2765:E:DP] dp_request_rx_hw_stats: Stats already requested
04-21 00:45:41.141  2765  2765 E [binder][0x2187c585ea60][19:15:53.864091] qca6750: [2765:E:HDD] __wlan_hdd_cfg80211_stats_ext_request: Failed to get hw stats: 6
04-21 00:45:43.147  2765  2765 E [binder][0x2187c7d1a7ed][19:15:55.870245] qca6750: [2765:E:DP] dp_request_rx_hw_stats: Stats already requested
04-21 00:45:43.148  2765  2765 E [binder][0x2187c7d1ad03][19:15:55.870313] qca6750: [2765:E:HDD] __wlan_hdd_cfg80211_stats_ext_request: Failed to get hw stats: 6
04-21 00:45:44.966     0     0 E [    C1] [soft_i][0x2187c9e65490][19: 15:57.688441] qca6750: [0:E:QDF] htc_rx_completion_handler: Received initial wake up
04-21 00:45:45.153  2765  2765 E [binder][0x2187ca1d2303][19:15:57.875513] qca6750: [2765:E:DP] dp_request_rx_hw_stats: Stats already requested
04-21 00:45:45.153  2765  2765 E [binder][0x2187ca1d27e3][19:15:57.875578] qca6750: [2765:E:HDD] __wlan_hdd_cfg80211_stats_ext_request: Failed to get hw stats: 6
04-21 00:45:47.156  2765  2765 E [binder][0x2187cc682c20][19:15:59.879261] qca6750: [2765:E:DP] dp_request_rx_hw_stats: Stats already requested
04-21 00:45:47.157  2765  2765 E [binder][0x2187cc68340f][19:15:59.879367] qca6750: [2765:E:HDD] __wlan_hdd_cfg80211_stats_ext_request: Failed to get hw stats: 6
04-21 00:45:49.160  2765  2765 E [binder][0x2187ceb317bf][19:16:01.882616] qca6750: [2765:E:DP] dp_request_rx_hw_stats: Stats already requested
04-21 00:45:49.160  2765  2765 E [binder][0x2187ceb31ce1][19:16:01.882685] qca6750: [2765:E:HDD] __wlan_hdd_cfg80211_stats_ext_request: Failed to get hw stats: 6
04-21 00:45:50.708  2227  2227 E healthd : soc_b:87, soc:83, soc_c:83, Vol:4234, Cur:458,chg_s:1,t_l:30,b_s:2,OffTlast:120,lcd_off:1,Vu:4940,Vw:0,pid:2227,brightness:0.000000,rmCap:4109
04-21 00:45:50.708  2227  2227 E healthd : battery l=83 v=4234 t=31.0 h=2 st=2 c=458690 fc=4963000 cc=134 chg=u
04-21 00:45:50.722  2227  2227 E healthd : soc_b:87, soc:83, soc_c:83, Vol:4231, Cur:389,chg_s:1,t_l:31,b_s:2,OffTlast:121,lcd_off:1,Vu:4941,Vw:0,pid:2227,brightness:0.000000,rmCap:4109
04-21 00:45:51.114     0     0 E [    C0] [soft_i][0x2187d0efae07][19: 16:03.837047] qca6750: [0:E:QDF] htc_rx_completion_handler: Received initial wake up
04-21 00:45:51.164  2765  2765 E [binder][0x2187d0fe43fc][19:16:03.886833] qca6750: [2765:E:DP] dp_request_rx_hw_stats: Stats already requested
04-21 00:45:51.164  2765  2765 E [binder][0x2187d0fe48f9][19:16:03.886899] qca6750: [2765:E:HDD] __wlan_hdd_cfg80211_stats_ext_request: Failed to get hw stats: 6
04-21 00:45:53.169  2765  2765 E [binder][0x2187d349b6ab][19:16:05.891989] qca6750: [2765:E:DP] dp_request_rx_hw_stats: Stats already requested
04-21 00:45:53.169  2765  2765 E [binder][0x2187d349bbbc][19:16:05.892056] qca6750: [2765:E:HDD] __wlan_hdd_cfg80211_stats_ext_request: Failed to get hw stats: 6
04-21 00:45:55.173  2765  2765 E [binder][0x2187d594cd0b][19:16:07.895914] qca6750: [2765:E:DP] dp_request_rx_hw_stats: Stats already requested
04-21 00:45:55.173  2765  2765 E [binder][0x2187d594d23b][19:16:07.895983] qca6750: [2765:E:HDD] __wlan_hdd_cfg80211_stats_ext_request: Failed to get hw stats: 6
04-21 00:45:57.049     0     0 E [    C0] [soft_i][0x2187d7ba5745][19: 16:09.771677] qca6750: [0:E:QDF] htc_rx_completion_handler: Received initial wake up
04-21 00:45:57.179  2765  2765 E [binder][0x2187d7e0565f][19:16:09.901371] qca6750: [2765:E:DP] dp_request_rx_hw_stats: Stats already requested
04-21 00:45:57.179  2765  2765 E [binder][0x2187d7e05b30][19:16:09.901435] qca6750: [2765:E:HDD] __wlan_hdd_cfg80211_stats_ext_request: Failed to get hw stats: 6
04-21 00:45:59.182  2765  2765 E [binder][0x2187da2b3574][19:16:11.904559] qca6750: [2765:E:DP] dp_request_rx_hw_stats: Stats already requested
04-21 00:45:59.182  2765  2765 E [binder][0x2187da2b3a53][19:16:11.904624] qca6750: [2765:E:HDD] __wlan_hdd_cfg80211_stats_ext_request: Failed to get hw stats: 6
04-21 00:45:59.421     0     0 E [    C3] [soft_i][0x2187da71426d][19: 16:12.143666] qca6750: [0:E:DP] dp_tx_update_peer_stats: Release source:3 is not from TQM
04-21 00:45:59.767  8261  8261 E audit   : rate limit exceeded
04-21 00:46:01.184  2765  2765 E [binder][0x2187dc75eb95][19:16:13.907201] qca6750: [2765:E:DP] dp_request_rx_hw_stats: Stats already requested
04-21 00:46:01.184  2765  2765 E [binder][0x2187dc75ed7b][19:16:13.907226] qca6750: [2765:E:HDD] __wlan_hdd_cfg80211_stats_ext_request: Failed to get hw stats: 6
04-21 00:46:01.845 24783 24783 E audit   : rate limit exceeded
04-21 00:46:02.948 24948 24948 E audit   : rate limit exceeded
04-21 00:46:03.188  2765  2765 E [binder][0x2187dec10cbd][19:16:15.911269] qca6750: [2765:E:DP] dp_request_rx_hw_stats: Stats already requested
04-21 00:46:03.188  2765  2765 E [binder][0x2187dec10df5][19:16:15.911286] qca6750: [2765:E:HDD] __wlan_hdd_cfg80211_stats_ext_request: Failed to get hw stats: 6
04-21 00:46:05.192  2765  2765 E [binder][0x2187e10c088b][19:16:17.914840] qca6750: [2765:E:DP] dp_request_rx_hw_stats: Stats already requested
04-21 00:46:05.192  2765  2765 E [binder][0x2187e10c0a99][19:16:17.914868] qca6750: [2765:E:HDD] __wlan_hdd_cfg80211_stats_ext_request: Failed to get hw stats: 6
04-21 00:46:05.357   533   533 E SELinux : avc:  denied  { find } for pid=2754 uid=1013 name=media_quality scontext=u:r:mediaserver:s0 tcontext=u:object_r:media_quality_service:s0 tclass=service_manager permissive=0
04-21 00:46:07.195  2765  2765 E [binder][0x2187e356dfed][19:16:19.917925] qca6750: [2765:E:DP] dp_request_rx_hw_stats: Stats already requested
04-21 00:46:07.195  2765  2765 E [binder][0x2187e356e1ff][19:16:19.917953] qca6750: [2765:E:HDD] __wlan_hdd_cfg80211_stats_ext_request: Failed to get hw stats: 6
04-21 00:46:09.198  2765  2765 E [binder][0x2187e5a1ae34][19:16:21.920889] qca6750: [2765:E:DP] dp_request_rx_hw_stats: Stats already requested
04-21 00:46:09.198  2765  2765 E [binder][0x2187e5a1b066][19:16:21.920918] qca6750: [2765:E:HDD] __wlan_hdd_cfg80211_stats_ext_request: Failed to get hw stats: 6
04-21 00:46:10.702  2227  2227 E healthd : soc_b:87, soc:83, soc_c:83, Vol:4212, Cur:111,chg_s:1,t_l:50,b_s:2,OffTlast:140,lcd_off:1,Vu:4942,Vw:0,pid:2227,brightness:0.669291,rmCap:4118
04-21 00:46:10.702  2227  2227 E healthd : battery l=83 v=4212 t=31.0 h=2 st=2 c=111697 fc=4963000 cc=134 chg=u
04-21 00:46:10.711  2227  2227 E healthd : soc_b:87, soc:83, soc_c:83, Vol:4212, Cur:111,chg_s:1,t_l:51,b_s:2,OffTlast:141,lcd_off:1,Vu:4942,Vw:0,pid:2227,brightness:0.669291,rmCap:4118
04-21 00:46:11.202  2765  2765 E [binder][0x2187e7eca10e][19:16:23.924340] qca6750: [2765:E:DP] dp_request_rx_hw_stats: Stats already requested
04-21 00:46:11.202  2765  2765 E [binder][0x2187e7eca2f1][19:16:23.924365] qca6750: [2765:E:HDD] __wlan_hdd_cfg80211_stats_ext_request: Failed to get hw stats: 6
04-21 00:46:13.206  2765  2765 E [binder][0x2187ea3801a2][19:16:25.929255] qca6750: [2765:E:DP] dp_request_rx_hw_stats: Stats already requested
04-21 00:46:13.206  2765  2765 E [binder][0x2187ea380458][19:16:25.929291] qca6750: [2765:E:HDD] __wlan_hdd_cfg80211_stats_ext_request: Failed to get hw stats: 6
04-21 00:46:15.071     0     0 E [    C1] [soft_i][0x2187ec5a5f8d][19: 16:27.794188] qca6750: [0:E:QDF] htc_rx_completion_handler: Received initial wake up
04-21 00:46:15.210  2765  2765 E [binder][0x2187ec82e15a][19:16:27.932451] qca6750: [2765:E:DP] dp_request_rx_hw_stats: Stats already requested
04-21 00:46:15.210  2765  2765 E [binder][0x2187ec82e649][19:16:27.932517] qca6750: [2765:E:HDD] __wlan_hdd_cfg80211_stats_ext_request: Failed to get hw stats: 6
04-21 00:46:17.215  2765  2765 E [binder][0x2187eece7eb2][19:16:29.938176] qca6750: [2765:E:DP] dp_request_rx_hw_stats: Stats already requested
04-21 00:46:17.215  2765  2765 E [binder][0x2187eece83c0][19:16:29.938243] qca6750: [2765:E:HDD] __wlan_hdd_cfg80211_stats_ext_request: Failed to get hw stats: 6
04-21 00:46:17.332  4552  4552 E BATTERY_CHG: handle_message: adsp_to_kernel_log:key_info:battid:99028 pump_chip:8582,buck_chip:89601,pump_en:0,buck_en:0,ovp:0,fcc:7380,fv:4500,icl:500,ibus_ma:453,usb_sus:0,BattInit:1,chg_type:2,soc:8298,real_cap:4963000,plug_in:1,plugGpio:0,usbTemp:0,battTemp:0,nt_cc_enable:4,2646:01,2654:7b,2606:83,2708:0a,2952:0a,2658:b4,2707:0a,2b09:a3,280c:08,280d:08,2910:11,2940:00,2941:00,270b:e2,4f46:80,2954:00,
04-21 00:46:19.219  2765  2765 E [binder][0x2187f1198e2e][19:16:31.942009] qca6750: [2765:E:DP] dp_request_rx_hw_stats: Stats already requested
04-21 00:46:19.219  2765  2765 E [binder][0x2187f119938c][19:16:31.942080] qca6750: [2765:E:HDD] __wlan_hdd_cfg80211_stats_ext_request: Failed to get hw stats: 6
04-21 00:46:21.222  2765  2765 E [binder][0x2187f3646bbf][19:16:33.945176] qca6750: [2765:E:DP] dp_request_rx_hw_stats: Stats already requested
04-21 00:46:21.222  2765  2765 E [binder][0x2187f36470ab][19:16:33.945242] qca6750: [2765:E:HDD] __wlan_hdd_cfg80211_stats_ext_request: Failed to get hw stats: 6
04-21 00:46:23.227  2765  2765 E [binder][0x2187f5afd3d4][19:16:35.950191] qca6750: [2765:E:DP] dp_request_rx_hw_stats: Stats already requested
04-21 00:46:23.227  2765  2765 E [binder][0x2187f5afd94c][19:16:35.950264] qca6750: [2765:E:HDD] __wlan_hdd_cfg80211_stats_ext_request: Failed to get hw stats: 6
04-21 00:46:25.231  2765  2765 E [binder][0x2187f7fadab0][19:16:37.953909] qca6750: [2765:E:DP] dp_request_rx_hw_stats: Stats already requested
04-21 00:46:25.231  2765  2765 E [binder][0x2187f7fadf98][19:16:37.953974] qca6750: [2765:E:HDD] __wlan_hdd_cfg80211_stats_ext_request: Failed to get hw stats: 6
04-21 00:46:27.235  2765  2765 E [binder][0x2187fa45d32a][19:16:39.957435] qca6750: [2765:E:DP] dp_request_rx_hw_stats: Stats already requested
04-21 00:46:27.235  2765  2765 E [binder][0x2187fa45d88d][19:16:39.957507] qca6750: [2765:E:HDD] __wlan_hdd_cfg80211_stats_ext_request: Failed to get hw stats: 6
04-21 00:46:29.240  2765  2765 E [binder][0x2187fc916575][19:16:41.963012] qca6750: [2765:E:DP] dp_request_rx_hw_stats: Stats already requested
04-21 00:46:29.240  2765  2765 E [binder][0x2187fc916aef][19:16:41.963085] qca6750: [2765:E:HDD] __wlan_hdd_cfg80211_stats_ext_request: Failed to get hw stats: 6
04-21 00:46:30.713  2227  2227 E healthd : soc_b:87, soc:83, soc_c:83, Vol:4234, Cur:462,chg_s:1,t_l:71,b_s:2,OffTlast:161,lcd_off:1,Vu:4941,Vw:0,pid:2227,brightness:0.000000,rmCap:4128
04-21 00:46:30.714  2227  2227 E healthd : battery l=83 v=4234 t=31.0 h=2 st=2 c=462352 fc=4963000 cc=134 chg=u
04-21 00:46:30.727  2227  2227 E healthd : soc_b:87, soc:83, soc_c:83, Vol:4234, Cur:462,chg_s:1,t_l:71,b_s:2,OffTlast:161,lcd_off:1,Vu:4943,Vw:0,pid:2227,brightness:0.000000,rmCap:4128
04-21 00:46:31.244  2765  2765 E [binder][0x2187fedc7a99][19:16:43.966921] qca6750: [2765:E:DP] dp_request_rx_hw_stats: Stats already requested
04-21 00:46:31.244  2765  2765 E [binder][0x2187fedc7da8][19:16:43.966962] qca6750: [2765:E:HDD] __wlan_hdd_cfg80211_stats_ext_request: Failed to get hw stats: 6
04-21 00:46:33.094     0     0 E [    C0] [soft_i][0x218800fa5d58][19: 16:45.816558] qca6750: [0:E:QDF] htc_rx_completion_handler: Received initial wake up
04-21 00:46:33.248  2765  2765 E [binder][0x218801278ce5][19:16:45.970792] qca6750: [2765:E:DP] dp_request_rx_hw_stats: Stats already requested
04-21 00:46:33.248  2765  2765 E [binder][0x2188012791f8][19:16:45.970859] qca6750: [2765:E:HDD] __wlan_hdd_cfg80211_stats_ext_request: Failed to get hw stats: 6
04-21 00:46:34.760     0     0 E [    C0] [soft_i][0x218802e28375][19: 16:47.482773] qca6750: [0:E:DP] dp_tx_update_peer_stats: Release source:3 is not from TQM
04-21 00:46:35.252  2765  2765 E [binder][0x218803728d09][19:16:47.974420] qca6750: [2765:E:DP] dp_request_rx_hw_stats: Stats already requested
04-21 00:46:35.252  2765  2765 E [binder][0x218803729218][19:16:47.974488] qca6750: [2765:E:HDD] __wlan_hdd_cfg80211_stats_ext_request: Failed to get hw stats: 6
04-21 00:46:37.255  2765  2765 E [binder][0x218805bd8de7][19:16:49.978058] qca6750: [2765:E:DP] dp_request_rx_hw_stats: Stats already requested
04-21 00:46:37.255  2765  2765 E [binder][0x218805bd930e][19:16:49.978127] qca6750: [2765:E:HDD] __wlan_hdd_cfg80211_stats_ext_request: Failed to get hw stats: 6
04-21 00:46:39.260  2765  2765 E [binder][0x21880808c998][19:16:51.982481] qca6750: [2765:E:DP] dp_request_rx_hw_stats: Stats already requested
04-21 00:46:39.260  2765  2765 E [binder][0x21880808cefa][19:16:51.982553] qca6750: [2765:E:HDD] __wlan_hdd_cfg80211_stats_ext_request: Failed to get hw stats: 6
04-21 00:46:41.262  2765  2765 E [binder][0x21880a53783b][19:16:53.985023] qca6750: [2765:E:DP] dp_request_rx_hw_stats: Stats already requested
04-21 00:46:41.262  2765  2765 E [binder][0x21880a537c08][19:16:53.985073] qca6750: [2765:E:HDD] __wlan_hdd_cfg80211_stats_ext_request: Failed to get hw stats: 6
04-21 00:46:42.358 17035 17035 E ipa_pm_handle_suspend: 1280 Client IPA_CLIENT_APPS_WAN_CONS woke up the system
04-21 00:46:43.267  2765  2765 E [binder][0x21880c9ee749][19:16:55.990130] qca6750: [2765:E:DP] dp_request_rx_hw_stats: Stats already requested
04-21 00:46:43.267  2765  2765 E [binder][0x21880c9eec77][19:16:55.990199] qca6750: [2765:E:HDD] __wlan_hdd_cfg80211_stats_ext_request: Failed to get hw stats: 6
04-21 00:46:43.515   289   289 E [FTS_TS/E]fts_pocket_mode_store: pocket mode info:pm_suspend = 0
04-21 00:46:43.515   289   289 E [FTS_TS/E]fts_pocket_mode_store: Pre-pocket_mode = 0, Enter pocket mode
04-21 00:46:43.770 19369 19369 E spi_geni a80000.spi: spi_geni_runtime_suspend: 0 ---1end ctlr->queue = 1 ctlr->busy = 0 ctlr->running = 1
04-21 00:46:43.823   289   289 E [FTS_TS/E]fts_pocket_mode_store: pocket mode info:pm_suspend = 0
04-21 00:46:43.823   289   289 E [FTS_TS/E]fts_pocket_mode_store: Pre-pocket_mode = 1, Exit pocket mode
04-21 00:46:44.153 22784 22784 E spi_geni a80000.spi: spi_geni_runtime_suspend: 0 ---1end ctlr->queue = 1 ctlr->busy = 0 ctlr->running = 1
04-21 00:46:45.271  2765  2765 E [binder][0x21880ee9f02c][19:16:57.993875] qca6750: [2765:E:DP] dp_request_rx_hw_stats: Stats already requested
04-21 00:46:45.271  2765  2765 E [binder][0x21880ee9f500][19:16:57.993940] qca6750: [2765:E:HDD] __wlan_hdd_cfg80211_stats_ext_request: Failed to get hw stats: 6
04-21 00:46:46.320   289   289 E [FTS_TS/E]fts_pocket_mode_store: pocket mode info:pm_suspend = 0
04-21 00:46:46.320   289   289 E [FTS_TS/E]fts_pocket_mode_store: Pre-pocket_mode = 0, Enter pocket mode
04-21 00:46:46.633 22795 22795 E spi_geni a80000.spi: spi_geni_runtime_suspend: 0 ---1end ctlr->queue = 1 ctlr->busy = 0 ctlr->running = 1
04-21 00:46:47.275  2765  2765 E [binder][0x21881134f52d][19:16:59.997569] qca6750: [2765:E:DP] dp_request_rx_hw_stats: Stats already requested
04-21 00:46:47.275  2765  2765 E [binder][0x21881134f9f4][19:16:59.997632] qca6750: [2765:E:HDD] __wlan_hdd_cfg80211_stats_ext_request: Failed to get hw stats: 6
04-21 00:46:48.301   289   289 E [FTS_TS/E]fts_pocket_mode_store: pocket mode info:pm_suspend = 0
04-21 00:46:48.301   289   289 E [FTS_TS/E]fts_pocket_mode_store: Pre-pocket_mode = 1, Exit pocket mode
04-21 00:46:48.614 22795 22795 E spi_geni a80000.spi: spi_geni_runtime_suspend: 0 ---1end ctlr->queue = 1 ctlr->busy = 0 ctlr->running = 1
04-21 00:46:49.276  2765  2765 E [binder][0x2188137f5ca1][19:17:01.999162] qca6750: [2765:E:DP] dp_request_rx_hw_stats: Stats already requested
04-21 00:46:49.277  2765  2765 E [binder][0x2188137f6cc8][19:17:01.999377] qca6750: [2765:E:HDD] __wlan_hdd_cfg80211_stats_ext_request: Failed to get hw stats: 6
04-21 00:46:50.610     0     0 E [    C1] [soft_i][0x218815060f00][19: 17:03.332740] qca6750: [0:E:QDF] htc_rx_completion_handler: Received initial wake up
04-21 00:46:50.713  2227  2227 E healthd : soc_b:87, soc:83, soc_c:83, Vol:4230, Cur:343,chg_s:1,t_l:91,b_s:2,OffTlast:180,lcd_off:1,Vu:4940,Vw:0,pid:2227,brightness:0.000000,rmCap:4128
04-21 00:46:50.713  2227  2227 E healthd : battery l=83 v=4230 t=31.0 h=2 st=2 c=343331 fc=4963000 cc=134 chg=u
04-21 00:46:50.728  2227  2227 E healthd : soc_b:87, soc:83, soc_c:83, Vol:4230, Cur:343,chg_s:1,t_l:91,b_s:2,OffTlast:181,lcd_off:1,Vu:4941,Vw:0,pid:2227,brightness:0.000000,rmCap:4128
04-21 00:46:51.278  2765  2765 E [binder][0x218815c9e6bf][19:17:04.001216] qca6750: [2765:E:DP] dp_request_rx_hw_stats: Stats already requested
04-21 00:46:51.278  2765  2765 E [binder][0x218815c9eb7c][19:17:04.001279] qca6750: [2765:E:HDD] __wlan_hdd_cfg80211_stats_ext_request: Failed to get hw stats: 6
04-21 00:46:53.282  2765  2765 E [binder][0x21881814fef2][19:17:06.005166] qca6750: [2765:E:DP] dp_request_rx_hw_stats: Stats already requested
04-21 00:46:53.282  2765  2765 E [binder][0x2188181503ce][19:17:06.005230] qca6750: [2765:E:HDD] __wlan_hdd_cfg80211_stats_ext_request: Failed to get hw stats: 6
04-21 00:46:55.286  2765  2765 E [binder][0x21881a5fe0ce][19:17:08.008390] qca6750: [2765:E:DP] dp_request_rx_hw_stats: Stats already requested
04-21 00:46:55.286  2765  2765 E [binder][0x21881a5fe494][19:17:08.008441] qca6750: [2765:E:HDD] __wlan_hdd_cfg80211_stats_ext_request: Failed to get hw stats: 6
04-21 00:46:57.056     0     0 E [    C0] [soft_i][0x21881c6667cc][19: 17:09.778298] qca6750: [0:E:QDF] htc_rx_completion_handler: Received initial wake up
04-21 00:46:57.291  2765  2765 E [binder][0x21881cab5e05][19:17:10.013687] qca6750: [2765:E:DP] dp_request_rx_hw_stats: Stats already requested
04-21 00:46:57.291  2765  2765 E [binder][0x21881cab633a][19:17:10.013756] qca6750: [2765:E:HDD] __wlan_hdd_cfg80211_stats_ext_request: Failed to get hw stats: 6
04-21 00:46:59.296  2765  2765 E [binder][0x21881ef6d341][19:17:12.018876] qca6750: [2765:E:DP] dp_request_rx_hw_stats: Stats already requested
04-21 00:46:59.296  2765  2765 E [binder][0x21881ef6d827][19:17:12.018942] qca6750: [2765:E:HDD] __wlan_hdd_cfg80211_stats_ext_request: Failed to get hw stats: 6
04-21 00:47:00.031     0     0 E [    C0] [soft_i][0x21881fce2e66][19: 17:12.753959] qca6750: [0:E:QDF] htc_rx_completion_handler: Received initial wake up
04-21 00:47:01.300  2765  2765 E [binder][0x21882141fcfe][19:17:14.023060] qca6750: [2765:E:DP] dp_request_rx_hw_stats: Stats already requested
04-21 00:47:01.300  2765  2765 E [binder][0x218821420d7a][19:17:14.023279] qca6750: [2765:E:HDD] __wlan_hdd_cfg80211_stats_ext_request: Failed to get hw stats: 6
04-21 00:47:02.995     0     0 E [    C0] [soft_i][0x2188233266b2][19: 17:15.717483] qca6750: [0:E:QDF] htc_rx_completion_handler: Received initial wake up
04-21 00:47:03.304  2765  2765 E [binder][0x2188238d06d2][19:17:16.026817] qca6750: [2765:E:DP] dp_request_rx_hw_stats: Stats already requested
04-21 00:47:03.304  2765  2765 E [binder][0x2188238d0918][19:17:16.026847] qca6750: [2765:E:HDD] __wlan_hdd_cfg80211_stats_ext_request: Failed to get hw stats: 6
04-21 00:47:05.307  2765  2765 E [binder][0x218825d7f76f][19:17:18.030239] qca6750: [2765:E:DP] dp_request_rx_hw_stats: Stats already requested
04-21 00:47:05.307  2765  2765 E [binder][0x218825d7fac6][19:17:18.030283] qca6750: [2765:E:HDD] __wlan_hdd_cfg80211_stats_ext_request: Failed to get hw stats: 6
04-21 00:47:07.311  2765  2765 E [binder][0x2188282316b0][19:17:20.034282] qca6750: [2765:E:DP] dp_request_rx_hw_stats: Stats already requested
04-21 00:47:07.312  2765  2765 E [binder][0x218828231a2a][19:17:20.034328] qca6750: [2765:E:HDD] __wlan_hdd_cfg80211_stats_ext_request: Failed to get hw stats: 6
04-21 00:47:09.138     0     0 E [    C0] [soft_i][0x21882a3a4ab0][19: 17:21.861109] qca6750: [0:E:QDF] htc_rx_completion_handler: Received initial wake up
04-21 00:47:09.315  2765  2765 E [binder][0x21882a6e1b68][19:17:22.037972] qca6750: [2765:E:DP] dp_request_rx_hw_stats: Stats already requested
04-21 00:47:09.315  2765  2765 E [binder][0x21882a6e1f07][19:17:22.038020] qca6750: [2765:E:HDD] __wlan_hdd_cfg80211_stats_ext_request: Failed to get hw stats: 6
04-21 00:47:10.168     0     0 E [    C0] [soft_i][0x21882b67f0d6][19: 17:22.890738] qca6750: [0:E:QDF] htc_rx_completion_handler: Received initial wake up
04-21 00:47:10.709  2227  2227 E healthd : soc_b:87, soc:83, soc_c:83, Vol:4190, Cur:-299,chg_s:1,t_l:111,b_s:2,OffTlast:200,lcd_off:1,Vu:4946,Vw:0,pid:2227,brightness:0.000000,rmCap:4140
04-21 00:47:10.710  2227  2227 E healthd : battery l=83 v=4190 t=31.0 h=2 st=2 c=-299384 fc=4963000 cc=134 chg=u
04-21 00:47:10.733  2227  2227 E healthd : soc_b:87, soc:83, soc_c:83, Vol:4190, Cur:-299,chg_s:1,t_l:111,b_s:2,OffTlast:201,lcd_off:1,Vu:4946,Vw:0,pid:2227,brightness:0.000000,rmCap:4140
04-21 00:47:11.319  2765  2765 E [binder][0x21882cb93d2e][19:17:24.042049] qca6750: [2765:E:DP] dp_request_rx_hw_stats: Stats already requested
04-21 00:47:11.319  2765  2765 E [binder][0x21882cb940a6][19:17:24.042095] qca6750: [2765:E:HDD] __wlan_hdd_cfg80211_stats_ext_request: Failed to get hw stats: 6
04-21 00:47:13.323  2765  2765 E [binder][0x21882f04462f][19:17:26.045796] qca6750: [2765:E:DP] dp_request_rx_hw_stats: Stats already requested
04-21 00:47:13.323  2765  2765 E [binder][0x21882f04499a][19:17:26.045841] qca6750: [2765:E:HDD] __wlan_hdd_cfg80211_stats_ext_request: Failed to get hw stats: 6
04-21 00:47:13.578  2227  2227 E healthd : soc_b:87, soc:84, soc_c:84, Vol:4196, Cur:-195,chg_s:1,t_l:113,b_s:2,OffTlast:203,lcd_off:1,Vu:4940,Vw:0,pid:2227,brightness:0.000000,rmCap:4148
04-21 00:47:13.580  2227  2227 E healthd : battery l=84 v=4196 t=31.0 h=2 st=2 c=-195012 fc=4963000 cc=134 chg=u
04-21 00:47:13.604  2227  2227 E healthd : soc_b:87, soc:84, soc_c:84, Vol:4196, Cur:-195,chg_s:1,t_l:0,b_s:2,OffTlast:203,lcd_off:1,Vu:4946,Vw:0,pid:2227,brightness:0.000000,rmCap:4148
04-21 00:47:15.078     0     0 E [    C1] [soft_i][0x218831064ffb][19: 17:27.800380] qca6750: [0:E:QDF] htc_rx_completion_handler: Received initial wake up
04-21 00:47:15.326  2765  2765 E [binder][0x2188314ef892][19:17:28.048387] qca6750: [2765:E:DP] dp_request_rx_hw_stats: Stats already requested
04-21 00:47:15.326  2765  2765 E [binder][0x2188314efaab][19:17:28.048415] qca6750: [2765:E:HDD] __wlan_hdd_cfg80211_stats_ext_request: Failed to get hw stats: 6
04-21 00:47:17.329  2765  2765 E [binder][0x21883399d301][19:17:30.051513] qca6750: [2765:E:DP] dp_request_rx_hw_stats: Stats already requested
04-21 00:47:17.329  2765  2765 E [binder][0x21883399d680][19:17:30.051560] qca6750: [2765:E:HDD] __wlan_hdd_cfg80211_stats_ext_request: Failed to get hw stats: 6
04-21 00:47:18.764 19369 19369 E BATTERY_CHG: nt_update_status_function_work: capacity:84,Vbat:4205565
04-21 00:47:18.787  2227  2227 E healthd : soc_b:87, soc:84, soc_c:84, Vol:4205, Cur:-29,chg_s:1,t_l:6,b_s:2,OffTlast:209,lcd_off:1,Vu:4944,Vw:0,pid:2227,brightness:0.000000,rmCap:4148
04-21 00:47:18.787  2227  2227 E healthd : battery l=84 v=4205 t=31.0 h=2 st=2 c=-29297 fc=4963000 cc=134 chg=u
04-21 00:47:18.802  2227  2227 E healthd : soc_b:87, soc:84, soc_c:84, Vol:4205, Cur:-29,chg_s:1,t_l:6,b_s:2,OffTlast:209,lcd_off:1,Vu:4944,Vw:0,pid:2227,brightness:0.000000,rmCap:4148
04-21 00:47:19.333  2765  2765 E [binder][0x218835e4ec9f][19:17:32.055481] qca6750: [2765:E:DP] dp_request_rx_hw_stats: Stats already requested
04-21 00:47:19.333  2765  2765 E [binder][0x218835e4ee55][19:17:32.055504] qca6750: [2765:E:HDD] __wlan_hdd_cfg80211_stats_ext_request: Failed to get hw stats: 6
04-21 00:47:19.587  1171  1171 E ufshcd-qcom 1d84000.ufshc: manual_gc_show status=1
04-21 00:47:21.336  2765  2765 E [binder][0x2188382fb3d3][19:17:34.058350] qca6750: [2765:E:DP] dp_request_rx_hw_stats: Stats already requested
04-21 00:47:21.336  2765  2765 E [binder][0x2188382fb5b6][19:17:34.058376] qca6750: [2765:E:HDD] __wlan_hdd_cfg80211_stats_ext_request: Failed to get hw stats: 6
04-21 00:47:23.337  2765  2765 E [binder][0x21883a7a13e1][19:17:36.059845] qca6750: [2765:E:DP] dp_request_rx_hw_stats: Stats already requested
04-21 00:47:23.337  2765  2765 E [binder][0x21883a7a1694][19:17:36.059881] qca6750: [2765:E:HDD] __wlan_hdd_cfg80211_stats_ext_request: Failed to get hw stats: 6
04-21 00:47:25.340  2765  2765 E [binder][0x21883cc4c53d][19:17:38.062423] qca6750: [2765:E:DP] dp_request_rx_hw_stats: Stats already requested
04-21 00:47:25.340  2765  2765 E [binder][0x21883cc4c72c][19:17:38.062448] qca6750: [2765:E:HDD] __wlan_hdd_cfg80211_stats_ext_request: Failed to get hw stats: 6
04-21 00:47:27.343  2765  2765 E [binder][0x21883f0fb3b6][19:17:40.065816] qca6750: [2765:E:DP] dp_request_rx_hw_stats: Stats already requested
04-21 00:47:27.343  2765  2765 E [binder][0x21883f0fbabb][19:17:40.065909] qca6750: [2765:E:HDD] __wlan_hdd_cfg80211_stats_ext_request: Failed to get hw stats: 6
04-21 00:47:29.007 21861 21861 E BATTERY_CHG: handle_message: adsp_to_kernel_log:key_info:battid:99028 pump_chip:8582,buck_chip:89601,pump_en:0,buck_en:0,ovp:0,fcc:7380,fv:4500,icl:500,ibus_ma:453,usb_sus:0,BattInit:1,chg_type:2,soc:8358,real_cap:4963000,plug_in:1,plugGpio:0,usbTemp:0,battTemp:0,nt_cc_enable:4,2646:01,2654:7b,2606:83,2708:0a,2952:0a,2658:b4,2707:0a,2b09:a3,280c:08,280d:08,2910:11,2940:00,2941:00,270b:e2,4f46:80,2954:00,
04-21 00:47:29.346  2765  2765 E [binder][0x2188415a6f01][19:17:42.068526] qca6750: [2765:E:DP] dp_request_rx_hw_stats: Stats already requested
04-21 00:47:29.346  2765  2765 E [binder][0x2188415a720f][19:17:42.068567] qca6750: [2765:E:HDD] __wlan_hdd_cfg80211_stats_ext_request: Failed to get hw stats: 6
04-21 00:47:30.714  2227  2227 E healthd : soc_b:87, soc:84, soc_c:84, Vol:4230, Cur:430,chg_s:1,t_l:18,b_s:2,OffTlast:220,lcd_off:1,Vu:4945,Vw:0,pid:2227,brightness:0.000000,rmCap:4148
04-21 00:47:30.714  2227  2227 E healthd : battery l=84 v=4230 t=31.0 h=2 st=2 c=430308 fc=4963000 cc=134 chg=u
04-21 00:47:30.730  2227  2227 E healthd : soc_b:87, soc:84, soc_c:84, Vol:4232, Cur:470,chg_s:1,t_l:18,b_s:2,OffTlast:221,lcd_off:1,Vu:4944,Vw:0,pid:2227,brightness:0.000000,rmCap:4148
04-21 00:47:31.350  2765  2765 E [binder][0x218843a5c097][19:17:44.073241] qca6750: [2765:E:DP] dp_request_rx_hw_stats: Stats already requested
04-21 00:47:31.351  2765  2765 E [binder][0x218843a5c5a7][19:17:44.073308] qca6750: [2765:E:HDD] __wlan_hdd_cfg80211_stats_ext_request: Failed to get hw stats: 6
04-21 00:47:33.100     0     0 E [    C3] [soft_i][0x218845a6757b][19: 17:45.823280] qca6750: [0:E:QDF] htc_rx_completion_handler: Received initial wake up
04-21 00:47:33.355  2765  2765 E [binder][0x218845f0ff91][19:17:46.077707] qca6750: [2765:E:DP] dp_request_rx_hw_stats: Stats already requested
04-21 00:47:33.355  2765  2765 E [binder][0x218845f10499][19:17:46.077774] qca6750: [2765:E:HDD] __wlan_hdd_cfg80211_stats_ext_request: Failed to get hw stats: 6
04-21 00:47:35.359  2765  2765 E [binder][0x2188483bfe87][19:17:48.081320] qca6750: [2765:E:DP] dp_request_rx_hw_stats: Stats already requested
04-21 00:47:35.359  2765  2765 E [binder][0x2188483c0324][19:17:48.081382] qca6750: [2765:E:HDD] __wlan_hdd_cfg80211_stats_ext_request: Failed to get hw stats: 6
04-21 00:47:37.364  2765  2765 E [binder][0x21884a878fbd][19:17:50.086883] qca6750: [2765:E:DP] dp_request_rx_hw_stats: Stats already requested
04-21 00:47:37.364  2765  2765 E [binder][0x21884a8794aa][19:17:50.086948] qca6750: [2765:E:HDD] __wlan_hdd_cfg80211_stats_ext_request: Failed to get hw stats: 6
04-21 00:47:38.244     0     0 E [    C0] [soft_i][0x21884b896e26][19: 17:50.967075] qca6750: [0:E:DP] dp_tx_update_peer_stats: Release source:3 is not from TQM
04-21 00:47:39.040     0     0 E [    C0] [soft_i][0x21884c7279c5][19: 17:51.762537] qca6750: [0:E:QDF] htc_rx_completion_handler: Received initial wake up
04-21 00:47:39.366  2765  2765 E [binder][0x21884cd1f0fa][19:17:52.088393] qca6750: [2765:E:DP] dp_request_rx_hw_stats: Stats already requested
04-21 00:47:39.366  2765  2765 E [binder][0x21884cd1f50a][19:17:52.088447] qca6750: [2765:E:HDD] __wlan_hdd_cfg80211_stats_ext_request: Failed to get hw stats: 6
04-21 00:47:41.371  2765  2765 E [binder][0x21884f1d7307][19:17:54.093753] qca6750: [2765:E:DP] dp_request_rx_hw_stats: Stats already requested
04-21 00:47:41.371  2765  2765 E [binder][0x21884f1d7770][19:17:54.093812] qca6750: [2765:E:HDD] __wlan_hdd_cfg80211_stats_ext_request: Failed to get hw stats: 6
04-21 00:47:43.375  2765  2765 E [binder][0x218851687625][19:17:56.097422] qca6750: [2765:E:DP] dp_request_rx_hw_stats: Stats already requested
04-21 00:47:43.375  2765  2765 E [binder][0x218851687a44][19:17:56.097477] qca6750: [2765:E:HDD] __wlan_hdd_cfg80211_stats_ext_request: Failed to get hw stats: 6
04-21 00:47:44.979     0     0 E [    C1] [soft_i][0x2188533e7ee5][19: 17:57.701806] qca6750: [0:E:QDF] htc_rx_completion_handler: Received initial wake up
04-21 00:47:45.378  2765  2765 E [binder][0x218853b34286][19:17:58.100360] qca6750: [2765:E:DP] dp_request_rx_hw_stats: Stats already requested
04-21 00:47:45.378  2765  2765 E [binder][0x218853b3468f][19:17:58.100414] qca6750: [2765:E:HDD] __wlan_hdd_cfg80211_stats_ext_request: Failed to get hw stats: 6
04-21 00:47:47.381  2765  2765 E [binder][0x218855fe449e][19:18:00.104014] qca6750: [2765:E:DP] dp_request_rx_hw_stats: Stats already requested
04-21 00:47:47.381  2765  2765 E [binder][0x218855fe47aa][19:18:00.104055] qca6750: [2765:E:HDD] __wlan_hdd_cfg80211_stats_ext_request: Failed to get hw stats: 6
04-21 00:47:49.385  2765  2765 E [binder][0x218858493950][19:18:02.107491] qca6750: [2765:E:DP] dp_request_rx_hw_stats: Stats already requested
04-21 00:47:49.385  2765  2765 E [binder][0x218858493d6a][19:18:02.107545] qca6750: [2765:E:HDD] __wlan_hdd_cfg80211_stats_ext_request: Failed to get hw stats: 6
04-21 00:47:50.709  2227  2227 E healthd : soc_b:87, soc:84, soc_c:84, Vol:4232, Cur:397,chg_s:1,t_l:38,b_s:2,OffTlast:240,lcd_off:1,Vu:4940,Vw:0,pid:2227,brightness:0.000000,rmCap:4155
04-21 00:47:50.710  2227  2227 E healthd : battery l=84 v=4232 t=31.0 h=2 st=2 c=397348 fc=4963000 cc=134 chg=u
04-21 00:47:50.727  2227  2227 E healthd : soc_b:87, soc:84, soc_c:84, Vol:4232, Cur:397,chg_s:1,t_l:38,b_s:2,OffTlast:241,lcd_off:1,Vu:4945,Vw:0,pid:2227,brightness:0.000000,rmCap:4155
04-21 00:47:51.123     0     0 E [    C0] [soft_i][0x21885a467dff][19: 18:03.845794] qca6750: [0:E:QDF] htc_rx_completion_handler: Received initial wake up
04-21 00:47:51.390  2765  2765 E [binder][0x21885a94aa97][19:18:04.112628] qca6750: [2765:E:DP] dp_request_rx_hw_stats: Stats already requested
04-21 00:47:51.390  2765  2765 E [binder][0x21885a94af01][19:18:04.112686] qca6750: [2765:E:HDD] __wlan_hdd_cfg80211_stats_ext_request: Failed to get hw stats: 6
04-21 00:47:53.395  2765  2765 E [binder][0x21885ce00c5b][19:18:06.117558] qca6750: [2765:E:DP] dp_request_rx_hw_stats: Stats already requested
04-21 00:47:53.395  2765  2765 E [binder][0x21885ce01160][19:18:06.117625] qca6750: [2765:E:HDD] __wlan_hdd_cfg80211_stats_ext_request: Failed to get hw stats: 6
04-21 00:47:55.398  2765  2765 E [binder][0x21885f2b127f][19:18:08.121266] qca6750: [2765:E:DP] dp_request_rx_hw_stats: Stats already requested
04-21 00:47:55.399  2765  2765 E [binder][0x21885f2b16dd][19:18:08.121324] qca6750: [2765:E:HDD] __wlan_hdd_cfg80211_stats_ext_request: Failed to get hw stats: 6
04-21 00:47:57.062     0     0 E [    C1] [soft_i][0x218861127d4f][19: 18:09.784984] qca6750: [0:E:QDF] htc_rx_completion_handler: Received initial wake up
04-21 00:47:57.402  2765  2765 E [binder][0x218861761d2d][19:18:10.125035] qca6750: [2765:E:DP] dp_request_rx_hw_stats: Stats already requested
04-21 00:47:57.402  2765  2765 E [binder][0x21886176211d][19:18:10.125088] qca6750: [2765:E:HDD] __wlan_hdd_cfg80211_stats_ext_request: Failed to get hw stats: 6
04-21 00:47:59.406  2765  2765 E [binder][0x218863c11b81][19:18:12.128640] qca6750: [2765:E:DP] dp_request_rx_hw_stats: Stats already requested
04-21 00:47:59.406  2765  2765 E [binder][0x218863c1209a][19:18:12.128708] qca6750: [2765:E:HDD] __wlan_hdd_cfg80211_stats_ext_request: Failed to get hw stats: 6
04-21 00:48:00.894  3752  3752 E audit   : rate limit exceeded
04-21 00:48:01.409  2765  2765 E [binder][0x2188660be8bc][19:18:14.131589] qca6750: [2765:E:DP] dp_request_rx_hw_stats: Stats already requested
04-21 00:48:01.409  2765  2765 E [binder][0x2188660beb62][19:18:14.131625] qca6750: [2765:E:HDD] __wlan_hdd_cfg80211_stats_ext_request: Failed to get hw stats: 6
04-21 00:48:03.001     0     0 E [    C1] [soft_i][0x218867de8454][19: 18:15.724278] qca6750: [0:E:QDF] htc_rx_completion_handler: Received initial wake up
04-21 00:48:03.412  2765  2765 E [binder][0x21886856d976][19:18:16.135013] qca6750: [2765:E:DP] dp_request_rx_hw_stats: Stats already requested
04-21 00:48:03.412  2765  2765 E [binder][0x21886856deb3][19:18:16.135082] qca6750: [2765:E:HDD] __wlan_hdd_cfg80211_stats_ext_request: Failed to get hw stats: 6
04-21 00:48:05.416  2765  2765 E [binder][0x21886aa1f184][19:18:18.138960] qca6750: [2765:E:DP] dp_request_rx_hw_stats: Stats already requested
04-21 00:48:05.416  2765  2765 E [binder][0x21886aa1f5e0][19:18:18.139018] qca6750: [2765:E:HDD] __wlan_hdd_cfg80211_stats_ext_request: Failed to get hw stats: 6
04-21 00:48:07.422  2765  2765 E [binder][0x21886ced83ff][19:18:20.144540] qca6750: [2765:E:DP] dp_request_rx_hw_stats: Stats already requested
04-21 00:48:07.422  2765  2765 E [binder][0x21886ced893e][19:18:20.144609] qca6750: [2765:E:HDD] __wlan_hdd_cfg80211_stats_ext_request: Failed to get hw stats: 6
04-21 00:48:09.145     0     0 E [    C1] [soft_i][0x21886ee66137][19: 18:21.867810] qca6750: [0:E:QDF] htc_rx_completion_handler: Received initial wake up
04-21 00:48:09.426  2765  2765 E [binder][0x21886f389bc8][19:18:22.148483] qca6750: [2765:E:DP] dp_request_rx_hw_stats: Stats already requested
04-21 00:48:09.426  2765  2765 E [binder][0x21886f38a09b][19:18:22.148548] qca6750: [2765:E:HDD] __wlan_hdd_cfg80211_stats_ext_request: Failed to get hw stats: 6
04-21 00:48:10.709  2227  2227 E healthd : soc_b:87, soc:84, soc_c:84, Vol:4238, Cur:468,chg_s:1,t_l:58,b_s:2,OffTlast:260,lcd_off:1,Vu:4938,Vw:0,pid:2227,brightness:0.000000,rmCap:4165
04-21 00:48:10.709  2227  2227 E healthd : battery l=84 v=4238 t=31.0 h=2 st=2 c=468761 fc=4963000 cc=134 chg=u
04-21 00:48:10.734  2227  2227 E healthd : soc_b:87, soc:84, soc_c:84, Vol:4238, Cur:468,chg_s:1,t_l:58,b_s:2,OffTlast:261,lcd_off:1,Vu:4943,Vw:0,pid:2227,brightness:0.000000,rmCap:4165
04-21 00:48:11.429  2765  2765 E [binder][0x218871837ac8][19:18:24.151670] qca6750: [2765:E:DP] dp_request_rx_hw_stats: Stats already requested
04-21 00:48:11.429  2765  2765 E [binder][0x218871837ed6][19:18:24.151724] qca6750: [2765:E:HDD] __wlan_hdd_cfg80211_stats_ext_request: Failed to get hw stats: 6
04-21 00:48:13.432  2765  2765 E [binder][0x218873ce5cc7][19:18:26.154897] qca6750: [2765:E:DP] dp_request_rx_hw_stats: Stats already requested
04-21 00:48:13.432  2765  2765 E [binder][0x218873ce6046][19:18:26.154943] qca6750: [2765:E:HDD] __wlan_hdd_cfg80211_stats_ext_request: Failed to get hw stats: 6
04-21 00:48:15.085     0     0 E [    C1] [soft_i][0x218875b27dec][19: 18:27.807393] qca6750: [0:E:QDF] htc_rx_completion_handler: Received initial wake up
04-21 00:48:15.438  2765  2765 E [binder][0x21887619e7fb][19:18:28.160379] qca6750: [2765:E:DP] dp_request_rx_hw_stats: Stats already requested
04-21 00:48:15.438  2765  2765 E [binder][0x21887619ecd0][19:18:28.160444] qca6750: [2765:E:HDD] __wlan_hdd_cfg80211_stats_ext_request: Failed to get hw stats: 6
04-21 00:48:17.139     0     0 E [    C0] [soft_i][0x2188780c3d71][19: 18:29.861360] qca6750: [0:E:QDF] htc_rx_completion_handler: Received initial wake up
04-21 00:48:17.443  2765  2765 E [binder][0x218878657d9c][19:18:30.166001] qca6750: [2765:E:DP] dp_request_rx_hw_stats: Stats already requested
04-21 00:48:17.443  2765  2765 E [binder][0x2188786582a1][19:18:30.166068] qca6750: [2765:E:HDD] __wlan_hdd_cfg80211_stats_ext_request: Failed to get hw stats: 6
04-21 00:48:19.289     0     0 E [    C0] [soft_i][0x21887a825be4][19: 18:32.012165] qca6750: [0:E:QDF] htc_rx_completion_handler: Received initial wake up
04-21 00:48:19.447  2765  2765 E [binder][0x21887ab08ab9][19:18:32.169803] qca6750: [2765:E:DP] dp_request_rx_hw_stats: Stats already requested
04-21 00:48:19.447  2765  2765 E [binder][0x21887ab08edf][19:18:32.169858] qca6750: [2765:E:HDD] __wlan_hdd_cfg80211_stats_ext_request: Failed to get hw stats: 6
04-21 00:48:21.024     0     0 E [    C1] [soft_i][0x21887c7e8548][19: 18:33.746691] qca6750: [0:E:QDF] htc_rx_completion_handler: Received initial wake up
04-21 00:48:21.453  2765  2765 E [binder][0x21887cfc3b20][19:18:34.175781] qca6750: [2765:E:DP] dp_request_rx_hw_stats: Stats already requested
04-21 00:48:21.453  2765  2765 E [binder][0x21887cfc4011][19:18:34.175847] qca6750: [2765:E:HDD] __wlan_hdd_cfg80211_stats_ext_request: Failed to get hw stats: 6
04-21 00:48:23.457  2765  2765 E [binder][0x21887f473db3][19:18:36.179442] qca6750: [2765:E:DP] dp_request_rx_hw_stats: Stats already requested
04-21 00:48:23.457  2765  2765 E [binder][0x21887f474441][19:18:36.179530] qca6750: [2765:E:HDD] __wlan_hdd_cfg80211_stats_ext_request: Failed to get hw stats: 6
04-21 00:48:25.462  2765  2765 E [binder][0x21888192b8e2][19:18:38.184711] qca6750: [2765:E:DP] dp_request_rx_hw_stats: Stats already requested
04-21 00:48:25.462  2765  2765 E [binder][0x21888192bdfa][19:18:38.184779] qca6750: [2765:E:HDD] __wlan_hdd_cfg80211_stats_ext_request: Failed to get hw stats: 6
04-21 00:48:27.168     0     0 E [    C1] [soft_i][0x218883868416][19: 18:39.890675] qca6750: [0:E:QDF] htc_rx_completion_handler: Received initial wake up
04-21 00:48:27.466  2765  2765 E [binder][0x218883dde3a7][19:18:40.188908] qca6750: [2765:E:DP] dp_request_rx_hw_stats: Stats already requested
04-21 00:48:27.466  2765  2765 E [binder][0x218883dde8d7][19:18:40.188977] qca6750: [2765:E:HDD] __wlan_hdd_cfg80211_stats_ext_request: Failed to get hw stats: 6
04-21 00:48:29.469  2765  2765 E [binder][0x21888628ca1b][19:18:42.192194] qca6750: [2765:E:DP] dp_request_rx_hw_stats: Stats already requested
04-21 00:48:29.469  2765  2765 E [binder][0x21888628cf4d][19:18:42.192264] qca6750: [2765:E:HDD] __wlan_hdd_cfg80211_stats_ext_request: Failed to get hw stats: 6
04-21 00:48:30.707  2227  2227 E healthd : soc_b:87, soc:84, soc_c:84, Vol:4240, Cur:471,chg_s:1,t_l:77,b_s:2,OffTlast:280,lcd_off:1,Vu:4941,Vw:0,pid:2227,brightness:0.000000,rmCap:4174
04-21 00:48:30.707  2227  2227 E healthd : battery l=84 v=4240 t=31.0 h=2 st=2 c=471508 fc=4963000 cc=134 chg=u
04-21 00:48:30.722  2227  2227 E healthd : soc_b:87, soc:84, soc_c:84, Vol:4240, Cur:471,chg_s:1,t_l:78,b_s:2,OffTlast:281,lcd_off:1,Vu:4941,Vw:0,pid:2227,brightness:0.000000,rmCap:4174
04-21 00:48:31.474  2765  2765 E [binder][0x218888741d0c][19:18:44.196927] qca6750: [2765:E:DP] dp_request_rx_hw_stats: Stats already requested
04-21 00:48:31.474  2765  2765 E [binder][0x2188887426aa][19:18:44.197055] qca6750: [2765:E:HDD] __wlan_hdd_cfg80211_stats_ext_request: Failed to get hw stats: 6
04-21 00:48:33.107     0     0 E [    C0] [soft_i][0x21888a5288a0][19: 18:45.829935] qca6750: [0:E:QDF] htc_rx_completion_handler: Received initial wake up
04-21 00:48:33.477  2765  2765 E [binder][0x21888abee014][19:18:46.199741] qca6750: [2765:E:DP] dp_request_rx_hw_stats: Stats already requested
04-21 00:48:33.477  2765  2765 E [binder][0x21888abee2d0][19:18:46.199777] qca6750: [2765:E:HDD] __wlan_hdd_cfg80211_stats_ext_request: Failed to get hw stats: 6
04-21 00:48:35.480  2765  2765 E [binder][0x21888d09cf3f][19:18:48.203143] qca6750: [2765:E:DP] dp_request_rx_hw_stats: Stats already requested
04-21 00:48:35.481  2765  2765 E [binder][0x21888d09e35c][19:18:48.203411] qca6750: [2765:E:HDD] __wlan_hdd_cfg80211_stats_ext_request: Failed to get hw stats: 6
04-21 00:48:37.486  2765  2765 E [binder][0x21888f55640a][19:18:50.208754] qca6750: [2765:E:DP] dp_request_rx_hw_stats: Stats already requested
04-21 00:48:37.486  2765  2765 E [binder][0x21888f556949][19:18:50.208823] qca6750: [2765:E:HDD] __wlan_hdd_cfg80211_stats_ext_request: Failed to get hw stats: 6
04-21 00:48:39.046     0     0 E [    C3] [soft_i][0x2188911e8706][19: 18:51.769114] qca6750: [0:E:QDF] htc_rx_completion_handler: Received initial wake up
04-21 00:48:39.490  2765  2765 E [binder][0x218891a07a4d][19:18:52.212677] qca6750: [2765:E:DP] dp_request_rx_hw_stats: Stats already requested
04-21 00:48:39.490  2765  2765 E [binder][0x218891a07e7a][19:18:52.212733] qca6750: [2765:E:HDD] __wlan_hdd_cfg80211_stats_ext_request: Failed to get hw stats: 6
04-21 00:48:40.690 15586 15586 E BATTERY_CHG: handle_message: adsp_to_kernel_log:key_info:battid:99028 pump_chip:8582,buck_chip:89601,pump_en:0,buck_en:0,ovp:0,fcc:7380,fv:4500,icl:500,ibus_ma:453,usb_sus:0,BattInit:1,chg_type:2,soc:8411,real_cap:4963000,plug_in:1,plugGpio:0,usbTemp:0,battTemp:0,nt_cc_enable:4,2646:01,2654:7b,2606:83,2708:0a,2952:0a,2658:b4,2707:0a,2b09:a3,280c:08,280d:08,2910:11,2940:00,2941:00,270b:e2,4f46:80,2954:00,
04-21 00:48:41.495  2765  2765 E [binder][0x218893ebfa7f][19:18:54.218013] qca6750: [2765:E:DP] dp_request_rx_hw_stats: Stats already requested
04-21 00:48:41.495  2765  2765 E [binder][0x218893ec00b3][19:18:54.218096] qca6750: [2765:E:HDD] __wlan_hdd_cfg80211_stats_ext_request: Failed to get hw stats: 6
04-21 00:48:42.359 23208 23208 E ipa_pm_handle_suspend: 1280 Client IPA_CLIENT_APPS_WAN_CONS woke up the system
04-21 00:48:43.500  2765  2765 E [binder][0x218896377318][19:18:56.223248] qca6750: [2765:E:DP] dp_request_rx_hw_stats: Stats already requested
04-21 00:48:43.501  2765  2765 E [binder][0x218896377ceb][19:18:56.223378] qca6750: [2765:E:HDD] __wlan_hdd_cfg80211_stats_ext_request: Failed to get hw stats: 6
04-21 00:48:45.190     0     0 E [    C0] [soft_i][0x218898269226][19: 18:57.913262] qca6750: [0:E:QDF] htc_rx_completion_handler: Received initial wake up
04-21 00:48:45.503  2765  2765 E [binder][0x21889882288f][19:18:58.225880] qca6750: [2765:E:DP] dp_request_rx_hw_stats: Stats already requested
04-21 00:48:45.503  2765  2765 E [binder][0x218898822b5d][19:18:58.225918] qca6750: [2765:E:HDD] __wlan_hdd_cfg80211_stats_ext_request: Failed to get hw stats: 6
04-21 00:48:47.505  2765  2765 E [binder][0x21889acca1f4][19:19:00.227712] qca6750: [2765:E:DP] dp_request_rx_hw_stats: Stats already requested
04-21 00:48:47.505  2765  2765 E [binder][0x21889acca48c][19:19:00.227747] qca6750: [2765:E:HDD] __wlan_hdd_cfg80211_stats_ext_request: Failed to get hw stats: 6
04-21 00:48:47.597     0     0 E [    C0] [soft_i][0x21889ae7794d][19: 19:00.319331] qca6750: [0:E:DP] dp_tx_update_peer_stats: Release source:3 is not from TQM
04-21 00:48:49.508  2765  2765 E [binder][0x21889d17882b][19:19:02.230995] qca6750: [2765:E:DP] dp_request_rx_hw_stats: Stats already requested
04-21 00:48:49.508  2765  2765 E [binder][0x21889d178c53][19:19:02.231051] qca6750: [2765:E:HDD] __wlan_hdd_cfg80211_stats_ext_request: Failed to get hw stats: 6
04-21 00:48:50.708  2227  2227 E healthd : soc_b:87, soc:84, soc_c:84, Vol:4239, Cur:465,chg_s:1,t_l:97,b_s:2,OffTlast:300,lcd_off:1,Vu:4942,Vw:0,pid:2227,brightness:0.000000,rmCap:4182
04-21 00:48:50.708  2227  2227 E healthd : battery l=84 v=4239 t=31.0 h=2 st=2 c=465099 fc=4963000 cc=134 chg=u
04-21 00:48:50.722  2227  2227 E healthd : soc_b:87, soc:84, soc_c:84, Vol:4239, Cur:465,chg_s:1,t_l:98,b_s:2,OffTlast:301,lcd_off:1,Vu:4942,Vw:0,pid:2227,brightness:0.000000,rmCap:4182
04-21 00:48:51.130     0     0 E [    C0] [soft_i][0x21889ef28d9a][19: 19:03.852402] qca6750: [0:E:QDF] htc_rx_completion_handler: Received initial wake up
04-21 00:48:51.513  2765  2765 E [binder][0x21889f62fd78][19:19:04.236186] qca6750: [2765:E:DP] dp_request_rx_hw_stats: Stats already requested
04-21 00:48:51.513  2765  2765 E [binder][0x21889f63024f][19:19:04.236250] qca6750: [2765:E:HDD] __wlan_hdd_cfg80211_stats_ext_request: Failed to get hw stats: 6
04-21 00:48:53.519  2765  2765 E [binder][0x2188a1ae6cdc][19:19:06.241298] qca6750: [2765:E:DP] dp_request_rx_hw_stats: Stats already requested
04-21 00:48:53.519  2765  2765 E [binder][0x2188a1ae71ed][19:19:06.241365] qca6750: [2765:E:HDD] __wlan_hdd_cfg80211_stats_ext_request: Failed to get hw stats: 6
04-21 00:48:55.129     0     0 E [    C2] [soft_i][0x2188a3863cb5][19: 19:07.851750] qca6750: [0:E:QDF] htc_rx_completion_handler: Received initial wake up
04-21 00:48:55.520  2765  2765 E [binder][0x2188a3f8e702][19:19:08.243140] qca6750: [2765:E:DP] dp_request_rx_hw_stats: Stats already requested
04-21 00:48:55.520  2765  2765 E [binder][0x2188a3f8f270][19:19:08.243292] qca6750: [2765:E:HDD] __wlan_hdd_cfg80211_stats_ext_request: Failed to get hw stats: 6
04-21 00:48:57.069     0     0 E [    C0] [soft_i][0x2188a5be851b][19: 19:09.791488] qca6750: [0:E:QDF] htc_rx_completion_handler: Received initial wake up
04-21 00:48:57.524  2765  2765 E [binder][0x2188a643ea90][19:19:10.246814] qca6750: [2765:E:DP] dp_request_rx_hw_stats: Stats already requested
04-21 00:48:57.524  2765  2765 E [binder][0x2188a643ee62][19:19:10.246865] qca6750: [2765:E:HDD] __wlan_hdd_cfg80211_stats_ext_request: Failed to get hw stats: 6
04-21 00:48:59.529  2765  2765 E [binder][0x2188a88f6e14][19:19:12.252194] qca6750: [2765:E:DP] dp_request_rx_hw_stats: Stats already requested
04-21 00:48:59.529  2765  2765 E [binder][0x2188a88f7361][19:19:12.252265] qca6750: [2765:E:HDD] __wlan_hdd_cfg80211_stats_ext_request: Failed to get hw stats: 6
04-21 00:49:01.534  2765  2765 E [binder][0x2188aada9e0c][19:19:14.256460] qca6750: [2765:E:DP] dp_request_rx_hw_stats: Stats already requested
04-21 00:49:01.534  2765  2765 E [binder][0x2188aadaa305][19:19:14.256526] qca6750: [2765:E:HDD] __wlan_hdd_cfg80211_stats_ext_request: Failed to get hw stats: 6
04-21 00:49:03.008     0     0 E [    C2] [soft_i][0x2188ac8a87f8][19: 19:15.730726] qca6750: [0:E:QDF] htc_rx_completion_handler: Received initial wake up
04-21 00:49:03.537  2765  2765 E [binder][0x2188ad25a4cb][19:19:16.260177] qca6750: [2765:E:DP] dp_request_rx_hw_stats: Stats already requested
04-21 00:49:03.537  2765  2765 E [binder][0x2188ad25a8c5][19:19:16.260230] qca6750: [2765:E:HDD] __wlan_hdd_cfg80211_stats_ext_request: Failed to get hw stats: 6
04-21 00:49:05.543  2765  2765 E [binder][0x2188af712d66][19:19:18.265625] qca6750: [2765:E:DP] dp_request_rx_hw_stats: Stats already requested
